46.193.5.0 - - [03/Jun/2023:23:14:39 +0200] "GET /users.php HTTP/1.1" 200 3113 www.swapmarket.fr "https://www.swapmarket.fr/index.php" "Mozilla/5.0 (Windows NT 10.0; Win64; x64) AppleWebKit/537.36 (KHTML, like Gecko) Chrome/114.0.0.0 Safari/537.36" "-"
46.193.5.0 - - [03/Jun/2023:23:14:39 +0200] "GET /php/images/profile_picture/1685826751Snapchat-1441458292.jpg HTTP/1.1" 304 - www.swapmarket.fr "https://www.swapmarket.fr/users.php" "Mozilla/5.0 (Windows NT 10.0; Win64; x64) AppleWebKit/537.36 (KHTML, like Gecko) Chrome/114.0.0.0 Safari/537.36" "-"
2a04:cec0:1100:: - - [03/Jun/2023:23:14:39 +0200] "GET /php/users.php HTTP/1.1" 200 2407 swapmarket.fr "https://swapmarket.fr/users.php" "Mozilla/5.0 (Linux; Android 10; K) AppleWebKit/537.36 (KHTML, like Gecko) Chrome/113.0.0.0 Mobile Safari/537.36" "-"
46.193.5.0 - - [03/Jun/2023:23:14:39 +0200] "GET /favicon.ico HTTP/1.1" 500 645 www.swapmarket.fr "https://www.swapmarket.fr/users.php" "Mozilla/5.0 (Windows NT 10.0; Win64; x64) AppleWebKit/537.36 (KHTML, like Gecko) Chrome/114.0.0.0 Safari/537.36" "-"
46.193.5.0 - - [03/Jun/2023:23:14:40 +0200] "GET /php/users.php HTTP/1.1" 200 2393 www.swapmarket.fr "https://www.swapmarket.fr/users.php" "Mozilla/5.0 (Windows NT 10.0; Win64; x64) AppleWebKit/537.36 (KHTML, like Gecko) Chrome/114.0.0.0 Safari/537.36" "-"
2a04:cec0:1100:: - - [03/Jun/2023:23:14:40 +0200] "GET /php/users.php HTTP/1.1" 200 2407 swapmarket.fr "https://swapmarket.fr/users.php" "Mozilla/5.0 (Linux; Android 10; K) AppleWebKit/537.36 (KHTML, like Gecko) Chrome/113.0.0.0 Mobile Safari/537.36" "-"
46.193.5.0 - - [03/Jun/2023:23:14:40 +0200] "GET /php/users.php HTTP/1.1" 200 2393 www.swapmarket.fr "https://www.swapmarket.fr/users.php" "Mozilla/5.0 (Windows NT 10.0; Win64; x64) AppleWebKit/537.36 (KHTML, like Gecko) Chrome/114.0.0.0 Safari/537.36" "-"
46.193.5.0 - - [03/Jun/2023:23:14:41 +0200] "GET /php/users.php HTTP/1.1" 200 2393 www.swapmarket.fr "https://www.swapmarket.fr/users.php" "Mozilla/5.0 (Windows NT 10.0; Win64; x64) AppleWebKit/537.36 (KHTML, like Gecko) Chrome/114.0.0.0 Safari/537.36" "-"
2a04:cec0:1100:: - - [03/Jun/2023:23:14:41 +0200] "GET /php/users.php HTTP/1.1" 200 2407 swapmarket.fr "https://swapmarket.fr/users.php" "Mozilla/5.0 (Linux; Android 10; K) AppleWebKit/537.36 (KHTML, like Gecko) Chrome/113.0.0.0 Mobile Safari/537.36" "-"
46.193.5.0 - - [03/Jun/2023:23:14:41 +0200] "GET /php/users.php HTTP/1.1" 200 2393 www.swapmarket.fr "https://www.swapmarket.fr/users.php" "Mozilla/5.0 (Windows NT 10.0; Win64; x64) AppleWebKit/537.36 (KHTML, like Gecko) Chrome/114.0.0.0 Safari/537.36" "-"
46.193.5.0 - - [03/Jun/2023:23:14:42 +0200] "GET /php/users.php HTTP/1.1" 200 2393 www.swapmarket.fr "https://www.swapmarket.fr/users.php" "Mozilla/5.0 (Windows NT 10.0; Win64; x64) AppleWebKit/537.36 (KHTML, like Gecko) Chrome/114.0.0.0 Safari/537.36" "-"
2a04:cec0:1100:: - - [03/Jun/2023:23:14:42 +0200] "GET /php/users.php HTTP/1.1" 200 2407 swapmarket.fr "https://swapmarket.fr/users.php" "Mozilla/5.0 (Linux; Android 10; K) AppleWebKit/537.36 (KHTML, like Gecko) Chrome/113.0.0.0 Mobile Safari/537.36" "-"
46.193.5.0 - - [03/Jun/2023:23:14:42 +0200] "GET /php/users.php HTTP/1.1" 200 2393 www.swapmarket.fr "https://www.swapmarket.fr/users.php" "Mozilla/5.0 (Windows NT 10.0; Win64; x64) AppleWebKit/537.36 (KHTML, like Gecko) Chrome/114.0.0.0 Safari/537.36" "-"
46.193.5.0 - - [03/Jun/2023:23:14:43 +0200] "GET /php/users.php HTTP/1.1" 200 2393 www.swapmarket.fr "https://www.swapmarket.fr/users.php" "Mozilla/5.0 (Windows NT 10.0; Win64; x64) AppleWebKit/537.36 (KHTML, like Gecko) Chrome/114.0.0.0 Safari/537.36" "-"
2a04:cec0:1100:: - - [03/Jun/2023:23:14:43 +0200] "GET /php/users.php HTTP/1.1" 200 2407 swapmarket.fr "https://swapmarket.fr/users.php" "Mozilla/5.0 (Linux; Android 10; K) AppleWebKit/537.36 (KHTML, like Gecko) Chrome/113.0.0.0 Mobile Safari/537.36" "-"
46.193.5.0 - - [03/Jun/2023:23:14:43 +0200] "GET /php/users.php HTTP/1.1" 200 2393 www.swapmarket.fr "https://www.swapmarket.fr/users.php" "Mozilla/5.0 (Windows NT 10.0; Win64; x64) AppleWebKit/537.36 (KHTML, like Gecko) Chrome/114.0.0.0 Safari/537.36" "-"
46.193.5.0 - - [03/Jun/2023:23:14:43 +0200] "GET /index.php HTTP/1.1" 200 6829 www.swapmarket.fr "https://www.swapmarket.fr/users.php" "Mozilla/5.0 (Windows NT 10.0; Win64; x64) AppleWebKit/537.36 (KHTML, like Gecko) Chrome/114.0.0.0 Safari/537.36" "-"
46.193.5.0 - - [03/Jun/2023:23:14:44 +0200] "GET /favicon.ico HTTP/1.1" 500 645 www.swapmarket.fr "https://www.swapmarket.fr/index.php" "Mozilla/5.0 (Windows NT 10.0; Win64; x64) AppleWebKit/537.36 (KHTML, like Gecko) Chrome/114.0.0.0 Safari/537.36" "-"
2a04:cec0:1100:: - - [03/Jun/2023:23:14:44 +0200] "GET /php/users.php HTTP/1.1" 200 2407 swapmarket.fr "https://swapmarket.fr/users.php" "Mozilla/5.0 (Linux; Android 10; K) AppleWebKit/537.36 (KHTML, like Gecko) Chrome/113.0.0.0 Mobile Safari/537.36" "-"
2a04:cec0:1100:: - - [03/Jun/2023:23:14:45 +0200] "GET /php/users.php HTTP/1.1" 200 2407 swapmarket.fr "https://swapmarket.fr/users.php" "Mozilla/5.0 (Linux; Android 10; K) AppleWebKit/537.36 (KHTML, like Gecko) Chrome/113.0.0.0 Mobile Safari/537.36" "-"
2a04:cec0:1100:: - - [03/Jun/2023:23:14:46 +0200] "GET /php/users.php HTTP/1.1" 200 2407 swapmarket.fr "https://swapmarket.fr/users.php" "Mozilla/5.0 (Linux; Android 10; K) AppleWebKit/537.36 (KHTML, like Gecko) Chrome/113.0.0.0 Mobile Safari/537.36" "-"
2a04:cec0:1100:: - - [03/Jun/2023:23:14:47 +0200] "GET /php/users.php HTTP/1.1" 200 2407 swapmarket.fr "https://swapmarket.fr/users.php" "Mozilla/5.0 (Linux; Android 10; K) AppleWebKit/537.36 (KHTML, like Gecko) Chrome/113.0.0.0 Mobile Safari/537.36" "-"
2a04:cec0:1100:: - - [03/Jun/2023:23:14:48 +0200] "GET /php/users.php HTTP/1.1" 200 2407 swapmarket.fr "https://swapmarket.fr/users.php" "Mozilla/5.0 (Linux; Android 10; K) AppleWebKit/537.36 (KHTML, like Gecko) Chrome/113.0.0.0 Mobile Safari/537.36" "-"
2a04:cec0:1100:: - - [03/Jun/2023:23:14:49 +0200] "GET /php/users.php HTTP/1.1" 200 2407 swapmarket.fr "https://swapmarket.fr/users.php" "Mozilla/5.0 (Linux; Android 10; K) AppleWebKit/537.36 (KHTML, like Gecko) Chrome/113.0.0.0 Mobile Safari/537.36" "-"
2a04:cec0:1100:: - - [03/Jun/2023:23:14:50 +0200] "GET /php/users.php HTTP/1.1" 200 2407 swapmarket.fr "https://swapmarket.fr/users.php" "Mozilla/5.0 (Linux; Android 10; K) AppleWebKit/537.36 (KHTML, like Gecko) Chrome/113.0.0.0 Mobile Safari/537.36" "-"
2a04:cec0:1100:: - - [03/Jun/2023:23:14:51 +0200] "GET /php/users.php HTTP/1.1" 200 2407 swapmarket.fr "https://swapmarket.fr/users.php" "Mozilla/5.0 (Linux; Android 10; K) AppleWebKit/537.36 (KHTML, like Gecko) Chrome/113.0.0.0 Mobile Safari/537.36" "-"
46.193.5.0 - - [03/Jun/2023:23:14:52 +0200] "GET /users.php HTTP/1.1" 200 3113 www.swapmarket.fr "https://www.swapmarket.fr/index.php" "Mozilla/5.0 (Windows NT 10.0; Win64; x64) AppleWebKit/537.36 (KHTML, like Gecko) Chrome/114.0.0.0 Safari/537.36" "-"
46.193.5.0 - - [03/Jun/2023:23:14:52 +0200] "GET /php/images/profile_picture/1685826751Snapchat-1441458292.jpg HTTP/1.1" 304 - www.swapmarket.fr "https://www.swapmarket.fr/users.php" "Mozilla/5.0 (Windows NT 10.0; Win64; x64) AppleWebKit/537.36 (KHTML, like Gecko) Chrome/114.0.0.0 Safari/537.36" "-"
46.193.5.0 - - [03/Jun/2023:23:14:52 +0200] "GET /favicon.ico HTTP/1.1" 500 645 www.swapmarket.fr "https://www.swapmarket.fr/users.php" "Mozilla/5.0 (Windows NT 10.0; Win64; x64) AppleWebKit/537.36 (KHTML, like Gecko) Chrome/114.0.0.0 Safari/537.36" "-"
2a04:cec0:1100:: - - [03/Jun/2023:23:14:52 +0200] "GET /php/users.php HTTP/1.1" 200 2407 swapmarket.fr "https://swapmarket.fr/users.php" "Mozilla/5.0 (Linux; Android 10; K) AppleWebKit/537.36 (KHTML, like Gecko) Chrome/113.0.0.0 Mobile Safari/537.36" "-"
46.193.5.0 - - [03/Jun/2023:23:14:52 +0200] "GET /php/users.php HTTP/1.1" 200 2393 www.swapmarket.fr "https://www.swapmarket.fr/users.php" "Mozilla/5.0 (Windows NT 10.0; Win64; x64) AppleWebKit/537.36 (KHTML, like Gecko) Chrome/114.0.0.0 Safari/537.36" "-"
46.193.5.0 - - [03/Jun/2023:23:14:53 +0200] "GET /php/users.php HTTP/1.1" 200 2393 www.swapmarket.fr "https://www.swapmarket.fr/users.php" "Mozilla/5.0 (Windows NT 10.0; Win64; x64) AppleWebKit/537.36 (KHTML, like Gecko) Chrome/114.0.0.0 Safari/537.36" "-"
2a04:cec0:1100:: - - [03/Jun/2023:23:14:53 +0200] "GET /php/users.php HTTP/1.1" 200 2407 swapmarket.fr "https://swapmarket.fr/users.php" "Mozilla/5.0 (Linux; Android 10; K) AppleWebKit/537.36 (KHTML, like Gecko) Chrome/113.0.0.0 Mobile Safari/537.36" "-"
46.193.5.0 - - [03/Jun/2023:23:14:53 +0200] "GET /php/users.php HTTP/1.1" 200 2393 www.swapmarket.fr "https://www.swapmarket.fr/users.php" "Mozilla/5.0 (Windows NT 10.0; Win64; x64) AppleWebKit/537.36 (KHTML, like Gecko) Chrome/114.0.0.0 Safari/537.36" "-"
46.193.5.0 - - [03/Jun/2023:23:14:54 +0200] "GET /php/users.php HTTP/1.1" 200 2393 www.swapmarket.fr "https://www.swapmarket.fr/users.php" "Mozilla/5.0 (Windows NT 10.0; Win64; x64) AppleWebKit/537.36 (KHTML, like Gecko) Chrome/114.0.0.0 Safari/537.36" "-"
2a04:cec0:1100:: - - [03/Jun/2023:23:14:54 +0200] "GET /php/users.php HTTP/1.1" 200 2407 swapmarket.fr "https://swapmarket.fr/users.php" "Mozilla/5.0 (Linux; Android 10; K) AppleWebKit/537.36 (KHTML, like Gecko) Chrome/113.0.0.0 Mobile Safari/537.36" "-"
46.193.5.0 - - [03/Jun/2023:23:14:54 +0200] "GET /php/users.php HTTP/1.1" 200 2393 www.swapmarket.fr "https://www.swapmarket.fr/users.php" "Mozilla/5.0 (Windows NT 10.0; Win64; x64) AppleWebKit/537.36 (KHTML, like Gecko) Chrome/114.0.0.0 Safari/537.36" "-"
46.193.5.0 - - [03/Jun/2023:23:14:55 +0200] "GET /php/users.php HTTP/1.1" 200 2393 www.swapmarket.fr "https://www.swapmarket.fr/users.php" "Mozilla/5.0 (Windows NT 10.0; Win64; x64) AppleWebKit/537.36 (KHTML, like Gecko) Chrome/114.0.0.0 Safari/537.36" "-"
2a04:cec0:1100:: - - [03/Jun/2023:23:14:55 +0200] "GET /php/users.php HTTP/1.1" 200 2407 swapmarket.fr "https://swapmarket.fr/users.php" "Mozilla/5.0 (Linux; Android 10; K) AppleWebKit/537.36 (KHTML, like Gecko) Chrome/113.0.0.0 Mobile Safari/537.36" "-"
46.193.5.0 - - [03/Jun/2023:23:14:55 +0200] "GET /php/users.php HTTP/1.1" 200 2393 www.swapmarket.fr "https://www.swapmarket.fr/users.php" "Mozilla/5.0 (Windows NT 10.0; Win64; x64) AppleWebKit/537.36 (KHTML, like Gecko) Chrome/114.0.0.0 Safari/537.36" "-"
46.193.5.0 - - [03/Jun/2023:23:14:56 +0200] "GET /php/users.php HTTP/1.1" 200 2393 www.swapmarket.fr "https://www.swapmarket.fr/users.php" "Mozilla/5.0 (Windows NT 10.0; Win64; x64) AppleWebKit/537.36 (KHTML, like Gecko) Chrome/114.0.0.0 Safari/537.36" "-"
2a04:cec0:1100:: - - [03/Jun/2023:23:14:56 +0200] "GET /php/users.php HTTP/1.1" 200 2407 swapmarket.fr "https://swapmarket.fr/users.php" "Mozilla/5.0 (Linux; Android 10; K) AppleWebKit/537.36 (KHTML, like Gecko) Chrome/113.0.0.0 Mobile Safari/537.36" "-"
46.193.5.0 - - [03/Jun/2023:23:14:56 +0200] "GET /php/users.php HTTP/1.1" 200 2393 www.swapmarket.fr "https://www.swapmarket.fr/users.php" "Mozilla/5.0 (Windows NT 10.0; Win64; x64) AppleWebKit/537.36 (KHTML, like Gecko) Chrome/114.0.0.0 Safari/537.36" "-"
46.193.5.0 - - [03/Jun/2023:23:14:57 +0200] "GET /php/users.php HTTP/1.1" 200 2393 www.swapmarket.fr "https://www.swapmarket.fr/users.php" "Mozilla/5.0 (Windows NT 10.0; Win64; x64) AppleWebKit/537.36 (KHTML, like Gecko) Chrome/114.0.0.0 Safari/537.36" "-"
2a04:cec0:1100:: - - [03/Jun/2023:23:14:57 +0200] "GET /php/users.php HTTP/1.1" 200 2407 swapmarket.fr "https://swapmarket.fr/users.php" "Mozilla/5.0 (Linux; Android 10; K) AppleWebKit/537.36 (KHTML, like Gecko) Chrome/113.0.0.0 Mobile Safari/537.36" "-"
46.193.5.0 - - [03/Jun/2023:23:14:57 +0200] "GET /php/users.php HTTP/1.1" 200 2393 www.swapmarket.fr "https://www.swapmarket.fr/users.php" "Mozilla/5.0 (Windows NT 10.0; Win64; x64) AppleWebKit/537.36 (KHTML, like Gecko) Chrome/114.0.0.0 Safari/537.36" "-"
46.193.5.0 - - [03/Jun/2023:23:14:58 +0200] "GET /php/users.php HTTP/1.1" 200 2393 www.swapmarket.fr "https://www.swapmarket.fr/users.php" "Mozilla/5.0 (Windows NT 10.0; Win64; x64) AppleWebKit/537.36 (KHTML, like Gecko) Chrome/114.0.0.0 Safari/537.36" "-"
2a04:cec0:1100:: - - [03/Jun/2023:23:14:58 +0200] "GET /php/users.php HTTP/1.1" 200 2407 swapmarket.fr "https://swapmarket.fr/users.php" "Mozilla/5.0 (Linux; Android 10; K) AppleWebKit/537.36 (KHTML, like Gecko) Chrome/113.0.0.0 Mobile Safari/537.36" "-"
2a04:cec0:1100:: - - [03/Jun/2023:23:14:58 +0200] "GET /php/users.php HTTP/1.1" 200 2407 swapmarket.fr "https://swapmarket.fr/users.php" "Mozilla/5.0 (Linux; Android 10; K) AppleWebKit/537.36 (KHTML, like Gecko) Chrome/113.0.0.0 Mobile Safari/537.36" "-"
46.193.5.0 - - [03/Jun/2023:23:14:58 +0200] "GET /php/users.php HTTP/1.1" 200 2393 www.swapmarket.fr "https://www.swapmarket.fr/users.php" "Mozilla/5.0 (Windows NT 10.0; Win64; x64) AppleWebKit/537.36 (KHTML, like Gecko) Chrome/114.0.0.0 Safari/537.36" "-"
2a04:cec0:1100:: - - [03/Jun/2023:23:14:59 +0200] "GET /php/users.php HTTP/1.1" 200 2407 swapmarket.fr "https://swapmarket.fr/users.php" "Mozilla/5.0 (Linux; Android 10; K) AppleWebKit/537.36 (KHTML, like Gecko) Chrome/113.0.0.0 Mobile Safari/537.36" "-"
46.193.5.0 - - [03/Jun/2023:23:14:59 +0200] "GET /php/users.php HTTP/1.1" 200 2393 www.swapmarket.fr "https://www.swapmarket.fr/users.php" "Mozilla/5.0 (Windows NT 10.0; Win64; x64) AppleWebKit/537.36 (KHTML, like Gecko) Chrome/114.0.0.0 Safari/537.36" "-"
2a04:cec0:1100:: - - [03/Jun/2023:23:14:59 +0200] "GET /php/users.php HTTP/1.1" 200 2407 swapmarket.fr "https://swapmarket.fr/users.php" "Mozilla/5.0 (Linux; Android 10; K) AppleWebKit/537.36 (KHTML, like Gecko) Chrome/113.0.0.0 Mobile Safari/537.36" "-"
46.193.5.0 - - [03/Jun/2023:23:14:59 +0200] "GET /php/users.php HTTP/1.1" 200 2393 www.swapmarket.fr "https://www.swapmarket.fr/users.php" "Mozilla/5.0 (Windows NT 10.0; Win64; x64) AppleWebKit/537.36 (KHTML, like Gecko) Chrome/114.0.0.0 Safari/537.36" "-"
2a04:cec0:1100:: - - [03/Jun/2023:23:15:00 +0200] "GET /php/users.php HTTP/1.1" 200 2407 swapmarket.fr "https://swapmarket.fr/users.php" "Mozilla/5.0 (Linux; Android 10; K) AppleWebKit/537.36 (KHTML, like Gecko) Chrome/113.0.0.0 Mobile Safari/537.36" "-"
46.193.5.0 - - [03/Jun/2023:23:15:00 +0200] "GET /php/users.php HTTP/1.1" 200 2393 www.swapmarket.fr "https://www.swapmarket.fr/users.php" "Mozilla/5.0 (Windows NT 10.0; Win64; x64) AppleWebKit/537.36 (KHTML, like Gecko) Chrome/114.0.0.0 Safari/537.36" "-"
2a04:cec0:1100:: - - [03/Jun/2023:23:15:00 +0200] "GET /php/users.php HTTP/1.1" 200 2407 swapmarket.fr "https://swapmarket.fr/users.php" "Mozilla/5.0 (Linux; Android 10; K) AppleWebKit/537.36 (KHTML, like Gecko) Chrome/113.0.0.0 Mobile Safari/537.36" "-"
46.193.5.0 - - [03/Jun/2023:23:15:00 +0200] "GET /php/users.php HTTP/1.1" 200 2393 www.swapmarket.fr "https://www.swapmarket.fr/users.php" "Mozilla/5.0 (Windows NT 10.0; Win64; x64) AppleWebKit/537.36 (KHTML, like Gecko) Chrome/114.0.0.0 Safari/537.36" "-"
2a04:cec0:1100:: - - [03/Jun/2023:23:15:01 +0200] "GET /php/users.php HTTP/1.1" 200 2407 swapmarket.fr "https://swapmarket.fr/users.php" "Mozilla/5.0 (Linux; Android 10; K) AppleWebKit/537.36 (KHTML, like Gecko) Chrome/113.0.0.0 Mobile Safari/537.36" "-"
46.193.5.0 - - [03/Jun/2023:23:15:01 +0200] "GET /php/users.php HTTP/1.1" 200 2393 www.swapmarket.fr "https://www.swapmarket.fr/users.php" "Mozilla/5.0 (Windows NT 10.0; Win64; x64) AppleWebKit/537.36 (KHTML, like Gecko) Chrome/114.0.0.0 Safari/537.36" "-"
2a04:cec0:1100:: - - [03/Jun/2023:23:15:01 +0200] "GET /php/users.php HTTP/1.1" 200 2407 swapmarket.fr "https://swapmarket.fr/users.php" "Mozilla/5.0 (Linux; Android 10; K) AppleWebKit/537.36 (KHTML, like Gecko) Chrome/113.0.0.0 Mobile Safari/537.36" "-"
46.193.5.0 - - [03/Jun/2023:23:15:01 +0200] "GET /php/users.php HTTP/1.1" 200 2393 www.swapmarket.fr "https://www.swapmarket.fr/users.php" "Mozilla/5.0 (Windows NT 10.0; Win64; x64) AppleWebKit/537.36 (KHTML, like Gecko) Chrome/114.0.0.0 Safari/537.36" "-"
2a04:cec0:1100:: - - [03/Jun/2023:23:15:02 +0200] "GET /php/users.php HTTP/1.1" 200 2407 swapmarket.fr "https://swapmarket.fr/users.php" "Mozilla/5.0 (Linux; Android 10; K) AppleWebKit/537.36 (KHTML, like Gecko) Chrome/113.0.0.0 Mobile Safari/537.36" "-"
46.193.5.0 - - [03/Jun/2023:23:15:02 +0200] "GET /php/users.php HTTP/1.1" 200 2393 www.swapmarket.fr "https://www.swapmarket.fr/users.php" "Mozilla/5.0 (Windows NT 10.0; Win64; x64) AppleWebKit/537.36 (KHTML, like Gecko) Chrome/114.0.0.0 Safari/537.36" "-"
2a04:cec0:1100:: - - [03/Jun/2023:23:15:02 +0200] "GET /php/users.php HTTP/1.1" 200 2407 swapmarket.fr "https://swapmarket.fr/users.php" "Mozilla/5.0 (Linux; Android 10; K) AppleWebKit/537.36 (KHTML, like Gecko) Chrome/113.0.0.0 Mobile Safari/537.36" "-"
46.193.5.0 - - [03/Jun/2023:23:15:02 +0200] "GET /php/users.php HTTP/1.1" 200 2393 www.swapmarket.fr "https://www.swapmarket.fr/users.php" "Mozilla/5.0 (Windows NT 10.0; Win64; x64) AppleWebKit/537.36 (KHTML, like Gecko) Chrome/114.0.0.0 Safari/537.36" "-"
2a04:cec0:1100:: - - [03/Jun/2023:23:15:03 +0200] "GET / HTTP/1.1" 200 6829 swapmarket.fr "-" "Mozilla/5.0 (Linux; Android 10; K) AppleWebKit/537.36 (KHTML, like Gecko) Chrome/113.0.0.0 Mobile Safari/537.36" "-"
46.193.5.0 - - [03/Jun/2023:23:15:03 +0200] "GET /php/users.php HTTP/1.1" 200 2393 www.swapmarket.fr "https://www.swapmarket.fr/users.php" "Mozilla/5.0 (Windows NT 10.0; Win64; x64) AppleWebKit/537.36 (KHTML, like Gecko) Chrome/114.0.0.0 Safari/537.36" "-"
2a04:cec0:1100:: - - [03/Jun/2023:23:15:03 +0200] "GET /favicon.ico HTTP/1.1" 500 645 swapmarket.fr "http://swapmarket.fr/" "Mozilla/5.0 (Linux; Android 10; K) AppleWebKit/537.36 (KHTML, like Gecko) Chrome/113.0.0.0 Mobile Safari/537.36" "-"
46.193.5.0 - - [03/Jun/2023:23:15:03 +0200] "GET /php/users.php HTTP/1.1" 200 2393 www.swapmarket.fr "https://www.swapmarket.fr/users.php" "Mozilla/5.0 (Windows NT 10.0; Win64; x64) AppleWebKit/537.36 (KHTML, like Gecko) Chrome/114.0.0.0 Safari/537.36" "-"
46.193.5.0 - - [03/Jun/2023:23:15:04 +0200] "GET /php/users.php HTTP/1.1" 200 2393 www.swapmarket.fr "https://www.swapmarket.fr/users.php" "Mozilla/5.0 (Windows NT 10.0; Win64; x64) AppleWebKit/537.36 (KHTML, like Gecko) Chrome/114.0.0.0 Safari/537.36" "-"
46.193.5.0 - - [03/Jun/2023:23:15:04 +0200] "GET /php/users.php HTTP/1.1" 200 2393 www.swapmarket.fr "https://www.swapmarket.fr/users.php" "Mozilla/5.0 (Windows NT 10.0; Win64; x64) AppleWebKit/537.36 (KHTML, like Gecko) Chrome/114.0.0.0 Safari/537.36" "-"
46.193.5.0 - - [03/Jun/2023:23:15:05 +0200] "GET /php/users.php HTTP/1.1" 200 2393 www.swapmarket.fr "https://www.swapmarket.fr/users.php" "Mozilla/5.0 (Windows NT 10.0; Win64; x64) AppleWebKit/537.36 (KHTML, like Gecko) Chrome/114.0.0.0 Safari/537.36" "-"
46.193.5.0 - - [03/Jun/2023:23:15:05 +0200] "GET /php/users.php HTTP/1.1" 200 2393 www.swapmarket.fr "https://www.swapmarket.fr/users.php" "Mozilla/5.0 (Windows NT 10.0; Win64; x64) AppleWebKit/537.36 (KHTML, like Gecko) Chrome/114.0.0.0 Safari/537.36" "-"
46.193.5.0 - - [03/Jun/2023:23:15:06 +0200] "GET /php/users.php HTTP/1.1" 200 2393 www.swapmarket.fr "https://www.swapmarket.fr/users.php" "Mozilla/5.0 (Windows NT 10.0; Win64; x64) AppleWebKit/537.36 (KHTML, like Gecko) Chrome/114.0.0.0 Safari/537.36" "-"
46.193.5.0 - - [03/Jun/2023:23:15:06 +0200] "GET /php/users.php HTTP/1.1" 200 2393 www.swapmarket.fr "https://www.swapmarket.fr/users.php" "Mozilla/5.0 (Windows NT 10.0; Win64; x64) AppleWebKit/537.36 (KHTML, like Gecko) Chrome/114.0.0.0 Safari/537.36" "-"
46.193.5.0 - - [03/Jun/2023:23:15:07 +0200] "GET /php/users.php HTTP/1.1" 200 2393 www.swapmarket.fr "https://www.swapmarket.fr/users.php" "Mozilla/5.0 (Windows NT 10.0; Win64; x64) AppleWebKit/537.36 (KHTML, like Gecko) Chrome/114.0.0.0 Safari/537.36" "-"
46.193.5.0 - - [03/Jun/2023:23:15:07 +0200] "GET /php/users.php HTTP/1.1" 200 2393 www.swapmarket.fr "https://www.swapmarket.fr/users.php" "Mozilla/5.0 (Windows NT 10.0; Win64; x64) AppleWebKit/537.36 (KHTML, like Gecko) Chrome/114.0.0.0 Safari/537.36" "-"
46.193.5.0 - - [03/Jun/2023:23:15:08 +0200] "GET /php/users.php HTTP/1.1" 200 2393 www.swapmarket.fr "https://www.swapmarket.fr/users.php" "Mozilla/5.0 (Windows NT 10.0; Win64; x64) AppleWebKit/537.36 (KHTML, like Gecko) Chrome/114.0.0.0 Safari/537.36" "-"
46.193.5.0 - - [03/Jun/2023:23:15:08 +0200] "GET /php/users.php HTTP/1.1" 200 2393 www.swapmarket.fr "https://www.swapmarket.fr/users.php" "Mozilla/5.0 (Windows NT 10.0; Win64; x64) AppleWebKit/537.36 (KHTML, like Gecko) Chrome/114.0.0.0 Safari/537.36" "-"
46.193.5.0 - - [03/Jun/2023:23:15:09 +0200] "GET /php/users.php HTTP/1.1" 200 2393 www.swapmarket.fr "https://www.swapmarket.fr/users.php" "Mozilla/5.0 (Windows NT 10.0; Win64; x64) AppleWebKit/537.36 (KHTML, like Gecko) Chrome/114.0.0.0 Safari/537.36" "-"
46.193.5.0 - - [03/Jun/2023:23:15:09 +0200] "GET /php/users.php HTTP/1.1" 200 2393 www.swapmarket.fr "https://www.swapmarket.fr/users.php" "Mozilla/5.0 (Windows NT 10.0; Win64; x64) AppleWebKit/537.36 (KHTML, like Gecko) Chrome/114.0.0.0 Safari/537.36" "-"
2a04:cec0:1100:: - - [03/Jun/2023:23:15:09 +0200] "GET /users.php HTTP/1.1" 200 3079 swapmarket.fr "http://swapmarket.fr/" "Mozilla/5.0 (Linux; Android 10; K) AppleWebKit/537.36 (KHTML, like Gecko) Chrome/113.0.0.0 Mobile Safari/537.36" "-"
2a04:cec0:1100:: - - [03/Jun/2023:23:15:10 +0200] "GET /css/style_for_chat.css HTTP/1.1" 200 7710 swapmarket.fr "http://swapmarket.fr/users.php" "Mozilla/5.0 (Linux; Android 10; K) AppleWebKit/537.36 (KHTML, like Gecko) Chrome/113.0.0.0 Mobile Safari/537.36" "-"
2a04:cec0:1100:: - - [03/Jun/2023:23:15:10 +0200] "GET /javascript/users.js HTTP/1.1" 200 1391 swapmarket.fr "http://swapmarket.fr/users.php" "Mozilla/5.0 (Linux; Android 10; K) AppleWebKit/537.36 (KHTML, like Gecko) Chrome/113.0.0.0 Mobile Safari/537.36" "-"
2a04:cec0:1100:: - - [03/Jun/2023:23:15:10 +0200] "GET /php/images/profile_picture/default.png HTTP/1.1" 200 26523 swapmarket.fr "http://swapmarket.fr/users.php" "Mozilla/5.0 (Linux; Android 10; K) AppleWebKit/537.36 (KHTML, like Gecko) Chrome/113.0.0.0 Mobile Safari/537.36" "-"
46.193.5.0 - - [03/Jun/2023:23:15:10 +0200] "GET /php/users.php HTTP/1.1" 200 2393 www.swapmarket.fr "https://www.swapmarket.fr/users.php" "Mozilla/5.0 (Windows NT 10.0; Win64; x64) AppleWebKit/537.36 (KHTML, like Gecko) Chrome/114.0.0.0 Safari/537.36" "-"
2a04:cec0:1100:: - - [03/Jun/2023:23:15:10 +0200] "GET /favicon.ico HTTP/1.1" 500 645 swapmarket.fr "http://swapmarket.fr/users.php" "Mozilla/5.0 (Linux; Android 10; K) AppleWebKit/537.36 (KHTML, like Gecko) Chrome/113.0.0.0 Mobile Safari/537.36" "-"
2a04:cec0:1100:: - - [03/Jun/2023:23:15:10 +0200] "GET /php/users.php HTTP/1.1" 200 2407 swapmarket.fr "http://swapmarket.fr/users.php" "Mozilla/5.0 (Linux; Android 10; K) AppleWebKit/537.36 (KHTML, like Gecko) Chrome/113.0.0.0 Mobile Safari/537.36" "-"
2a04:cec0:1100:: - - [03/Jun/2023:23:15:10 +0200] "GET /php/images/profile_picture/1685826751Snapchat-1441458292.jpg HTTP/1.1" 200 155987 swapmarket.fr "http://swapmarket.fr/users.php" "Mozilla/5.0 (Linux; Android 10; K) AppleWebKit/537.36 (KHTML, like Gecko) Chrome/113.0.0.0 Mobile Safari/537.36" "-"
2a04:cec0:1100:: - - [03/Jun/2023:23:15:10 +0200] "GET /php/images/profile_picture/1685411660darkcarlo.jpg HTTP/1.1" 200 14512 swapmarket.fr "http://swapmarket.fr/users.php" "Mozilla/5.0 (Linux; Android 10; K) AppleWebKit/537.36 (KHTML, like Gecko) Chrome/113.0.0.0 Mobile Safari/537.36" "-"
2a04:cec0:1100:: - - [03/Jun/2023:23:15:10 +0200] "GET /php/images/profile_picture/1685455698M%C3%A9daille%20Silver%202023.png HTTP/1.1" 200 499093 swapmarket.fr "http://swapmarket.fr/users.php" "Mozilla/5.0 (Linux; Android 10; K) AppleWebKit/537.36 (KHTML, like Gecko) Chrome/113.0.0.0 Mobile Safari/537.36" "-"
46.193.5.0 - - [03/Jun/2023:23:15:10 +0200] "GET /php/users.php HTTP/1.1" 200 2393 www.swapmarket.fr "https://www.swapmarket.fr/users.php" "Mozilla/5.0 (Windows NT 10.0; Win64; x64) AppleWebKit/537.36 (KHTML, like Gecko) Chrome/114.0.0.0 Safari/537.36" "-"
2a04:cec0:1100:: - - [03/Jun/2023:23:15:10 +0200] "GET /php/images/profile_picture/carla.jpg HTTP/1.1" 200 14427 swapmarket.fr "http://swapmarket.fr/users.php" "Mozilla/5.0 (Linux; Android 10; K) AppleWebKit/537.36 (KHTML, like Gecko) Chrome/113.0.0.0 Mobile Safari/537.36" "-"
2a04:cec0:1100:: - - [03/Jun/2023:23:15:11 +0200] "GET /php/images/profile_picture/carlo.png HTTP/1.1" 200 232845 swapmarket.fr "http://swapmarket.fr/users.php" "Mozilla/5.0 (Linux; Android 10; K) AppleWebKit/537.36 (KHTML, like Gecko) Chrome/113.0.0.0 Mobile Safari/537.36" "-"
2a04:cec0:1100:: - - [03/Jun/2023:23:15:11 +0200] "GET /php/users.php HTTP/1.1" 200 2407 swapmarket.fr "http://swapmarket.fr/users.php" "Mozilla/5.0 (Linux; Android 10; K) AppleWebKit/537.36 (KHTML, like Gecko) Chrome/113.0.0.0 Mobile Safari/537.36" "-"
46.193.5.0 - - [03/Jun/2023:23:15:11 +0200] "GET /php/users.php HTTP/1.1" 200 2393 www.swapmarket.fr "https://www.swapmarket.fr/users.php" "Mozilla/5.0 (Windows NT 10.0; Win64; x64) AppleWebKit/537.36 (KHTML, like Gecko) Chrome/114.0.0.0 Safari/537.36" "-"
2a04:cec0:1100:: - - [03/Jun/2023:23:15:11 +0200] "GET /php/users.php HTTP/1.1" 200 2407 swapmarket.fr "http://swapmarket.fr/users.php" "Mozilla/5.0 (Linux; Android 10; K) AppleWebKit/537.36 (KHTML, like Gecko) Chrome/113.0.0.0 Mobile Safari/537.36" "-"
46.193.5.0 - - [03/Jun/2023:23:15:11 +0200] "GET /php/users.php HTTP/1.1" 200 2393 www.swapmarket.fr "https://www.swapmarket.fr/users.php" "Mozilla/5.0 (Windows NT 10.0; Win64; x64) AppleWebKit/537.36 (KHTML, like Gecko) Chrome/114.0.0.0 Safari/537.36" "-"
2a04:cec0:1100:: - - [03/Jun/2023:23:15:12 +0200] "GET /php/users.php HTTP/1.1" 200 2407 swapmarket.fr "http://swapmarket.fr/users.php" "Mozilla/5.0 (Linux; Android 10; K) AppleWebKit/537.36 (KHTML, like Gecko) Chrome/113.0.0.0 Mobile Safari/537.36" "-"
46.193.5.0 - - [03/Jun/2023:23:15:12 +0200] "GET /php/users.php HTTP/1.1" 200 2393 www.swapmarket.fr "https://www.swapmarket.fr/users.php" "Mozilla/5.0 (Windows NT 10.0; Win64; x64) AppleWebKit/537.36 (KHTML, like Gecko) Chrome/114.0.0.0 Safari/537.36" "-"
2a04:cec0:1100:: - - [03/Jun/2023:23:15:12 +0200] "GET /chat.php?user_id=1345618028 HTTP/1.1" 200 5989 swapmarket.fr "http://swapmarket.fr/users.php" "Mozilla/5.0 (Linux; Android 10; K) AppleWebKit/537.36 (KHTML, like Gecko) Chrome/113.0.0.0 Mobile Safari/537.36" "-"
2a04:cec0:1100:: - - [03/Jun/2023:23:15:12 +0200] "GET /php/users.php HTTP/1.1" 200 2407 swapmarket.fr "http://swapmarket.fr/users.php" "Mozilla/5.0 (Linux; Android 10; K) AppleWebKit/537.36 (KHTML, like Gecko) Chrome/113.0.0.0 Mobile Safari/537.36" "-"
2a04:cec0:1100:: - - [03/Jun/2023:23:15:12 +0200] "GET /javascript/chat.js HTTP/1.1" 200 1781 swapmarket.fr "http://swapmarket.fr/chat.php?user_id=1345618028" "Mozilla/5.0 (Linux; Android 10; K) AppleWebKit/537.36 (KHTML, like Gecko) Chrome/113.0.0.0 Mobile Safari/537.36" "-"
46.193.5.0 - - [03/Jun/2023:23:15:12 +0200] "GET /php/users.php HTTP/1.1" 200 2393 www.swapmarket.fr "https://www.swapmarket.fr/users.php" "Mozilla/5.0 (Windows NT 10.0; Win64; x64) AppleWebKit/537.36 (KHTML, like Gecko) Chrome/114.0.0.0 Safari/537.36" "-"
2a04:cec0:1100:: - - [03/Jun/2023:23:15:13 +0200] "GET /favicon.ico HTTP/1.1" 500 645 swapmarket.fr "http://swapmarket.fr/chat.php?user_id=1345618028" "Mozilla/5.0 (Linux; Android 10; K) AppleWebKit/537.36 (KHTML, like Gecko) Chrome/113.0.0.0 Mobile Safari/537.36" "-"
46.193.5.0 - - [03/Jun/2023:23:15:13 +0200] "GET /php/users.php HTTP/1.1" 200 2393 www.swapmarket.fr "https://www.swapmarket.fr/users.php" "Mozilla/5.0 (Windows NT 10.0; Win64; x64) AppleWebKit/537.36 (KHTML, like Gecko) Chrome/114.0.0.0 Safari/537.36" "-"
2a04:cec0:1100:: - - [03/Jun/2023:23:15:13 +0200] "POST /php/get-chat.php HTTP/1.1" 200 934 swapmarket.fr "http://swapmarket.fr/chat.php?user_id=1345618028" "Mozilla/5.0 (Linux; Android 10; K) AppleWebKit/537.36 (KHTML, like Gecko) Chrome/113.0.0.0 Mobile Safari/537.36" "-"
2a04:cec0:1100:: - - [03/Jun/2023:23:15:13 +0200] "GET /php/users.php HTTP/1.1" 200 2407 swapmarket.fr "http://swapmarket.fr/chat.php?user_id=1345618028" "Mozilla/5.0 (Linux; Android 10; K) AppleWebKit/537.36 (KHTML, like Gecko) Chrome/113.0.0.0 Mobile Safari/537.36" "-"
46.193.5.0 - - [03/Jun/2023:23:15:13 +0200] "GET /php/users.php HTTP/1.1" 200 2393 www.swapmarket.fr "https://www.swapmarket.fr/users.php" "Mozilla/5.0 (Windows NT 10.0; Win64; x64) AppleWebKit/537.36 (KHTML, like Gecko) Chrome/114.0.0.0 Safari/537.36" "-"
2a04:cec0:1100:: - - [03/Jun/2023:23:15:14 +0200] "POST /php/get-chat.php HTTP/1.1" 200 934 swapmarket.fr "http://swapmarket.fr/chat.php?user_id=1345618028" "Mozilla/5.0 (Linux; Android 10; K) AppleWebKit/537.36 (KHTML, like Gecko) Chrome/113.0.0.0 Mobile Safari/537.36" "-"
2a04:cec0:1100:: - - [03/Jun/2023:23:15:14 +0200] "GET /php/users.php HTTP/1.1" 200 2407 swapmarket.fr "http://swapmarket.fr/chat.php?user_id=1345618028" "Mozilla/5.0 (Linux; Android 10; K) AppleWebKit/537.36 (KHTML, like Gecko) Chrome/113.0.0.0 Mobile Safari/537.36" "-"
2a04:cec0:1100:: - - [03/Jun/2023:23:15:14 +0200] "POST /php/get-chat.php HTTP/1.1" 200 934 swapmarket.fr "http://swapmarket.fr/chat.php?user_id=1345618028" "Mozilla/5.0 (Linux; Android 10; K) AppleWebKit/537.36 (KHTML, like Gecko) Chrome/113.0.0.0 Mobile Safari/537.36" "-"
2a04:cec0:1100:: - - [03/Jun/2023:23:15:14 +0200] "GET /php/users.php HTTP/1.1" 200 2407 swapmarket.fr "http://swapmarket.fr/chat.php?user_id=1345618028" "Mozilla/5.0 (Linux; Android 10; K) AppleWebKit/537.36 (KHTML, like Gecko) Chrome/113.0.0.0 Mobile Safari/537.36" "-"
46.193.5.0 - - [03/Jun/2023:23:15:14 +0200] "GET /php/users.php HTTP/1.1" 200 2393 www.swapmarket.fr "https://www.swapmarket.fr/users.php" "Mozilla/5.0 (Windows NT 10.0; Win64; x64) AppleWebKit/537.36 (KHTML, like Gecko) Chrome/114.0.0.0 Safari/537.36" "-"
46.193.5.0 - - [03/Jun/2023:23:15:15 +0200] "GET /php/users.php HTTP/1.1" 200 2393 www.swapmarket.fr "https://www.swapmarket.fr/users.php" "Mozilla/5.0 (Windows NT 10.0; Win64; x64) AppleWebKit/537.36 (KHTML, like Gecko) Chrome/114.0.0.0 Safari/537.36" "-"
2a04:cec0:1100:: - - [03/Jun/2023:23:15:15 +0200] "POST /php/get-chat.php HTTP/1.1" 200 934 swapmarket.fr "http://swapmarket.fr/chat.php?user_id=1345618028" "Mozilla/5.0 (Linux; Android 10; K) AppleWebKit/537.36 (KHTML, like Gecko) Chrome/113.0.0.0 Mobile Safari/537.36" "-"
2a04:cec0:1100:: - - [03/Jun/2023:23:15:15 +0200] "GET /php/users.php HTTP/1.1" 200 2407 swapmarket.fr "http://swapmarket.fr/chat.php?user_id=1345618028" "Mozilla/5.0 (Linux; Android 10; K) AppleWebKit/537.36 (KHTML, like Gecko) Chrome/113.0.0.0 Mobile Safari/537.36" "-"
2a04:cec0:1100:: - - [03/Jun/2023:23:15:15 +0200] "POST /php/get-chat.php HTTP/1.1" 200 934 swapmarket.fr "http://swapmarket.fr/chat.php?user_id=1345618028" "Mozilla/5.0 (Linux; Android 10; K) AppleWebKit/537.36 (KHTML, like Gecko) Chrome/113.0.0.0 Mobile Safari/537.36" "-"
2a04:cec0:1100:: - - [03/Jun/2023:23:15:15 +0200] "GET /php/users.php HTTP/1.1" 200 2407 swapmarket.fr "http://swapmarket.fr/chat.php?user_id=1345618028" "Mozilla/5.0 (Linux; Android 10; K) AppleWebKit/537.36 (KHTML, like Gecko) Chrome/113.0.0.0 Mobile Safari/537.36" "-"
46.193.5.0 - - [03/Jun/2023:23:15:15 +0200] "GET /php/users.php HTTP/1.1" 200 2393 www.swapmarket.fr "https://www.swapmarket.fr/users.php" "Mozilla/5.0 (Windows NT 10.0; Win64; x64) AppleWebKit/537.36 (KHTML, like Gecko) Chrome/114.0.0.0 Safari/537.36" "-"
2a04:cec0:1100:: - - [03/Jun/2023:23:15:16 +0200] "POST /php/get-chat.php HTTP/1.1" 200 934 swapmarket.fr "http://swapmarket.fr/chat.php?user_id=1345618028" "Mozilla/5.0 (Linux; Android 10; K) AppleWebKit/537.36 (KHTML, like Gecko) Chrome/113.0.0.0 Mobile Safari/537.36" "-"
2a04:cec0:1100:: - - [03/Jun/2023:23:15:16 +0200] "GET /php/users.php HTTP/1.1" 200 2407 swapmarket.fr "http://swapmarket.fr/chat.php?user_id=1345618028" "Mozilla/5.0 (Linux; Android 10; K) AppleWebKit/537.36 (KHTML, like Gecko) Chrome/113.0.0.0 Mobile Safari/537.36" "-"
46.193.5.0 - - [03/Jun/2023:23:15:16 +0200] "GET /php/users.php HTTP/1.1" 200 2393 www.swapmarket.fr "https://www.swapmarket.fr/users.php" "Mozilla/5.0 (Windows NT 10.0; Win64; x64) AppleWebKit/537.36 (KHTML, like Gecko) Chrome/114.0.0.0 Safari/537.36" "-"
2a04:cec0:1100:: - - [03/Jun/2023:23:15:16 +0200] "GET /php/users.php HTTP/1.1" 200 2407 swapmarket.fr "http://swapmarket.fr/chat.php?user_id=1345618028" "Mozilla/5.0 (Linux; Android 10; K) AppleWebKit/537.36 (KHTML, like Gecko) Chrome/113.0.0.0 Mobile Safari/537.36" "-"
2a04:cec0:1100:: - - [03/Jun/2023:23:15:16 +0200] "POST /php/get-chat.php HTTP/1.1" 200 934 swapmarket.fr "http://swapmarket.fr/chat.php?user_id=1345618028" "Mozilla/5.0 (Linux; Android 10; K) AppleWebKit/537.36 (KHTML, like Gecko) Chrome/113.0.0.0 Mobile Safari/537.36" "-"
46.193.5.0 - - [03/Jun/2023:23:15:16 +0200] "GET /php/users.php HTTP/1.1" 200 2393 www.swapmarket.fr "https://www.swapmarket.fr/users.php" "Mozilla/5.0 (Windows NT 10.0; Win64; x64) AppleWebKit/537.36 (KHTML, like Gecko) Chrome/114.0.0.0 Safari/537.36" "-"
2a04:cec0:1100:: - - [03/Jun/2023:23:15:17 +0200] "POST /php/get-chat.php HTTP/1.1" 200 934 swapmarket.fr "http://swapmarket.fr/chat.php?user_id=1345618028" "Mozilla/5.0 (Linux; Android 10; K) AppleWebKit/537.36 (KHTML, like Gecko) Chrome/113.0.0.0 Mobile Safari/537.36" "-"
2a04:cec0:1100:: - - [03/Jun/2023:23:15:17 +0200] "GET /php/users.php HTTP/1.1" 200 2407 swapmarket.fr "http://swapmarket.fr/chat.php?user_id=1345618028" "Mozilla/5.0 (Linux; Android 10; K) AppleWebKit/537.36 (KHTML, like Gecko) Chrome/113.0.0.0 Mobile Safari/537.36" "-"
46.193.5.0 - - [03/Jun/2023:23:15:17 +0200] "GET /php/users.php HTTP/1.1" 200 2393 www.swapmarket.fr "https://www.swapmarket.fr/users.php" "Mozilla/5.0 (Windows NT 10.0; Win64; x64) AppleWebKit/537.36 (KHTML, like Gecko) Chrome/114.0.0.0 Safari/537.36" "-"
46.193.5.0 - - [03/Jun/2023:23:15:17 +0200] "GET /php/users.php HTTP/1.1" 200 2393 www.swapmarket.fr "https://www.swapmarket.fr/users.php" "Mozilla/5.0 (Windows NT 10.0; Win64; x64) AppleWebKit/537.36 (KHTML, like Gecko) Chrome/114.0.0.0 Safari/537.36" "-"
2a04:cec0:1100:: - - [03/Jun/2023:23:15:17 +0200] "POST /php/get-chat.php HTTP/1.1" 200 934 swapmarket.fr "http://swapmarket.fr/chat.php?user_id=1345618028" "Mozilla/5.0 (Linux; Android 10; K) AppleWebKit/537.36 (KHTML, like Gecko) Chrome/113.0.0.0 Mobile Safari/537.36" "-"
2a04:cec0:1100:: - - [03/Jun/2023:23:15:17 +0200] "GET /php/users.php HTTP/1.1" 200 2407 swapmarket.fr "http://swapmarket.fr/chat.php?user_id=1345618028" "Mozilla/5.0 (Linux; Android 10; K) AppleWebKit/537.36 (KHTML, like Gecko) Chrome/113.0.0.0 Mobile Safari/537.36" "-"
2a04:cec0:1100:: - - [03/Jun/2023:23:15:18 +0200] "POST /php/get-chat.php HTTP/1.1" 200 934 swapmarket.fr "http://swapmarket.fr/chat.php?user_id=1345618028" "Mozilla/5.0 (Linux; Android 10; K) AppleWebKit/537.36 (KHTML, like Gecko) Chrome/113.0.0.0 Mobile Safari/537.36" "-"
2a04:cec0:1100:: - - [03/Jun/2023:23:15:18 +0200] "GET /php/users.php HTTP/1.1" 200 2407 swapmarket.fr "http://swapmarket.fr/chat.php?user_id=1345618028" "Mozilla/5.0 (Linux; Android 10; K) AppleWebKit/537.36 (KHTML, like Gecko) Chrome/113.0.0.0 Mobile Safari/537.36" "-"
46.193.5.0 - - [03/Jun/2023:23:15:18 +0200] "GET /php/users.php HTTP/1.1" 200 2393 www.swapmarket.fr "https://www.swapmarket.fr/users.php" "Mozilla/5.0 (Windows NT 10.0; Win64; x64) AppleWebKit/537.36 (KHTML, like Gecko) Chrome/114.0.0.0 Safari/537.36" "-"
2a04:cec0:1100:: - - [03/Jun/2023:23:15:18 +0200] "POST /php/get-chat.php HTTP/1.1" 200 934 swapmarket.fr "http://swapmarket.fr/chat.php?user_id=1345618028" "Mozilla/5.0 (Linux; Android 10; K) AppleWebKit/537.36 (KHTML, like Gecko) Chrome/113.0.0.0 Mobile Safari/537.36" "-"
2a04:cec0:1100:: - - [03/Jun/2023:23:15:18 +0200] "GET /php/users.php HTTP/1.1" 200 2407 swapmarket.fr "http://swapmarket.fr/chat.php?user_id=1345618028" "Mozilla/5.0 (Linux; Android 10; K) AppleWebKit/537.36 (KHTML, like Gecko) Chrome/113.0.0.0 Mobile Safari/537.36" "-"
46.193.5.0 - - [03/Jun/2023:23:15:18 +0200] "GET /php/users.php HTTP/1.1" 200 2393 www.swapmarket.fr "https://www.swapmarket.fr/users.php" "Mozilla/5.0 (Windows NT 10.0; Win64; x64) AppleWebKit/537.36 (KHTML, like Gecko) Chrome/114.0.0.0 Safari/537.36" "-"
2a04:cec0:1100:: - - [03/Jun/2023:23:15:19 +0200] "GET /php/users.php HTTP/1.1" 200 2407 swapmarket.fr "http://swapmarket.fr/chat.php?user_id=1345618028" "Mozilla/5.0 (Linux; Android 10; K) AppleWebKit/537.36 (KHTML, like Gecko) Chrome/113.0.0.0 Mobile Safari/537.36" "-"
2a04:cec0:1100:: - - [03/Jun/2023:23:15:19 +0200] "POST /php/get-chat.php HTTP/1.1" 200 934 swapmarket.fr "http://swapmarket.fr/chat.php?user_id=1345618028" "Mozilla/5.0 (Linux; Android 10; K) AppleWebKit/537.36 (KHTML, like Gecko) Chrome/113.0.0.0 Mobile Safari/537.36" "-"
46.193.5.0 - - [03/Jun/2023:23:15:19 +0200] "GET /php/users.php HTTP/1.1" 200 2393 www.swapmarket.fr "https://www.swapmarket.fr/users.php" "Mozilla/5.0 (Windows NT 10.0; Win64; x64) AppleWebKit/537.36 (KHTML, like Gecko) Chrome/114.0.0.0 Safari/537.36" "-"
2a04:cec0:1100:: - - [03/Jun/2023:23:15:19 +0200] "POST /php/insert-chat.php HTTP/1.1" 200 45 swapmarket.fr "http://swapmarket.fr/chat.php?user_id=1345618028" "Mozilla/5.0 (Linux; Android 10; K) AppleWebKit/537.36 (KHTML, like Gecko) Chrome/113.0.0.0 Mobile Safari/537.36" "-"
46.193.5.0 - - [03/Jun/2023:23:15:19 +0200] "GET /php/users.php HTTP/1.1" 200 2365 www.swapmarket.fr "https://www.swapmarket.fr/users.php" "Mozilla/5.0 (Windows NT 10.0; Win64; x64) AppleWebKit/537.36 (KHTML, like Gecko) Chrome/114.0.0.0 Safari/537.36" "-"
2a04:cec0:1100:: - - [03/Jun/2023:23:15:19 +0200] "POST /php/get-chat.php HTTP/1.1" 200 1146 swapmarket.fr "http://swapmarket.fr/chat.php?user_id=1345618028" "Mozilla/5.0 (Linux; Android 10; K) AppleWebKit/537.36 (KHTML, like Gecko) Chrome/113.0.0.0 Mobile Safari/537.36" "-"
2a04:cec0:1100:: - - [03/Jun/2023:23:15:19 +0200] "GET /php/users.php HTTP/1.1" 200 2389 swapmarket.fr "http://swapmarket.fr/chat.php?user_id=1345618028" "Mozilla/5.0 (Linux; Android 10; K) AppleWebKit/537.36 (KHTML, like Gecko) Chrome/113.0.0.0 Mobile Safari/537.36" "-"
46.193.5.0 - - [03/Jun/2023:23:15:20 +0200] "GET /php/users.php HTTP/1.1" 200 2365 www.swapmarket.fr "https://www.swapmarket.fr/users.php" "Mozilla/5.0 (Windows NT 10.0; Win64; x64) AppleWebKit/537.36 (KHTML, like Gecko) Chrome/114.0.0.0 Safari/537.36" "-"
2a04:cec0:1100:: - - [03/Jun/2023:23:15:20 +0200] "POST /php/get-chat.php HTTP/1.1" 200 1146 swapmarket.fr "http://swapmarket.fr/chat.php?user_id=1345618028" "Mozilla/5.0 (Linux; Android 10; K) AppleWebKit/537.36 (KHTML, like Gecko) Chrome/113.0.0.0 Mobile Safari/537.36" "-"
2a04:cec0:1100:: - - [03/Jun/2023:23:15:20 +0200] "GET /php/users.php HTTP/1.1" 200 2389 swapmarket.fr "http://swapmarket.fr/chat.php?user_id=1345618028" "Mozilla/5.0 (Linux; Android 10; K) AppleWebKit/537.36 (KHTML, like Gecko) Chrome/113.0.0.0 Mobile Safari/537.36" "-"
46.193.5.0 - - [03/Jun/2023:23:15:20 +0200] "GET /php/users.php HTTP/1.1" 200 2365 www.swapmarket.fr "https://www.swapmarket.fr/users.php" "Mozilla/5.0 (Windows NT 10.0; Win64; x64) AppleWebKit/537.36 (KHTML, like Gecko) Chrome/114.0.0.0 Safari/537.36" "-"
2a04:cec0:1100:: - - [03/Jun/2023:23:15:20 +0200] "GET /php/users.php HTTP/1.1" 200 2389 swapmarket.fr "http://swapmarket.fr/chat.php?user_id=1345618028" "Mozilla/5.0 (Linux; Android 10; K) AppleWebKit/537.36 (KHTML, like Gecko) Chrome/113.0.0.0 Mobile Safari/537.36" "-"
2a04:cec0:1100:: - - [03/Jun/2023:23:15:20 +0200] "POST /php/get-chat.php HTTP/1.1" 200 1146 swapmarket.fr "http://swapmarket.fr/chat.php?user_id=1345618028" "Mozilla/5.0 (Linux; Android 10; K) AppleWebKit/537.36 (KHTML, like Gecko) Chrome/113.0.0.0 Mobile Safari/537.36" "-"
46.193.5.0 - - [03/Jun/2023:23:15:20 +0200] "GET /php/users.php HTTP/1.1" 200 2365 www.swapmarket.fr "https://www.swapmarket.fr/users.php" "Mozilla/5.0 (Windows NT 10.0; Win64; x64) AppleWebKit/537.36 (KHTML, like Gecko) Chrome/114.0.0.0 Safari/537.36" "-"
2a04:cec0:1100:: - - [03/Jun/2023:23:15:21 +0200] "POST /php/get-chat.php HTTP/1.1" 200 1146 swapmarket.fr "http://swapmarket.fr/chat.php?user_id=1345618028" "Mozilla/5.0 (Linux; Android 10; K) AppleWebKit/537.36 (KHTML, like Gecko) Chrome/113.0.0.0 Mobile Safari/537.36" "-"
2a04:cec0:1100:: - - [03/Jun/2023:23:15:21 +0200] "GET /php/users.php HTTP/1.1" 200 2389 swapmarket.fr "http://swapmarket.fr/chat.php?user_id=1345618028" "Mozilla/5.0 (Linux; Android 10; K) AppleWebKit/537.36 (KHTML, like Gecko) Chrome/113.0.0.0 Mobile Safari/537.36" "-"
46.193.5.0 - - [03/Jun/2023:23:15:21 +0200] "GET /php/users.php HTTP/1.1" 200 2365 www.swapmarket.fr "https://www.swapmarket.fr/users.php" "Mozilla/5.0 (Windows NT 10.0; Win64; x64) AppleWebKit/537.36 (KHTML, like Gecko) Chrome/114.0.0.0 Safari/537.36" "-"
2a04:cec0:1100:: - - [03/Jun/2023:23:15:21 +0200] "POST /php/get-chat.php HTTP/1.1" 200 1146 swapmarket.fr "http://swapmarket.fr/chat.php?user_id=1345618028" "Mozilla/5.0 (Linux; Android 10; K) AppleWebKit/537.36 (KHTML, like Gecko) Chrome/113.0.0.0 Mobile Safari/537.36" "-"
2a04:cec0:1100:: - - [03/Jun/2023:23:15:21 +0200] "GET /php/users.php HTTP/1.1" 200 2389 swapmarket.fr "http://swapmarket.fr/chat.php?user_id=1345618028" "Mozilla/5.0 (Linux; Android 10; K) AppleWebKit/537.36 (KHTML, like Gecko) Chrome/113.0.0.0 Mobile Safari/537.36" "-"
46.193.5.0 - - [03/Jun/2023:23:15:21 +0200] "GET /php/users.php HTTP/1.1" 200 2365 www.swapmarket.fr "https://www.swapmarket.fr/users.php" "Mozilla/5.0 (Windows NT 10.0; Win64; x64) AppleWebKit/537.36 (KHTML, like Gecko) Chrome/114.0.0.0 Safari/537.36" "-"
2a04:cec0:1100:: - - [03/Jun/2023:23:15:22 +0200] "POST /php/get-chat.php HTTP/1.1" 200 1146 swapmarket.fr "http://swapmarket.fr/chat.php?user_id=1345618028" "Mozilla/5.0 (Linux; Android 10; K) AppleWebKit/537.36 (KHTML, like Gecko) Chrome/113.0.0.0 Mobile Safari/537.36" "-"
2a04:cec0:1100:: - - [03/Jun/2023:23:15:22 +0200] "GET /php/users.php HTTP/1.1" 200 2389 swapmarket.fr "http://swapmarket.fr/chat.php?user_id=1345618028" "Mozilla/5.0 (Linux; Android 10; K) AppleWebKit/537.36 (KHTML, like Gecko) Chrome/113.0.0.0 Mobile Safari/537.36" "-"
46.193.5.0 - - [03/Jun/2023:23:15:22 +0200] "GET /php/users.php HTTP/1.1" 200 2365 www.swapmarket.fr "https://www.swapmarket.fr/users.php" "Mozilla/5.0 (Windows NT 10.0; Win64; x64) AppleWebKit/537.36 (KHTML, like Gecko) Chrome/114.0.0.0 Safari/537.36" "-"
2a04:cec0:1100:: - - [03/Jun/2023:23:15:22 +0200] "POST /php/get-chat.php HTTP/1.1" 200 1146 swapmarket.fr "http://swapmarket.fr/chat.php?user_id=1345618028" "Mozilla/5.0 (Linux; Android 10; K) AppleWebKit/537.36 (KHTML, like Gecko) Chrome/113.0.0.0 Mobile Safari/537.36" "-"
2a04:cec0:1100:: - - [03/Jun/2023:23:15:22 +0200] "GET /php/users.php HTTP/1.1" 200 2389 swapmarket.fr "http://swapmarket.fr/chat.php?user_id=1345618028" "Mozilla/5.0 (Linux; Android 10; K) AppleWebKit/537.36 (KHTML, like Gecko) Chrome/113.0.0.0 Mobile Safari/537.36" "-"
46.193.5.0 - - [03/Jun/2023:23:15:22 +0200] "GET /php/users.php HTTP/1.1" 200 2365 www.swapmarket.fr "https://www.swapmarket.fr/users.php" "Mozilla/5.0 (Windows NT 10.0; Win64; x64) AppleWebKit/537.36 (KHTML, like Gecko) Chrome/114.0.0.0 Safari/537.36" "-"
2a04:cec0:1100:: - - [03/Jun/2023:23:15:23 +0200] "POST /php/get-chat.php HTTP/1.1" 200 1146 swapmarket.fr "http://swapmarket.fr/chat.php?user_id=1345618028" "Mozilla/5.0 (Linux; Android 10; K) AppleWebKit/537.36 (KHTML, like Gecko) Chrome/113.0.0.0 Mobile Safari/537.36" "-"
2a04:cec0:1100:: - - [03/Jun/2023:23:15:23 +0200] "GET /php/users.php HTTP/1.1" 200 2389 swapmarket.fr "http://swapmarket.fr/chat.php?user_id=1345618028" "Mozilla/5.0 (Linux; Android 10; K) AppleWebKit/537.36 (KHTML, like Gecko) Chrome/113.0.0.0 Mobile Safari/537.36" "-"
46.193.5.0 - - [03/Jun/2023:23:15:23 +0200] "GET /php/users.php HTTP/1.1" 200 2365 www.swapmarket.fr "https://www.swapmarket.fr/users.php" "Mozilla/5.0 (Windows NT 10.0; Win64; x64) AppleWebKit/537.36 (KHTML, like Gecko) Chrome/114.0.0.0 Safari/537.36" "-"
2a04:cec0:1100:: - - [03/Jun/2023:23:15:23 +0200] "GET /php/users.php HTTP/1.1" 200 2389 swapmarket.fr "http://swapmarket.fr/chat.php?user_id=1345618028" "Mozilla/5.0 (Linux; Android 10; K) AppleWebKit/537.36 (KHTML, like Gecko) Chrome/113.0.0.0 Mobile Safari/537.36" "-"
2a04:cec0:1100:: - - [03/Jun/2023:23:15:23 +0200] "POST /php/get-chat.php HTTP/1.1" 200 1146 swapmarket.fr "http://swapmarket.fr/chat.php?user_id=1345618028" "Mozilla/5.0 (Linux; Android 10; K) AppleWebKit/537.36 (KHTML, like Gecko) Chrome/113.0.0.0 Mobile Safari/537.36" "-"
46.193.5.0 - - [03/Jun/2023:23:15:23 +0200] "GET /php/users.php HTTP/1.1" 200 2365 www.swapmarket.fr "https://www.swapmarket.fr/users.php" "Mozilla/5.0 (Windows NT 10.0; Win64; x64) AppleWebKit/537.36 (KHTML, like Gecko) Chrome/114.0.0.0 Safari/537.36" "-"
46.193.5.0 - - [03/Jun/2023:23:15:24 +0200] "GET /php/users.php HTTP/1.1" 200 2365 www.swapmarket.fr "https://www.swapmarket.fr/users.php" "Mozilla/5.0 (Windows NT 10.0; Win64; x64) AppleWebKit/537.36 (KHTML, like Gecko) Chrome/114.0.0.0 Safari/537.36" "-"
2a04:cec0:1100:: - - [03/Jun/2023:23:15:24 +0200] "POST /php/get-chat.php HTTP/1.1" 200 1146 swapmarket.fr "http://swapmarket.fr/chat.php?user_id=1345618028" "Mozilla/5.0 (Linux; Android 10; K) AppleWebKit/537.36 (KHTML, like Gecko) Chrome/113.0.0.0 Mobile Safari/537.36" "-"
2a04:cec0:1100:: - - [03/Jun/2023:23:15:24 +0200] "GET /php/users.php HTTP/1.1" 200 2389 swapmarket.fr "http://swapmarket.fr/chat.php?user_id=1345618028" "Mozilla/5.0 (Linux; Android 10; K) AppleWebKit/537.36 (KHTML, like Gecko) Chrome/113.0.0.0 Mobile Safari/537.36" "-"
46.193.5.0 - - [03/Jun/2023:23:15:24 +0200] "GET /php/users.php HTTP/1.1" 200 2365 www.swapmarket.fr "https://www.swapmarket.fr/users.php" "Mozilla/5.0 (Windows NT 10.0; Win64; x64) AppleWebKit/537.36 (KHTML, like Gecko) Chrome/114.0.0.0 Safari/537.36" "-"
46.193.5.0 - - [03/Jun/2023:23:15:25 +0200] "GET /php/users.php HTTP/1.1" 200 2365 www.swapmarket.fr "https://www.swapmarket.fr/users.php" "Mozilla/5.0 (Windows NT 10.0; Win64; x64) AppleWebKit/537.36 (KHTML, like Gecko) Chrome/114.0.0.0 Safari/537.36" "-"
2a04:cec0:1100:: - - [03/Jun/2023:23:15:25 +0200] "POST /php/get-chat.php HTTP/1.1" 200 1146 swapmarket.fr "http://swapmarket.fr/chat.php?user_id=1345618028" "Mozilla/5.0 (Linux; Android 10; K) AppleWebKit/537.36 (KHTML, like Gecko) Chrome/113.0.0.0 Mobile Safari/537.36" "-"
2a04:cec0:1100:: - - [03/Jun/2023:23:15:25 +0200] "GET /php/users.php HTTP/1.1" 200 2389 swapmarket.fr "http://swapmarket.fr/chat.php?user_id=1345618028" "Mozilla/5.0 (Linux; Android 10; K) AppleWebKit/537.36 (KHTML, like Gecko) Chrome/113.0.0.0 Mobile Safari/537.36" "-"
46.193.5.0 - - [03/Jun/2023:23:15:25 +0200] "GET /php/users.php HTTP/1.1" 200 2365 www.swapmarket.fr "https://www.swapmarket.fr/users.php" "Mozilla/5.0 (Windows NT 10.0; Win64; x64) AppleWebKit/537.36 (KHTML, like Gecko) Chrome/114.0.0.0 Safari/537.36" "-"
46.193.5.0 - - [03/Jun/2023:23:15:26 +0200] "GET /php/users.php HTTP/1.1" 200 2365 www.swapmarket.fr "https://www.swapmarket.fr/users.php" "Mozilla/5.0 (Windows NT 10.0; Win64; x64) AppleWebKit/537.36 (KHTML, like Gecko) Chrome/114.0.0.0 Safari/537.36" "-"
2a04:cec0:1100:: - - [03/Jun/2023:23:15:26 +0200] "POST /php/get-chat.php HTTP/1.1" 200 1146 swapmarket.fr "http://swapmarket.fr/chat.php?user_id=1345618028" "Mozilla/5.0 (Linux; Android 10; K) AppleWebKit/537.36 (KHTML, like Gecko) Chrome/113.0.0.0 Mobile Safari/537.36" "-"
2a04:cec0:1100:: - - [03/Jun/2023:23:15:26 +0200] "GET /php/users.php HTTP/1.1" 200 2389 swapmarket.fr "http://swapmarket.fr/chat.php?user_id=1345618028" "Mozilla/5.0 (Linux; Android 10; K) AppleWebKit/537.36 (KHTML, like Gecko) Chrome/113.0.0.0 Mobile Safari/537.36" "-"
46.193.5.0 - - [03/Jun/2023:23:15:26 +0200] "GET /php/users.php HTTP/1.1" 200 2365 www.swapmarket.fr "https://www.swapmarket.fr/users.php" "Mozilla/5.0 (Windows NT 10.0; Win64; x64) AppleWebKit/537.36 (KHTML, like Gecko) Chrome/114.0.0.0 Safari/537.36" "-"
46.193.5.0 - - [03/Jun/2023:23:15:27 +0200] "GET /php/users.php HTTP/1.1" 200 2365 www.swapmarket.fr "https://www.swapmarket.fr/users.php" "Mozilla/5.0 (Windows NT 10.0; Win64; x64) AppleWebKit/537.36 (KHTML, like Gecko) Chrome/114.0.0.0 Safari/537.36" "-"
2a04:cec0:1100:: - - [03/Jun/2023:23:15:27 +0200] "POST /php/get-chat.php HTTP/1.1" 200 1146 swapmarket.fr "http://swapmarket.fr/chat.php?user_id=1345618028" "Mozilla/5.0 (Linux; Android 10; K) AppleWebKit/537.36 (KHTML, like Gecko) Chrome/113.0.0.0 Mobile Safari/537.36" "-"
2a04:cec0:1100:: - - [03/Jun/2023:23:15:27 +0200] "GET /php/users.php HTTP/1.1" 200 2389 swapmarket.fr "http://swapmarket.fr/chat.php?user_id=1345618028" "Mozilla/5.0 (Linux; Android 10; K) AppleWebKit/537.36 (KHTML, like Gecko) Chrome/113.0.0.0 Mobile Safari/537.36" "-"
46.193.5.0 - - [03/Jun/2023:23:15:27 +0200] "GET /php/users.php HTTP/1.1" 200 2365 www.swapmarket.fr "https://www.swapmarket.fr/users.php" "Mozilla/5.0 (Windows NT 10.0; Win64; x64) AppleWebKit/537.36 (KHTML, like Gecko) Chrome/114.0.0.0 Safari/537.36" "-"
46.193.5.0 - - [03/Jun/2023:23:15:28 +0200] "GET /php/users.php HTTP/1.1" 200 2365 www.swapmarket.fr "https://www.swapmarket.fr/users.php" "Mozilla/5.0 (Windows NT 10.0; Win64; x64) AppleWebKit/537.36 (KHTML, like Gecko) Chrome/114.0.0.0 Safari/537.36" "-"
2a04:cec0:1100:: - - [03/Jun/2023:23:15:28 +0200] "POST /php/get-chat.php HTTP/1.1" 200 1146 swapmarket.fr "http://swapmarket.fr/chat.php?user_id=1345618028" "Mozilla/5.0 (Linux; Android 10; K) AppleWebKit/537.36 (KHTML, like Gecko) Chrome/113.0.0.0 Mobile Safari/537.36" "-"
2a04:cec0:1100:: - - [03/Jun/2023:23:15:28 +0200] "GET /php/users.php HTTP/1.1" 200 2389 swapmarket.fr "http://swapmarket.fr/chat.php?user_id=1345618028" "Mozilla/5.0 (Linux; Android 10; K) AppleWebKit/537.36 (KHTML, like Gecko) Chrome/113.0.0.0 Mobile Safari/537.36" "-"
