2a01:cb04:1000:: - - [03/Jun/2023:23:12:31 +0200] "GET /php/images/profile_picture/1685826751Snapchat-1441458292.jpg HTTP/1.1" 200 155987 swapmarket.fr "https://swapmarket.fr/users.php" "Mozilla/5.0 (Windows NT 10.0; Win64; x64) AppleWebKit/537.36 (KHTML, like Gecko) Chrome/112.0.0.0 Safari/537.36 OPR/98.0.0.0" "-"
46.193.5.0 - - [03/Jun/2023:23:12:31 +0200] "GET /favicon.ico HTTP/1.1" 500 645 www.swapmarket.fr "https://www.swapmarket.fr/users.php" "Mozilla/5.0 (Windows NT 10.0; Win64; x64) AppleWebKit/537.36 (KHTML, like Gecko) Chrome/114.0.0.0 Safari/537.36" "-"
46.193.5.0 - - [03/Jun/2023:23:12:32 +0200] "GET /php/users.php HTTP/1.1" 200 2380 www.swapmarket.fr "https://www.swapmarket.fr/users.php" "Mozilla/5.0 (Windows NT 10.0; Win64; x64) AppleWebKit/537.36 (KHTML, like Gecko) Chrome/114.0.0.0 Safari/537.36" "-"
2a01:cb04:1000:: - - [03/Jun/2023:23:12:32 +0200] "GET /php/users.php HTTP/1.1" 200 2393 swapmarket.fr "https://swapmarket.fr/users.php" "Mozilla/5.0 (Windows NT 10.0; Win64; x64) AppleWebKit/537.36 (KHTML, like Gecko) Chrome/112.0.0.0 Safari/537.36 OPR/98.0.0.0" "-"
46.193.5.0 - - [03/Jun/2023:23:12:32 +0200] "GET /php/users.php HTTP/1.1" 200 2380 www.swapmarket.fr "https://www.swapmarket.fr/users.php" "Mozilla/5.0 (Windows NT 10.0; Win64; x64) AppleWebKit/537.36 (KHTML, like Gecko) Chrome/114.0.0.0 Safari/537.36" "-"
2a01:cb04:1000:: - - [03/Jun/2023:23:12:32 +0200] "GET /php/users.php HTTP/1.1" 200 2393 swapmarket.fr "https://swapmarket.fr/users.php" "Mozilla/5.0 (Windows NT 10.0; Win64; x64) AppleWebKit/537.36 (KHTML, like Gecko) Chrome/112.0.0.0 Safari/537.36 OPR/98.0.0.0" "-"
46.193.5.0 - - [03/Jun/2023:23:12:33 +0200] "GET /php/users.php HTTP/1.1" 200 2380 www.swapmarket.fr "https://www.swapmarket.fr/users.php" "Mozilla/5.0 (Windows NT 10.0; Win64; x64) AppleWebKit/537.36 (KHTML, like Gecko) Chrome/114.0.0.0 Safari/537.36" "-"
2a01:cb04:1000:: - - [03/Jun/2023:23:12:33 +0200] "GET /php/users.php HTTP/1.1" 200 2393 swapmarket.fr "https://swapmarket.fr/users.php" "Mozilla/5.0 (Windows NT 10.0; Win64; x64) AppleWebKit/537.36 (KHTML, like Gecko) Chrome/112.0.0.0 Safari/537.36 OPR/98.0.0.0" "-"
2a01:cb04:1000:: - - [03/Jun/2023:23:12:33 +0200] "GET /php/users.php HTTP/1.1" 200 2393 swapmarket.fr "https://swapmarket.fr/users.php" "Mozilla/5.0 (Windows NT 10.0; Win64; x64) AppleWebKit/537.36 (KHTML, like Gecko) Chrome/112.0.0.0 Safari/537.36 OPR/98.0.0.0" "-"
46.193.5.0 - - [03/Jun/2023:23:12:33 +0200] "GET /php/users.php HTTP/1.1" 200 2380 www.swapmarket.fr "https://www.swapmarket.fr/users.php" "Mozilla/5.0 (Windows NT 10.0; Win64; x64) AppleWebKit/537.36 (KHTML, like Gecko) Chrome/114.0.0.0 Safari/537.36" "-"
2a04:cec0:1100:: - - [03/Jun/2023:23:12:33 +0200] "GET / HTTP/1.1" 200 6829 swapmarket.fr "-" "Mozilla/5.0 (Linux; Android 10; K) AppleWebKit/537.36 (KHTML, like Gecko) Chrome/113.0.0.0 Mobile Safari/537.36" "-"
2a04:cec0:1100:: - - [03/Jun/2023:23:12:33 +0200] "GET /favicon.ico HTTP/1.1" 500 645 swapmarket.fr "https://swapmarket.fr/" "Mozilla/5.0 (Linux; Android 10; K) AppleWebKit/537.36 (KHTML, like Gecko) Chrome/113.0.0.0 Mobile Safari/537.36" "-"
46.193.5.0 - - [03/Jun/2023:23:12:34 +0200] "GET /php/users.php HTTP/1.1" 200 2380 www.swapmarket.fr "https://www.swapmarket.fr/users.php" "Mozilla/5.0 (Windows NT 10.0; Win64; x64) AppleWebKit/537.36 (KHTML, like Gecko) Chrome/114.0.0.0 Safari/537.36" "-"
2a01:cb04:1000:: - - [03/Jun/2023:23:12:34 +0200] "GET /php/users.php HTTP/1.1" 200 2393 swapmarket.fr "https://swapmarket.fr/users.php" "Mozilla/5.0 (Windows NT 10.0; Win64; x64) AppleWebKit/537.36 (KHTML, like Gecko) Chrome/112.0.0.0 Safari/537.36 OPR/98.0.0.0" "-"
46.193.5.0 - - [03/Jun/2023:23:12:34 +0200] "GET /php/users.php HTTP/1.1" 200 2380 www.swapmarket.fr "https://www.swapmarket.fr/users.php" "Mozilla/5.0 (Windows NT 10.0; Win64; x64) AppleWebKit/537.36 (KHTML, like Gecko) Chrome/114.0.0.0 Safari/537.36" "-"
2a01:cb04:1000:: - - [03/Jun/2023:23:12:34 +0200] "GET /php/users.php HTTP/1.1" 200 2393 swapmarket.fr "https://swapmarket.fr/users.php" "Mozilla/5.0 (Windows NT 10.0; Win64; x64) AppleWebKit/537.36 (KHTML, like Gecko) Chrome/112.0.0.0 Safari/537.36 OPR/98.0.0.0" "-"
2a01:cb04:1000:: - - [03/Jun/2023:23:12:34 +0200] "GET /users.php HTTP/1.1" 200 3089 swapmarket.fr "https://swapmarket.fr/login.php" "Mozilla/5.0 (Windows NT 10.0; Win64; x64) AppleWebKit/537.36 (KHTML, like Gecko) Chrome/112.0.0.0 Safari/537.36 OPR/98.0.0.0" "-"
2a01:cb04:1000:: - - [03/Jun/2023:23:12:34 +0200] "GET /favicon.ico HTTP/1.1" 500 645 swapmarket.fr "https://swapmarket.fr/users.php" "Mozilla/5.0 (Windows NT 10.0; Win64; x64) AppleWebKit/537.36 (KHTML, like Gecko) Chrome/112.0.0.0 Safari/537.36 OPR/98.0.0.0" "-"
46.193.5.0 - - [03/Jun/2023:23:12:35 +0200] "GET /php/users.php HTTP/1.1" 200 2380 www.swapmarket.fr "https://www.swapmarket.fr/users.php" "Mozilla/5.0 (Windows NT 10.0; Win64; x64) AppleWebKit/537.36 (KHTML, like Gecko) Chrome/114.0.0.0 Safari/537.36" "-"
2a01:cb04:1000:: - - [03/Jun/2023:23:12:35 +0200] "GET /php/users.php HTTP/1.1" 200 2393 swapmarket.fr "https://swapmarket.fr/users.php" "Mozilla/5.0 (Windows NT 10.0; Win64; x64) AppleWebKit/537.36 (KHTML, like Gecko) Chrome/112.0.0.0 Safari/537.36 OPR/98.0.0.0" "-"
2a01:cb04:1000:: - - [03/Jun/2023:23:12:35 +0200] "GET /php/images/profile_picture/1685826751Snapchat-1441458292.jpg HTTP/1.1" 304 - swapmarket.fr "https://swapmarket.fr/users.php" "Mozilla/5.0 (Windows NT 10.0; Win64; x64) AppleWebKit/537.36 (KHTML, like Gecko) Chrome/112.0.0.0 Safari/537.36 OPR/98.0.0.0" "-"
2a04:cec0:1100:: - - [03/Jun/2023:23:12:35 +0200] "GET /register.php HTTP/1.1" 200 3491 swapmarket.fr "https://swapmarket.fr/" "Mozilla/5.0 (Linux; Android 10; K) AppleWebKit/537.36 (KHTML, like Gecko) Chrome/113.0.0.0 Mobile Safari/537.36" "-"
2a04:cec0:1100:: - - [03/Jun/2023:23:12:35 +0200] "GET /css/style_for_chat.css HTTP/1.1" 200 7710 swapmarket.fr "https://swapmarket.fr/register.php" "Mozilla/5.0 (Linux; Android 10; K) AppleWebKit/537.36 (KHTML, like Gecko) Chrome/113.0.0.0 Mobile Safari/537.36" "-"
2a04:cec0:1100:: - - [03/Jun/2023:23:12:35 +0200] "GET /javascript/pass-show-hide.js HTTP/1.1" 200 371 swapmarket.fr "https://swapmarket.fr/register.php" "Mozilla/5.0 (Linux; Android 10; K) AppleWebKit/537.36 (KHTML, like Gecko) Chrome/113.0.0.0 Mobile Safari/537.36" "-"
46.193.5.0 - - [03/Jun/2023:23:12:35 +0200] "GET /php/users.php HTTP/1.1" 200 2380 www.swapmarket.fr "https://www.swapmarket.fr/users.php" "Mozilla/5.0 (Windows NT 10.0; Win64; x64) AppleWebKit/537.36 (KHTML, like Gecko) Chrome/114.0.0.0 Safari/537.36" "-"
2a04:cec0:1100:: - - [03/Jun/2023:23:12:35 +0200] "GET /javascript/signup.js HTTP/1.1" 200 789 swapmarket.fr "https://swapmarket.fr/register.php" "Mozilla/5.0 (Linux; Android 10; K) AppleWebKit/537.36 (KHTML, like Gecko) Chrome/113.0.0.0 Mobile Safari/537.36" "-"
2a01:cb04:1000:: - - [03/Jun/2023:23:12:35 +0200] "GET /php/users.php HTTP/1.1" 200 2393 swapmarket.fr "https://swapmarket.fr/users.php" "Mozilla/5.0 (Windows NT 10.0; Win64; x64) AppleWebKit/537.36 (KHTML, like Gecko) Chrome/112.0.0.0 Safari/537.36 OPR/98.0.0.0" "-"
46.193.5.0 - - [03/Jun/2023:23:12:36 +0200] "GET /php/users.php HTTP/1.1" 200 2380 www.swapmarket.fr "https://www.swapmarket.fr/users.php" "Mozilla/5.0 (Windows NT 10.0; Win64; x64) AppleWebKit/537.36 (KHTML, like Gecko) Chrome/114.0.0.0 Safari/537.36" "-"
2a01:cb04:1000:: - - [03/Jun/2023:23:12:36 +0200] "GET /php/users.php HTTP/1.1" 200 2393 swapmarket.fr "https://swapmarket.fr/users.php" "Mozilla/5.0 (Windows NT 10.0; Win64; x64) AppleWebKit/537.36 (KHTML, like Gecko) Chrome/112.0.0.0 Safari/537.36 OPR/98.0.0.0" "-"
2a04:cec0:1100:: - - [03/Jun/2023:23:12:36 +0200] "GET /favicon.ico HTTP/1.1" 500 645 swapmarket.fr "https://swapmarket.fr/register.php" "Mozilla/5.0 (Linux; Android 10; K) AppleWebKit/537.36 (KHTML, like Gecko) Chrome/113.0.0.0 Mobile Safari/537.36" "-"
46.193.5.0 - - [03/Jun/2023:23:12:36 +0200] "GET /php/users.php HTTP/1.1" 200 2380 www.swapmarket.fr "https://www.swapmarket.fr/users.php" "Mozilla/5.0 (Windows NT 10.0; Win64; x64) AppleWebKit/537.36 (KHTML, like Gecko) Chrome/114.0.0.0 Safari/537.36" "-"
2a01:cb04:1000:: - - [03/Jun/2023:23:12:36 +0200] "GET /php/users.php HTTP/1.1" 200 2393 swapmarket.fr "https://swapmarket.fr/users.php" "Mozilla/5.0 (Windows NT 10.0; Win64; x64) AppleWebKit/537.36 (KHTML, like Gecko) Chrome/112.0.0.0 Safari/537.36 OPR/98.0.0.0" "-"
46.193.5.0 - - [03/Jun/2023:23:12:37 +0200] "GET /php/users.php HTTP/1.1" 200 2380 www.swapmarket.fr "https://www.swapmarket.fr/users.php" "Mozilla/5.0 (Windows NT 10.0; Win64; x64) AppleWebKit/537.36 (KHTML, like Gecko) Chrome/114.0.0.0 Safari/537.36" "-"
2a01:cb04:1000:: - - [03/Jun/2023:23:12:37 +0200] "GET /php/users.php HTTP/1.1" 200 2393 swapmarket.fr "https://swapmarket.fr/users.php" "Mozilla/5.0 (Windows NT 10.0; Win64; x64) AppleWebKit/537.36 (KHTML, like Gecko) Chrome/112.0.0.0 Safari/537.36 OPR/98.0.0.0" "-"
46.193.5.0 - - [03/Jun/2023:23:12:37 +0200] "GET /php/users.php HTTP/1.1" 200 2380 www.swapmarket.fr "https://www.swapmarket.fr/users.php" "Mozilla/5.0 (Windows NT 10.0; Win64; x64) AppleWebKit/537.36 (KHTML, like Gecko) Chrome/114.0.0.0 Safari/537.36" "-"
2a01:cb04:1000:: - - [03/Jun/2023:23:12:37 +0200] "GET /php/users.php HTTP/1.1" 200 2393 swapmarket.fr "https://swapmarket.fr/users.php" "Mozilla/5.0 (Windows NT 10.0; Win64; x64) AppleWebKit/537.36 (KHTML, like Gecko) Chrome/112.0.0.0 Safari/537.36 OPR/98.0.0.0" "-"
46.193.5.0 - - [03/Jun/2023:23:12:38 +0200] "GET /php/users.php HTTP/1.1" 200 2380 www.swapmarket.fr "https://www.swapmarket.fr/users.php" "Mozilla/5.0 (Windows NT 10.0; Win64; x64) AppleWebKit/537.36 (KHTML, like Gecko) Chrome/114.0.0.0 Safari/537.36" "-"
2a01:cb04:1000:: - - [03/Jun/2023:23:12:38 +0200] "GET /php/users.php HTTP/1.1" 200 2393 swapmarket.fr "https://swapmarket.fr/users.php" "Mozilla/5.0 (Windows NT 10.0; Win64; x64) AppleWebKit/537.36 (KHTML, like Gecko) Chrome/112.0.0.0 Safari/537.36 OPR/98.0.0.0" "-"
46.193.5.0 - - [03/Jun/2023:23:12:38 +0200] "GET /php/users.php HTTP/1.1" 200 2380 www.swapmarket.fr "https://www.swapmarket.fr/users.php" "Mozilla/5.0 (Windows NT 10.0; Win64; x64) AppleWebKit/537.36 (KHTML, like Gecko) Chrome/114.0.0.0 Safari/537.36" "-"
2a04:cec0:1100:: - - [03/Jun/2023:23:12:38 +0200] "GET /login.php HTTP/1.1" 200 4548 swapmarket.fr "https://swapmarket.fr/register.php" "Mozilla/5.0 (Linux; Android 10; K) AppleWebKit/537.36 (KHTML, like Gecko) Chrome/113.0.0.0 Mobile Safari/537.36" "-"
2a01:cb04:1000:: - - [03/Jun/2023:23:12:38 +0200] "GET /php/users.php HTTP/1.1" 200 2393 swapmarket.fr "https://swapmarket.fr/users.php" "Mozilla/5.0 (Windows NT 10.0; Win64; x64) AppleWebKit/537.36 (KHTML, like Gecko) Chrome/112.0.0.0 Safari/537.36 OPR/98.0.0.0" "-"
2a04:cec0:1100:: - - [03/Jun/2023:23:12:38 +0200] "GET /javascript/login.js HTTP/1.1" 200 789 swapmarket.fr "https://swapmarket.fr/login.php" "Mozilla/5.0 (Linux; Android 10; K) AppleWebKit/537.36 (KHTML, like Gecko) Chrome/113.0.0.0 Mobile Safari/537.36" "-"
46.193.5.0 - - [03/Jun/2023:23:12:39 +0200] "GET /favicon.ico HTTP/1.1" 500 645 www.swapmarket.fr "https://www.swapmarket.fr/users.php" "Mozilla/5.0 (Windows NT 10.0; Win64; x64) AppleWebKit/537.36 (KHTML, like Gecko) Chrome/114.0.0.0 Safari/537.36" "-"
2a04:cec0:1100:: - - [03/Jun/2023:23:12:39 +0200] "GET /favicon.ico HTTP/1.1" 500 645 swapmarket.fr "https://swapmarket.fr/login.php" "Mozilla/5.0 (Linux; Android 10; K) AppleWebKit/537.36 (KHTML, like Gecko) Chrome/113.0.0.0 Mobile Safari/537.36" "-"
46.193.5.0 - - [03/Jun/2023:23:12:39 +0200] "GET /php/users.php HTTP/1.1" 200 2380 www.swapmarket.fr "https://www.swapmarket.fr/users.php" "Mozilla/5.0 (Windows NT 10.0; Win64; x64) AppleWebKit/537.36 (KHTML, like Gecko) Chrome/114.0.0.0 Safari/537.36" "-"
2a01:cb04:1000:: - - [03/Jun/2023:23:12:39 +0200] "GET /php/users.php HTTP/1.1" 200 2393 swapmarket.fr "https://swapmarket.fr/users.php" "Mozilla/5.0 (Windows NT 10.0; Win64; x64) AppleWebKit/537.36 (KHTML, like Gecko) Chrome/112.0.0.0 Safari/537.36 OPR/98.0.0.0" "-"
46.193.5.0 - - [03/Jun/2023:23:12:39 +0200] "GET /php/users.php HTTP/1.1" 200 2380 www.swapmarket.fr "https://www.swapmarket.fr/users.php" "Mozilla/5.0 (Windows NT 10.0; Win64; x64) AppleWebKit/537.36 (KHTML, like Gecko) Chrome/114.0.0.0 Safari/537.36" "-"
2a01:cb04:1000:: - - [03/Jun/2023:23:12:39 +0200] "GET /php/users.php HTTP/1.1" 200 2393 swapmarket.fr "https://swapmarket.fr/users.php" "Mozilla/5.0 (Windows NT 10.0; Win64; x64) AppleWebKit/537.36 (KHTML, like Gecko) Chrome/112.0.0.0 Safari/537.36 OPR/98.0.0.0" "-"
46.193.5.0 - - [03/Jun/2023:23:12:40 +0200] "GET /php/users.php HTTP/1.1" 200 2380 www.swapmarket.fr "https://www.swapmarket.fr/users.php" "Mozilla/5.0 (Windows NT 10.0; Win64; x64) AppleWebKit/537.36 (KHTML, like Gecko) Chrome/114.0.0.0 Safari/537.36" "-"
2a01:cb04:1000:: - - [03/Jun/2023:23:12:40 +0200] "GET /php/users.php HTTP/1.1" 200 2393 swapmarket.fr "https://swapmarket.fr/users.php" "Mozilla/5.0 (Windows NT 10.0; Win64; x64) AppleWebKit/537.36 (KHTML, like Gecko) Chrome/112.0.0.0 Safari/537.36 OPR/98.0.0.0" "-"
2a01:cb04:1000:: - - [03/Jun/2023:23:12:40 +0200] "GET /chat.php?user_id=1345618028 HTTP/1.1" 200 5999 swapmarket.fr "https://swapmarket.fr/users.php" "Mozilla/5.0 (Windows NT 10.0; Win64; x64) AppleWebKit/537.36 (KHTML, like Gecko) Chrome/112.0.0.0 Safari/537.36 OPR/98.0.0.0" "-"
2a01:cb04:1000:: - - [03/Jun/2023:23:12:40 +0200] "GET /php/images/profile_picture/1685826751Snapchat-1441458292.jpg HTTP/1.1" 304 - swapmarket.fr "https://swapmarket.fr/chat.php?user_id=1345618028" "Mozilla/5.0 (Windows NT 10.0; Win64; x64) AppleWebKit/537.36 (KHTML, like Gecko) Chrome/112.0.0.0 Safari/537.36 OPR/98.0.0.0" "-"
2a01:cb04:1000:: - - [03/Jun/2023:23:12:40 +0200] "GET /javascript/chat.js HTTP/1.1" 200 1781 swapmarket.fr "https://swapmarket.fr/chat.php?user_id=1345618028" "Mozilla/5.0 (Windows NT 10.0; Win64; x64) AppleWebKit/537.36 (KHTML, like Gecko) Chrome/112.0.0.0 Safari/537.36 OPR/98.0.0.0" "-"
2a01:cb04:1000:: - - [03/Jun/2023:23:12:40 +0200] "GET /favicon.ico HTTP/1.1" 500 645 swapmarket.fr "https://swapmarket.fr/chat.php?user_id=1345618028" "Mozilla/5.0 (Windows NT 10.0; Win64; x64) AppleWebKit/537.36 (KHTML, like Gecko) Chrome/112.0.0.0 Safari/537.36 OPR/98.0.0.0" "-"
46.193.5.0 - - [03/Jun/2023:23:12:40 +0200] "GET /php/users.php HTTP/1.1" 200 2380 www.swapmarket.fr "https://www.swapmarket.fr/users.php" "Mozilla/5.0 (Windows NT 10.0; Win64; x64) AppleWebKit/537.36 (KHTML, like Gecko) Chrome/114.0.0.0 Safari/537.36" "-"
2a01:cb04:1000:: - - [03/Jun/2023:23:12:40 +0200] "GET /php/users.php HTTP/1.1" 200 2393 swapmarket.fr "https://swapmarket.fr/chat.php?user_id=1345618028" "Mozilla/5.0 (Windows NT 10.0; Win64; x64) AppleWebKit/537.36 (KHTML, like Gecko) Chrome/112.0.0.0 Safari/537.36 OPR/98.0.0.0" "-"
2a01:cb04:1000:: - - [03/Jun/2023:23:12:40 +0200] "POST /php/get-chat.php HTTP/1.1" 200 95 swapmarket.fr "https://swapmarket.fr/chat.php?user_id=1345618028" "Mozilla/5.0 (Windows NT 10.0; Win64; x64) AppleWebKit/537.36 (KHTML, like Gecko) Chrome/112.0.0.0 Safari/537.36 OPR/98.0.0.0" "-"
46.193.5.0 - - [03/Jun/2023:23:12:41 +0200] "GET /php/users.php HTTP/1.1" 200 2380 www.swapmarket.fr "https://www.swapmarket.fr/users.php" "Mozilla/5.0 (Windows NT 10.0; Win64; x64) AppleWebKit/537.36 (KHTML, like Gecko) Chrome/114.0.0.0 Safari/537.36" "-"
2a01:cb04:1000:: - - [03/Jun/2023:23:12:41 +0200] "GET /php/users.php HTTP/1.1" 200 2393 swapmarket.fr "https://swapmarket.fr/chat.php?user_id=1345618028" "Mozilla/5.0 (Windows NT 10.0; Win64; x64) AppleWebKit/537.36 (KHTML, like Gecko) Chrome/112.0.0.0 Safari/537.36 OPR/98.0.0.0" "-"
2a01:cb04:1000:: - - [03/Jun/2023:23:12:41 +0200] "POST /php/get-chat.php HTTP/1.1" 200 95 swapmarket.fr "https://swapmarket.fr/chat.php?user_id=1345618028" "Mozilla/5.0 (Windows NT 10.0; Win64; x64) AppleWebKit/537.36 (KHTML, like Gecko) Chrome/112.0.0.0 Safari/537.36 OPR/98.0.0.0" "-"
46.193.5.0 - - [03/Jun/2023:23:12:41 +0200] "GET /php/users.php HTTP/1.1" 200 2380 www.swapmarket.fr "https://www.swapmarket.fr/users.php" "Mozilla/5.0 (Windows NT 10.0; Win64; x64) AppleWebKit/537.36 (KHTML, like Gecko) Chrome/114.0.0.0 Safari/537.36" "-"
2a01:cb04:1000:: - - [03/Jun/2023:23:12:41 +0200] "GET /php/users.php HTTP/1.1" 200 2393 swapmarket.fr "https://swapmarket.fr/chat.php?user_id=1345618028" "Mozilla/5.0 (Windows NT 10.0; Win64; x64) AppleWebKit/537.36 (KHTML, like Gecko) Chrome/112.0.0.0 Safari/537.36 OPR/98.0.0.0" "-"
2a01:cb04:1000:: - - [03/Jun/2023:23:12:41 +0200] "POST /php/get-chat.php HTTP/1.1" 200 95 swapmarket.fr "https://swapmarket.fr/chat.php?user_id=1345618028" "Mozilla/5.0 (Windows NT 10.0; Win64; x64) AppleWebKit/537.36 (KHTML, like Gecko) Chrome/112.0.0.0 Safari/537.36 OPR/98.0.0.0" "-"
46.193.5.0 - - [03/Jun/2023:23:12:42 +0200] "GET /php/users.php HTTP/1.1" 200 2380 www.swapmarket.fr "https://www.swapmarket.fr/users.php" "Mozilla/5.0 (Windows NT 10.0; Win64; x64) AppleWebKit/537.36 (KHTML, like Gecko) Chrome/114.0.0.0 Safari/537.36" "-"
2a01:cb04:1000:: - - [03/Jun/2023:23:12:42 +0200] "GET /users.php HTTP/1.1" 200 3089 swapmarket.fr "https://swapmarket.fr/chat.php?user_id=1345618028" "Mozilla/5.0 (Windows NT 10.0; Win64; x64) AppleWebKit/537.36 (KHTML, like Gecko) Chrome/112.0.0.0 Safari/537.36 OPR/98.0.0.0" "-"
2a01:cb04:1000:: - - [03/Jun/2023:23:12:42 +0200] "GET /favicon.ico HTTP/1.1" 500 645 swapmarket.fr "https://swapmarket.fr/users.php" "Mozilla/5.0 (Windows NT 10.0; Win64; x64) AppleWebKit/537.36 (KHTML, like Gecko) Chrome/112.0.0.0 Safari/537.36 OPR/98.0.0.0" "-"
46.193.5.0 - - [03/Jun/2023:23:12:42 +0200] "GET /php/users.php HTTP/1.1" 200 2380 www.swapmarket.fr "https://www.swapmarket.fr/users.php" "Mozilla/5.0 (Windows NT 10.0; Win64; x64) AppleWebKit/537.36 (KHTML, like Gecko) Chrome/114.0.0.0 Safari/537.36" "-"
2a01:cb04:1000:: - - [03/Jun/2023:23:12:42 +0200] "GET /php/users.php HTTP/1.1" 200 2393 swapmarket.fr "https://swapmarket.fr/users.php" "Mozilla/5.0 (Windows NT 10.0; Win64; x64) AppleWebKit/537.36 (KHTML, like Gecko) Chrome/112.0.0.0 Safari/537.36 OPR/98.0.0.0" "-"
2a01:cb04:1000:: - - [03/Jun/2023:23:12:42 +0200] "GET /php/images/profile_picture/1685826751Snapchat-1441458292.jpg HTTP/1.1" 304 - swapmarket.fr "https://swapmarket.fr/users.php" "Mozilla/5.0 (Windows NT 10.0; Win64; x64) AppleWebKit/537.36 (KHTML, like Gecko) Chrome/112.0.0.0 Safari/537.36 OPR/98.0.0.0" "-"
46.193.5.0 - - [03/Jun/2023:23:12:43 +0200] "GET /php/users.php HTTP/1.1" 200 2380 www.swapmarket.fr "https://www.swapmarket.fr/users.php" "Mozilla/5.0 (Windows NT 10.0; Win64; x64) AppleWebKit/537.36 (KHTML, like Gecko) Chrome/114.0.0.0 Safari/537.36" "-"
2a01:cb04:1000:: - - [03/Jun/2023:23:12:43 +0200] "GET /php/users.php HTTP/1.1" 200 2393 swapmarket.fr "https://swapmarket.fr/users.php" "Mozilla/5.0 (Windows NT 10.0; Win64; x64) AppleWebKit/537.36 (KHTML, like Gecko) Chrome/112.0.0.0 Safari/537.36 OPR/98.0.0.0" "-"
46.193.5.0 - - [03/Jun/2023:23:12:43 +0200] "GET /php/users.php HTTP/1.1" 200 2380 www.swapmarket.fr "https://www.swapmarket.fr/users.php" "Mozilla/5.0 (Windows NT 10.0; Win64; x64) AppleWebKit/537.36 (KHTML, like Gecko) Chrome/114.0.0.0 Safari/537.36" "-"
2a01:cb04:1000:: - - [03/Jun/2023:23:12:43 +0200] "GET /php/users.php HTTP/1.1" 200 2393 swapmarket.fr "https://swapmarket.fr/users.php" "Mozilla/5.0 (Windows NT 10.0; Win64; x64) AppleWebKit/537.36 (KHTML, like Gecko) Chrome/112.0.0.0 Safari/537.36 OPR/98.0.0.0" "-"
46.193.5.0 - - [03/Jun/2023:23:12:44 +0200] "GET /php/users.php HTTP/1.1" 200 2380 www.swapmarket.fr "https://www.swapmarket.fr/users.php" "Mozilla/5.0 (Windows NT 10.0; Win64; x64) AppleWebKit/537.36 (KHTML, like Gecko) Chrome/114.0.0.0 Safari/537.36" "-"
2a01:cb04:1000:: - - [03/Jun/2023:23:12:44 +0200] "GET /php/users.php HTTP/1.1" 200 2393 swapmarket.fr "https://swapmarket.fr/users.php" "Mozilla/5.0 (Windows NT 10.0; Win64; x64) AppleWebKit/537.36 (KHTML, like Gecko) Chrome/112.0.0.0 Safari/537.36 OPR/98.0.0.0" "-"
46.193.5.0 - - [03/Jun/2023:23:12:44 +0200] "GET /chat.php?user_id=881293111 HTTP/1.1" 200 5996 www.swapmarket.fr "https://www.swapmarket.fr/users.php" "Mozilla/5.0 (Windows NT 10.0; Win64; x64) AppleWebKit/537.36 (KHTML, like Gecko) Chrome/114.0.0.0 Safari/537.36" "-"
46.193.5.0 - - [03/Jun/2023:23:12:44 +0200] "GET /php/users.php HTTP/1.1" 200 2380 www.swapmarket.fr "https://www.swapmarket.fr/users.php" "Mozilla/5.0 (Windows NT 10.0; Win64; x64) AppleWebKit/537.36 (KHTML, like Gecko) Chrome/114.0.0.0 Safari/537.36" "-"
46.193.5.0 - - [03/Jun/2023:23:12:44 +0200] "GET /javascript/chat.js HTTP/1.1" 200 1781 www.swapmarket.fr "https://www.swapmarket.fr/chat.php?user_id=881293111" "Mozilla/5.0 (Windows NT 10.0; Win64; x64) AppleWebKit/537.36 (KHTML, like Gecko) Chrome/114.0.0.0 Safari/537.36" "-"
46.193.5.0 - - [03/Jun/2023:23:12:44 +0200] "GET /php/images/profile_picture/1685826751Snapchat-1441458292.jpg HTTP/1.1" 304 - www.swapmarket.fr "https://www.swapmarket.fr/chat.php?user_id=881293111" "Mozilla/5.0 (Windows NT 10.0; Win64; x64) AppleWebKit/537.36 (KHTML, like Gecko) Chrome/114.0.0.0 Safari/537.36" "-"
2a01:cb04:1000:: - - [03/Jun/2023:23:12:44 +0200] "GET /php/users.php HTTP/1.1" 200 2393 swapmarket.fr "https://swapmarket.fr/users.php" "Mozilla/5.0 (Windows NT 10.0; Win64; x64) AppleWebKit/537.36 (KHTML, like Gecko) Chrome/112.0.0.0 Safari/537.36 OPR/98.0.0.0" "-"
46.193.5.0 - - [03/Jun/2023:23:12:45 +0200] "GET /favicon.ico HTTP/1.1" 500 645 www.swapmarket.fr "https://www.swapmarket.fr/chat.php?user_id=881293111" "Mozilla/5.0 (Windows NT 10.0; Win64; x64) AppleWebKit/537.36 (KHTML, like Gecko) Chrome/114.0.0.0 Safari/537.36" "-"
46.193.5.0 - - [03/Jun/2023:23:12:45 +0200] "GET /php/users.php HTTP/1.1" 200 2380 www.swapmarket.fr "https://www.swapmarket.fr/chat.php?user_id=881293111" "Mozilla/5.0 (Windows NT 10.0; Win64; x64) AppleWebKit/537.36 (KHTML, like Gecko) Chrome/114.0.0.0 Safari/537.36" "-"
46.193.5.0 - - [03/Jun/2023:23:12:45 +0200] "POST /php/get-chat.php HTTP/1.1" 200 95 www.swapmarket.fr "https://www.swapmarket.fr/chat.php?user_id=881293111" "Mozilla/5.0 (Windows NT 10.0; Win64; x64) AppleWebKit/537.36 (KHTML, like Gecko) Chrome/114.0.0.0 Safari/537.36" "-"
2a01:cb04:1000:: - - [03/Jun/2023:23:12:45 +0200] "GET /php/users.php HTTP/1.1" 200 2393 swapmarket.fr "https://swapmarket.fr/users.php" "Mozilla/5.0 (Windows NT 10.0; Win64; x64) AppleWebKit/537.36 (KHTML, like Gecko) Chrome/112.0.0.0 Safari/537.36 OPR/98.0.0.0" "-"
2a04:cec0:1100:: - - [03/Jun/2023:23:12:45 +0200] "POST /php/login.php HTTP/1.1" 200 7 swapmarket.fr "https://swapmarket.fr/login.php" "Mozilla/5.0 (Linux; Android 10; K) AppleWebKit/537.36 (KHTML, like Gecko) Chrome/113.0.0.0 Mobile Safari/537.36" "-"
2a04:cec0:1100:: - - [03/Jun/2023:23:12:45 +0200] "GET /users.php HTTP/1.1" 200 3079 swapmarket.fr "https://swapmarket.fr/login.php" "Mozilla/5.0 (Linux; Android 10; K) AppleWebKit/537.36 (KHTML, like Gecko) Chrome/113.0.0.0 Mobile Safari/537.36" "-"
2a04:cec0:1100:: - - [03/Jun/2023:23:12:45 +0200] "GET /javascript/users.js HTTP/1.1" 200 1391 swapmarket.fr "https://swapmarket.fr/users.php" "Mozilla/5.0 (Linux; Android 10; K) AppleWebKit/537.36 (KHTML, like Gecko) Chrome/113.0.0.0 Mobile Safari/537.36" "-"
2a04:cec0:1100:: - - [03/Jun/2023:23:12:45 +0200] "GET /php/images/profile_picture/default.png HTTP/1.1" 200 26523 swapmarket.fr "https://swapmarket.fr/users.php" "Mozilla/5.0 (Linux; Android 10; K) AppleWebKit/537.36 (KHTML, like Gecko) Chrome/113.0.0.0 Mobile Safari/537.36" "-"
46.193.5.0 - - [03/Jun/2023:23:12:45 +0200] "POST /php/get-chat.php HTTP/1.1" 200 95 www.swapmarket.fr "https://www.swapmarket.fr/chat.php?user_id=881293111" "Mozilla/5.0 (Windows NT 10.0; Win64; x64) AppleWebKit/537.36 (KHTML, like Gecko) Chrome/114.0.0.0 Safari/537.36" "-"
46.193.5.0 - - [03/Jun/2023:23:12:45 +0200] "GET /php/users.php HTTP/1.1" 200 2373 www.swapmarket.fr "https://www.swapmarket.fr/chat.php?user_id=881293111" "Mozilla/5.0 (Windows NT 10.0; Win64; x64) AppleWebKit/537.36 (KHTML, like Gecko) Chrome/114.0.0.0 Safari/537.36" "-"
2a04:cec0:1100:: - - [03/Jun/2023:23:12:45 +0200] "GET /favicon.ico HTTP/1.1" 500 645 swapmarket.fr "https://swapmarket.fr/users.php" "Mozilla/5.0 (Linux; Android 10; K) AppleWebKit/537.36 (KHTML, like Gecko) Chrome/113.0.0.0 Mobile Safari/537.36" "-"
2a01:cb04:1000:: - - [03/Jun/2023:23:12:45 +0200] "GET /php/users.php HTTP/1.1" 200 2386 swapmarket.fr "https://swapmarket.fr/users.php" "Mozilla/5.0 (Windows NT 10.0; Win64; x64) AppleWebKit/537.36 (KHTML, like Gecko) Chrome/112.0.0.0 Safari/537.36 OPR/98.0.0.0" "-"
46.193.5.0 - - [03/Jun/2023:23:12:46 +0200] "GET /php/users.php HTTP/1.1" 200 2373 www.swapmarket.fr "https://www.swapmarket.fr/chat.php?user_id=881293111" "Mozilla/5.0 (Windows NT 10.0; Win64; x64) AppleWebKit/537.36 (KHTML, like Gecko) Chrome/114.0.0.0 Safari/537.36" "-"
46.193.5.0 - - [03/Jun/2023:23:12:46 +0200] "POST /php/get-chat.php HTTP/1.1" 200 95 www.swapmarket.fr "https://www.swapmarket.fr/chat.php?user_id=881293111" "Mozilla/5.0 (Windows NT 10.0; Win64; x64) AppleWebKit/537.36 (KHTML, like Gecko) Chrome/114.0.0.0 Safari/537.36" "-"
2a04:cec0:1100:: - - [03/Jun/2023:23:12:46 +0200] "GET /php/users.php HTTP/1.1" 200 2401 swapmarket.fr "https://swapmarket.fr/users.php" "Mozilla/5.0 (Linux; Android 10; K) AppleWebKit/537.36 (KHTML, like Gecko) Chrome/113.0.0.0 Mobile Safari/537.36" "-"
2a01:cb04:1000:: - - [03/Jun/2023:23:12:46 +0200] "GET /php/users.php HTTP/1.1" 200 2386 swapmarket.fr "https://swapmarket.fr/users.php" "Mozilla/5.0 (Windows NT 10.0; Win64; x64) AppleWebKit/537.36 (KHTML, like Gecko) Chrome/112.0.0.0 Safari/537.36 OPR/98.0.0.0" "-"
2a04:cec0:1100:: - - [03/Jun/2023:23:12:46 +0200] "GET /php/images/profile_picture/1685826751Snapchat-1441458292.jpg HTTP/1.1" 200 155987 swapmarket.fr "https://swapmarket.fr/users.php" "Mozilla/5.0 (Linux; Android 10; K) AppleWebKit/537.36 (KHTML, like Gecko) Chrome/113.0.0.0 Mobile Safari/537.36" "-"
2a04:cec0:1100:: - - [03/Jun/2023:23:12:46 +0200] "GET /php/images/profile_picture/1685455698M%C3%A9daille%20Silver%202023.png HTTP/1.1" 200 499093 swapmarket.fr "https://swapmarket.fr/users.php" "Mozilla/5.0 (Linux; Android 10; K) AppleWebKit/537.36 (KHTML, like Gecko) Chrome/113.0.0.0 Mobile Safari/537.36" "-"
2a04:cec0:1100:: - - [03/Jun/2023:23:12:46 +0200] "GET /php/images/profile_picture/1685411660darkcarlo.jpg HTTP/1.1" 200 14512 swapmarket.fr "https://swapmarket.fr/users.php" "Mozilla/5.0 (Linux; Android 10; K) AppleWebKit/537.36 (KHTML, like Gecko) Chrome/113.0.0.0 Mobile Safari/537.36" "-"
2a04:cec0:1100:: - - [03/Jun/2023:23:12:46 +0200] "GET /php/images/profile_picture/carla.jpg HTTP/1.1" 200 14427 swapmarket.fr "https://swapmarket.fr/users.php" "Mozilla/5.0 (Linux; Android 10; K) AppleWebKit/537.36 (KHTML, like Gecko) Chrome/113.0.0.0 Mobile Safari/537.36" "-"
2a04:cec0:1100:: - - [03/Jun/2023:23:12:46 +0200] "GET /php/images/profile_picture/carlo.png HTTP/1.1" 200 232845 swapmarket.fr "https://swapmarket.fr/users.php" "Mozilla/5.0 (Linux; Android 10; K) AppleWebKit/537.36 (KHTML, like Gecko) Chrome/113.0.0.0 Mobile Safari/537.36" "-"
46.193.5.0 - - [03/Jun/2023:23:12:46 +0200] "POST /php/get-chat.php HTTP/1.1" 200 95 www.swapmarket.fr "https://www.swapmarket.fr/chat.php?user_id=881293111" "Mozilla/5.0 (Windows NT 10.0; Win64; x64) AppleWebKit/537.36 (KHTML, like Gecko) Chrome/114.0.0.0 Safari/537.36" "-"
46.193.5.0 - - [03/Jun/2023:23:12:46 +0200] "GET /php/users.php HTTP/1.1" 200 2373 www.swapmarket.fr "https://www.swapmarket.fr/chat.php?user_id=881293111" "Mozilla/5.0 (Windows NT 10.0; Win64; x64) AppleWebKit/537.36 (KHTML, like Gecko) Chrome/114.0.0.0 Safari/537.36" "-"
2a01:cb04:1000:: - - [03/Jun/2023:23:12:46 +0200] "GET /php/users.php HTTP/1.1" 200 2386 swapmarket.fr "https://swapmarket.fr/users.php" "Mozilla/5.0 (Windows NT 10.0; Win64; x64) AppleWebKit/537.36 (KHTML, like Gecko) Chrome/112.0.0.0 Safari/537.36 OPR/98.0.0.0" "-"
2a04:cec0:1100:: - - [03/Jun/2023:23:12:46 +0200] "GET /php/users.php HTTP/1.1" 200 2401 swapmarket.fr "https://swapmarket.fr/users.php" "Mozilla/5.0 (Linux; Android 10; K) AppleWebKit/537.36 (KHTML, like Gecko) Chrome/113.0.0.0 Mobile Safari/537.36" "-"
46.193.5.0 - - [03/Jun/2023:23:12:47 +0200] "GET /php/users.php HTTP/1.1" 200 2373 www.swapmarket.fr "https://www.swapmarket.fr/chat.php?user_id=881293111" "Mozilla/5.0 (Windows NT 10.0; Win64; x64) AppleWebKit/537.36 (KHTML, like Gecko) Chrome/114.0.0.0 Safari/537.36" "-"
46.193.5.0 - - [03/Jun/2023:23:12:47 +0200] "POST /php/get-chat.php HTTP/1.1" 200 95 www.swapmarket.fr "https://www.swapmarket.fr/chat.php?user_id=881293111" "Mozilla/5.0 (Windows NT 10.0; Win64; x64) AppleWebKit/537.36 (KHTML, like Gecko) Chrome/114.0.0.0 Safari/537.36" "-"
2a01:cb04:1000:: - - [03/Jun/2023:23:12:47 +0200] "GET /php/users.php HTTP/1.1" 200 2386 swapmarket.fr "https://swapmarket.fr/users.php" "Mozilla/5.0 (Windows NT 10.0; Win64; x64) AppleWebKit/537.36 (KHTML, like Gecko) Chrome/112.0.0.0 Safari/537.36 OPR/98.0.0.0" "-"
46.193.5.0 - - [03/Jun/2023:23:12:47 +0200] "POST /php/get-chat.php HTTP/1.1" 200 95 www.swapmarket.fr "https://www.swapmarket.fr/chat.php?user_id=881293111" "Mozilla/5.0 (Windows NT 10.0; Win64; x64) AppleWebKit/537.36 (KHTML, like Gecko) Chrome/114.0.0.0 Safari/537.36" "-"
46.193.5.0 - - [03/Jun/2023:23:12:47 +0200] "GET /php/users.php HTTP/1.1" 200 2373 www.swapmarket.fr "https://www.swapmarket.fr/chat.php?user_id=881293111" "Mozilla/5.0 (Windows NT 10.0; Win64; x64) AppleWebKit/537.36 (KHTML, like Gecko) Chrome/114.0.0.0 Safari/537.36" "-"
2a04:cec0:1100:: - - [03/Jun/2023:23:12:47 +0200] "GET /php/users.php HTTP/1.1" 200 2401 swapmarket.fr "https://swapmarket.fr/users.php" "Mozilla/5.0 (Linux; Android 10; K) AppleWebKit/537.36 (KHTML, like Gecko) Chrome/113.0.0.0 Mobile Safari/537.36" "-"
2a01:cb04:1000:: - - [03/Jun/2023:23:12:47 +0200] "GET /php/users.php HTTP/1.1" 200 2386 swapmarket.fr "https://swapmarket.fr/users.php" "Mozilla/5.0 (Windows NT 10.0; Win64; x64) AppleWebKit/537.36 (KHTML, like Gecko) Chrome/112.0.0.0 Safari/537.36 OPR/98.0.0.0" "-"
2a04:cec0:1100:: - - [03/Jun/2023:23:12:47 +0200] "GET /php/users.php HTTP/1.1" 200 2401 swapmarket.fr "https://swapmarket.fr/users.php" "Mozilla/5.0 (Linux; Android 10; K) AppleWebKit/537.36 (KHTML, like Gecko) Chrome/113.0.0.0 Mobile Safari/537.36" "-"
46.193.5.0 - - [03/Jun/2023:23:12:48 +0200] "POST /php/get-chat.php HTTP/1.1" 200 95 www.swapmarket.fr "https://www.swapmarket.fr/chat.php?user_id=881293111" "Mozilla/5.0 (Windows NT 10.0; Win64; x64) AppleWebKit/537.36 (KHTML, like Gecko) Chrome/114.0.0.0 Safari/537.36" "-"
46.193.5.0 - - [03/Jun/2023:23:12:48 +0200] "GET /php/users.php HTTP/1.1" 200 2373 www.swapmarket.fr "https://www.swapmarket.fr/chat.php?user_id=881293111" "Mozilla/5.0 (Windows NT 10.0; Win64; x64) AppleWebKit/537.36 (KHTML, like Gecko) Chrome/114.0.0.0 Safari/537.36" "-"
2a01:cb04:1000:: - - [03/Jun/2023:23:12:48 +0200] "GET /php/users.php HTTP/1.1" 200 2386 swapmarket.fr "https://swapmarket.fr/users.php" "Mozilla/5.0 (Windows NT 10.0; Win64; x64) AppleWebKit/537.36 (KHTML, like Gecko) Chrome/112.0.0.0 Safari/537.36 OPR/98.0.0.0" "-"
2a04:cec0:1100:: - - [03/Jun/2023:23:12:48 +0200] "GET /php/users.php HTTP/1.1" 200 2401 swapmarket.fr "https://swapmarket.fr/users.php" "Mozilla/5.0 (Linux; Android 10; K) AppleWebKit/537.36 (KHTML, like Gecko) Chrome/113.0.0.0 Mobile Safari/537.36" "-"
2a04:cec0:1100:: - - [03/Jun/2023:23:12:48 +0200] "GET /chat.php?user_id=1345618028 HTTP/1.1" 200 5989 swapmarket.fr "https://swapmarket.fr/users.php" "Mozilla/5.0 (Linux; Android 10; K) AppleWebKit/537.36 (KHTML, like Gecko) Chrome/113.0.0.0 Mobile Safari/537.36" "-"
2a04:cec0:1100:: - - [03/Jun/2023:23:12:48 +0200] "GET /javascript/chat.js HTTP/1.1" 200 1781 swapmarket.fr "https://swapmarket.fr/chat.php?user_id=1345618028" "Mozilla/5.0 (Linux; Android 10; K) AppleWebKit/537.36 (KHTML, like Gecko) Chrome/113.0.0.0 Mobile Safari/537.36" "-"
2a04:cec0:1100:: - - [03/Jun/2023:23:12:48 +0200] "GET /php/images/profile_picture/1685826751Snapchat-1441458292.jpg HTTP/1.1" 304 - swapmarket.fr "https://swapmarket.fr/chat.php?user_id=1345618028" "Mozilla/5.0 (Linux; Android 10; K) AppleWebKit/537.36 (KHTML, like Gecko) Chrome/113.0.0.0 Mobile Safari/537.36" "-"
46.193.5.0 - - [03/Jun/2023:23:12:48 +0200] "GET /php/users.php HTTP/1.1" 200 2373 www.swapmarket.fr "https://www.swapmarket.fr/chat.php?user_id=881293111" "Mozilla/5.0 (Windows NT 10.0; Win64; x64) AppleWebKit/537.36 (KHTML, like Gecko) Chrome/114.0.0.0 Safari/537.36" "-"
46.193.5.0 - - [03/Jun/2023:23:12:48 +0200] "POST /php/get-chat.php HTTP/1.1" 200 95 www.swapmarket.fr "https://www.swapmarket.fr/chat.php?user_id=881293111" "Mozilla/5.0 (Windows NT 10.0; Win64; x64) AppleWebKit/537.36 (KHTML, like Gecko) Chrome/114.0.0.0 Safari/537.36" "-"
2a01:cb04:1000:: - - [03/Jun/2023:23:12:48 +0200] "GET /php/users.php HTTP/1.1" 200 2386 swapmarket.fr "https://swapmarket.fr/users.php" "Mozilla/5.0 (Windows NT 10.0; Win64; x64) AppleWebKit/537.36 (KHTML, like Gecko) Chrome/112.0.0.0 Safari/537.36 OPR/98.0.0.0" "-"
2a04:cec0:1100:: - - [03/Jun/2023:23:12:48 +0200] "GET /favicon.ico HTTP/1.1" 500 645 swapmarket.fr "https://swapmarket.fr/chat.php?user_id=1345618028" "Mozilla/5.0 (Linux; Android 10; K) AppleWebKit/537.36 (KHTML, like Gecko) Chrome/113.0.0.0 Mobile Safari/537.36" "-"
46.193.5.0 - - [03/Jun/2023:23:12:49 +0200] "POST /php/get-chat.php HTTP/1.1" 200 95 www.swapmarket.fr "https://www.swapmarket.fr/chat.php?user_id=881293111" "Mozilla/5.0 (Windows NT 10.0; Win64; x64) AppleWebKit/537.36 (KHTML, like Gecko) Chrome/114.0.0.0 Safari/537.36" "-"
46.193.5.0 - - [03/Jun/2023:23:12:49 +0200] "GET /php/users.php HTTP/1.1" 200 2373 www.swapmarket.fr "https://www.swapmarket.fr/chat.php?user_id=881293111" "Mozilla/5.0 (Windows NT 10.0; Win64; x64) AppleWebKit/537.36 (KHTML, like Gecko) Chrome/114.0.0.0 Safari/537.36" "-"
2a01:cb04:1000:: - - [03/Jun/2023:23:12:49 +0200] "GET /php/users.php HTTP/1.1" 200 2386 swapmarket.fr "https://swapmarket.fr/users.php" "Mozilla/5.0 (Windows NT 10.0; Win64; x64) AppleWebKit/537.36 (KHTML, like Gecko) Chrome/112.0.0.0 Safari/537.36 OPR/98.0.0.0" "-"
2a04:cec0:1100:: - - [03/Jun/2023:23:12:49 +0200] "GET /php/users.php HTTP/1.1" 200 2401 swapmarket.fr "https://swapmarket.fr/chat.php?user_id=1345618028" "Mozilla/5.0 (Linux; Android 10; K) AppleWebKit/537.36 (KHTML, like Gecko) Chrome/113.0.0.0 Mobile Safari/537.36" "-"
2a04:cec0:1100:: - - [03/Jun/2023:23:12:49 +0200] "POST /php/get-chat.php HTTP/1.1" 200 95 swapmarket.fr "https://swapmarket.fr/chat.php?user_id=1345618028" "Mozilla/5.0 (Linux; Android 10; K) AppleWebKit/537.36 (KHTML, like Gecko) Chrome/113.0.0.0 Mobile Safari/537.36" "-"
46.193.5.0 - - [03/Jun/2023:23:12:49 +0200] "GET /php/users.php HTTP/1.1" 200 2373 www.swapmarket.fr "https://www.swapmarket.fr/chat.php?user_id=881293111" "Mozilla/5.0 (Windows NT 10.0; Win64; x64) AppleWebKit/537.36 (KHTML, like Gecko) Chrome/114.0.0.0 Safari/537.36" "-"
46.193.5.0 - - [03/Jun/2023:23:12:49 +0200] "POST /php/get-chat.php HTTP/1.1" 200 95 www.swapmarket.fr "https://www.swapmarket.fr/chat.php?user_id=881293111" "Mozilla/5.0 (Windows NT 10.0; Win64; x64) AppleWebKit/537.36 (KHTML, like Gecko) Chrome/114.0.0.0 Safari/537.36" "-"
2a01:cb04:1000:: - - [03/Jun/2023:23:12:49 +0200] "GET /php/users.php HTTP/1.1" 200 2386 swapmarket.fr "https://swapmarket.fr/users.php" "Mozilla/5.0 (Windows NT 10.0; Win64; x64) AppleWebKit/537.36 (KHTML, like Gecko) Chrome/112.0.0.0 Safari/537.36 OPR/98.0.0.0" "-"
2a04:cec0:1100:: - - [03/Jun/2023:23:12:49 +0200] "POST /php/get-chat.php HTTP/1.1" 200 95 swapmarket.fr "https://swapmarket.fr/chat.php?user_id=1345618028" "Mozilla/5.0 (Linux; Android 10; K) AppleWebKit/537.36 (KHTML, like Gecko) Chrome/113.0.0.0 Mobile Safari/537.36" "-"
2a04:cec0:1100:: - - [03/Jun/2023:23:12:49 +0200] "GET /php/users.php HTTP/1.1" 200 2401 swapmarket.fr "https://swapmarket.fr/chat.php?user_id=1345618028" "Mozilla/5.0 (Linux; Android 10; K) AppleWebKit/537.36 (KHTML, like Gecko) Chrome/113.0.0.0 Mobile Safari/537.36" "-"
46.193.5.0 - - [03/Jun/2023:23:12:50 +0200] "POST /php/get-chat.php HTTP/1.1" 200 95 www.swapmarket.fr "https://www.swapmarket.fr/chat.php?user_id=881293111" "Mozilla/5.0 (Windows NT 10.0; Win64; x64) AppleWebKit/537.36 (KHTML, like Gecko) Chrome/114.0.0.0 Safari/537.36" "-"
46.193.5.0 - - [03/Jun/2023:23:12:50 +0200] "GET /php/users.php HTTP/1.1" 200 2373 www.swapmarket.fr "https://www.swapmarket.fr/chat.php?user_id=881293111" "Mozilla/5.0 (Windows NT 10.0; Win64; x64) AppleWebKit/537.36 (KHTML, like Gecko) Chrome/114.0.0.0 Safari/537.36" "-"
2a01:cb04:1000:: - - [03/Jun/2023:23:12:50 +0200] "GET /php/users.php HTTP/1.1" 200 2386 swapmarket.fr "https://swapmarket.fr/users.php" "Mozilla/5.0 (Windows NT 10.0; Win64; x64) AppleWebKit/537.36 (KHTML, like Gecko) Chrome/112.0.0.0 Safari/537.36 OPR/98.0.0.0" "-"
2a04:cec0:1100:: - - [03/Jun/2023:23:12:50 +0200] "POST /php/get-chat.php HTTP/1.1" 200 95 swapmarket.fr "https://swapmarket.fr/chat.php?user_id=1345618028" "Mozilla/5.0 (Linux; Android 10; K) AppleWebKit/537.36 (KHTML, like Gecko) Chrome/113.0.0.0 Mobile Safari/537.36" "-"
2a04:cec0:1100:: - - [03/Jun/2023:23:12:50 +0200] "GET /php/users.php HTTP/1.1" 200 2401 swapmarket.fr "https://swapmarket.fr/chat.php?user_id=1345618028" "Mozilla/5.0 (Linux; Android 10; K) AppleWebKit/537.36 (KHTML, like Gecko) Chrome/113.0.0.0 Mobile Safari/537.36" "-"
46.193.5.0 - - [03/Jun/2023:23:12:50 +0200] "POST /php/get-chat.php HTTP/1.1" 200 95 www.swapmarket.fr "https://www.swapmarket.fr/chat.php?user_id=881293111" "Mozilla/5.0 (Windows NT 10.0; Win64; x64) AppleWebKit/537.36 (KHTML, like Gecko) Chrome/114.0.0.0 Safari/537.36" "-"
46.193.5.0 - - [03/Jun/2023:23:12:50 +0200] "GET /php/users.php HTTP/1.1" 200 2373 www.swapmarket.fr "https://www.swapmarket.fr/chat.php?user_id=881293111" "Mozilla/5.0 (Windows NT 10.0; Win64; x64) AppleWebKit/537.36 (KHTML, like Gecko) Chrome/114.0.0.0 Safari/537.36" "-"
2a01:cb04:1000:: - - [03/Jun/2023:23:12:50 +0200] "GET /php/users.php HTTP/1.1" 200 2386 swapmarket.fr "https://swapmarket.fr/users.php" "Mozilla/5.0 (Windows NT 10.0; Win64; x64) AppleWebKit/537.36 (KHTML, like Gecko) Chrome/112.0.0.0 Safari/537.36 OPR/98.0.0.0" "-"
2a04:cec0:1100:: - - [03/Jun/2023:23:12:50 +0200] "POST /php/get-chat.php HTTP/1.1" 200 95 swapmarket.fr "https://swapmarket.fr/chat.php?user_id=1345618028" "Mozilla/5.0 (Linux; Android 10; K) AppleWebKit/537.36 (KHTML, like Gecko) Chrome/113.0.0.0 Mobile Safari/537.36" "-"
2a04:cec0:1100:: - - [03/Jun/2023:23:12:50 +0200] "GET /php/users.php HTTP/1.1" 200 2401 swapmarket.fr "https://swapmarket.fr/chat.php?user_id=1345618028" "Mozilla/5.0 (Linux; Android 10; K) AppleWebKit/537.36 (KHTML, like Gecko) Chrome/113.0.0.0 Mobile Safari/537.36" "-"
46.193.5.0 - - [03/Jun/2023:23:12:51 +0200] "POST /php/get-chat.php HTTP/1.1" 200 95 www.swapmarket.fr "https://www.swapmarket.fr/chat.php?user_id=881293111" "Mozilla/5.0 (Windows NT 10.0; Win64; x64) AppleWebKit/537.36 (KHTML, like Gecko) Chrome/114.0.0.0 Safari/537.36" "-"
46.193.5.0 - - [03/Jun/2023:23:12:51 +0200] "GET /php/users.php HTTP/1.1" 200 2373 www.swapmarket.fr "https://www.swapmarket.fr/chat.php?user_id=881293111" "Mozilla/5.0 (Windows NT 10.0; Win64; x64) AppleWebKit/537.36 (KHTML, like Gecko) Chrome/114.0.0.0 Safari/537.36" "-"
2a04:cec0:1100:: - - [03/Jun/2023:23:12:51 +0200] "POST /php/get-chat.php HTTP/1.1" 200 95 swapmarket.fr "https://swapmarket.fr/chat.php?user_id=1345618028" "Mozilla/5.0 (Linux; Android 10; K) AppleWebKit/537.36 (KHTML, like Gecko) Chrome/113.0.0.0 Mobile Safari/537.36" "-"
2a01:cb04:1000:: - - [03/Jun/2023:23:12:51 +0200] "GET /php/users.php HTTP/1.1" 200 2386 swapmarket.fr "https://swapmarket.fr/users.php" "Mozilla/5.0 (Windows NT 10.0; Win64; x64) AppleWebKit/537.36 (KHTML, like Gecko) Chrome/112.0.0.0 Safari/537.36 OPR/98.0.0.0" "-"
2a04:cec0:1100:: - - [03/Jun/2023:23:12:51 +0200] "GET /php/users.php HTTP/1.1" 200 2401 swapmarket.fr "https://swapmarket.fr/chat.php?user_id=1345618028" "Mozilla/5.0 (Linux; Android 10; K) AppleWebKit/537.36 (KHTML, like Gecko) Chrome/113.0.0.0 Mobile Safari/537.36" "-"
46.193.5.0 - - [03/Jun/2023:23:12:51 +0200] "POST /php/get-chat.php HTTP/1.1" 200 95 www.swapmarket.fr "https://www.swapmarket.fr/chat.php?user_id=881293111" "Mozilla/5.0 (Windows NT 10.0; Win64; x64) AppleWebKit/537.36 (KHTML, like Gecko) Chrome/114.0.0.0 Safari/537.36" "-"
46.193.5.0 - - [03/Jun/2023:23:12:51 +0200] "GET /php/users.php HTTP/1.1" 200 2373 www.swapmarket.fr "https://www.swapmarket.fr/chat.php?user_id=881293111" "Mozilla/5.0 (Windows NT 10.0; Win64; x64) AppleWebKit/537.36 (KHTML, like Gecko) Chrome/114.0.0.0 Safari/537.36" "-"
2a01:cb04:1000:: - - [03/Jun/2023:23:12:51 +0200] "GET /php/users.php HTTP/1.1" 200 2386 swapmarket.fr "https://swapmarket.fr/users.php" "Mozilla/5.0 (Windows NT 10.0; Win64; x64) AppleWebKit/537.36 (KHTML, like Gecko) Chrome/112.0.0.0 Safari/537.36 OPR/98.0.0.0" "-"
2a04:cec0:1100:: - - [03/Jun/2023:23:12:51 +0200] "POST /php/get-chat.php HTTP/1.1" 200 95 swapmarket.fr "https://swapmarket.fr/chat.php?user_id=1345618028" "Mozilla/5.0 (Linux; Android 10; K) AppleWebKit/537.36 (KHTML, like Gecko) Chrome/113.0.0.0 Mobile Safari/537.36" "-"
2a04:cec0:1100:: - - [03/Jun/2023:23:12:51 +0200] "GET /php/users.php HTTP/1.1" 200 2401 swapmarket.fr "https://swapmarket.fr/chat.php?user_id=1345618028" "Mozilla/5.0 (Linux; Android 10; K) AppleWebKit/537.36 (KHTML, like Gecko) Chrome/113.0.0.0 Mobile Safari/537.36" "-"
46.193.5.0 - - [03/Jun/2023:23:12:52 +0200] "POST /php/get-chat.php HTTP/1.1" 200 95 www.swapmarket.fr "https://www.swapmarket.fr/chat.php?user_id=881293111" "Mozilla/5.0 (Windows NT 10.0; Win64; x64) AppleWebKit/537.36 (KHTML, like Gecko) Chrome/114.0.0.0 Safari/537.36" "-"
46.193.5.0 - - [03/Jun/2023:23:12:52 +0200] "GET /php/users.php HTTP/1.1" 200 2373 www.swapmarket.fr "https://www.swapmarket.fr/chat.php?user_id=881293111" "Mozilla/5.0 (Windows NT 10.0; Win64; x64) AppleWebKit/537.36 (KHTML, like Gecko) Chrome/114.0.0.0 Safari/537.36" "-"
2a04:cec0:1100:: - - [03/Jun/2023:23:12:52 +0200] "POST /php/get-chat.php HTTP/1.1" 200 95 swapmarket.fr "https://swapmarket.fr/chat.php?user_id=1345618028" "Mozilla/5.0 (Linux; Android 10; K) AppleWebKit/537.36 (KHTML, like Gecko) Chrome/113.0.0.0 Mobile Safari/537.36" "-"
2a01:cb04:1000:: - - [03/Jun/2023:23:12:52 +0200] "GET /php/users.php HTTP/1.1" 200 2386 swapmarket.fr "https://swapmarket.fr/users.php" "Mozilla/5.0 (Windows NT 10.0; Win64; x64) AppleWebKit/537.36 (KHTML, like Gecko) Chrome/112.0.0.0 Safari/537.36 OPR/98.0.0.0" "-"
2a04:cec0:1100:: - - [03/Jun/2023:23:12:52 +0200] "GET /php/users.php HTTP/1.1" 200 2401 swapmarket.fr "https://swapmarket.fr/chat.php?user_id=1345618028" "Mozilla/5.0 (Linux; Android 10; K) AppleWebKit/537.36 (KHTML, like Gecko) Chrome/113.0.0.0 Mobile Safari/537.36" "-"
46.193.5.0 - - [03/Jun/2023:23:12:52 +0200] "GET /php/users.php HTTP/1.1" 200 2373 www.swapmarket.fr "https://www.swapmarket.fr/chat.php?user_id=881293111" "Mozilla/5.0 (Windows NT 10.0; Win64; x64) AppleWebKit/537.36 (KHTML, like Gecko) Chrome/114.0.0.0 Safari/537.36" "-"
46.193.5.0 - - [03/Jun/2023:23:12:52 +0200] "POST /php/get-chat.php HTTP/1.1" 200 95 www.swapmarket.fr "https://www.swapmarket.fr/chat.php?user_id=881293111" "Mozilla/5.0 (Windows NT 10.0; Win64; x64) AppleWebKit/537.36 (KHTML, like Gecko) Chrome/114.0.0.0 Safari/537.36" "-"
2a04:cec0:1100:: - - [03/Jun/2023:23:12:52 +0200] "POST /php/get-chat.php HTTP/1.1" 200 95 swapmarket.fr "https://swapmarket.fr/chat.php?user_id=1345618028" "Mozilla/5.0 (Linux; Android 10; K) AppleWebKit/537.36 (KHTML, like Gecko) Chrome/113.0.0.0 Mobile Safari/537.36" "-"
2a01:cb04:1000:: - - [03/Jun/2023:23:12:52 +0200] "GET /php/users.php HTTP/1.1" 200 2386 swapmarket.fr "https://swapmarket.fr/users.php" "Mozilla/5.0 (Windows NT 10.0; Win64; x64) AppleWebKit/537.36 (KHTML, like Gecko) Chrome/112.0.0.0 Safari/537.36 OPR/98.0.0.0" "-"
2a04:cec0:1100:: - - [03/Jun/2023:23:12:52 +0200] "GET /php/users.php HTTP/1.1" 200 2401 swapmarket.fr "https://swapmarket.fr/chat.php?user_id=1345618028" "Mozilla/5.0 (Linux; Android 10; K) AppleWebKit/537.36 (KHTML, like Gecko) Chrome/113.0.0.0 Mobile Safari/537.36" "-"
2a04:cec0:1100:: - - [03/Jun/2023:23:12:53 +0200] "GET /chat.php?user_id=1345618028 HTTP/1.1" 200 5989 swapmarket.fr "https://swapmarket.fr/users.php" "Mozilla/5.0 (Linux; Android 10; K) AppleWebKit/537.36 (KHTML, like Gecko) Chrome/113.0.0.0 Mobile Safari/537.36" "-"
2a04:cec0:1100:: - - [03/Jun/2023:23:12:53 +0200] "GET /php/images/profile_picture/1685826751Snapchat-1441458292.jpg HTTP/1.1" 304 - swapmarket.fr "https://swapmarket.fr/chat.php?user_id=1345618028" "Mozilla/5.0 (Linux; Android 10; K) AppleWebKit/537.36 (KHTML, like Gecko) Chrome/113.0.0.0 Mobile Safari/537.36" "-"
2a04:cec0:1100:: - - [03/Jun/2023:23:12:53 +0200] "GET /favicon.ico HTTP/1.1" 500 645 swapmarket.fr "https://swapmarket.fr/chat.php?user_id=1345618028" "Mozilla/5.0 (Linux; Android 10; K) AppleWebKit/537.36 (KHTML, like Gecko) Chrome/113.0.0.0 Mobile Safari/537.36" "-"
46.193.5.0 - - [03/Jun/2023:23:12:53 +0200] "POST /php/get-chat.php HTTP/1.1" 200 95 www.swapmarket.fr "https://www.swapmarket.fr/chat.php?user_id=881293111" "Mozilla/5.0 (Windows NT 10.0; Win64; x64) AppleWebKit/537.36 (KHTML, like Gecko) Chrome/114.0.0.0 Safari/537.36" "-"
46.193.5.0 - - [03/Jun/2023:23:12:53 +0200] "GET /php/users.php HTTP/1.1" 200 2373 www.swapmarket.fr "https://www.swapmarket.fr/chat.php?user_id=881293111" "Mozilla/5.0 (Windows NT 10.0; Win64; x64) AppleWebKit/537.36 (KHTML, like Gecko) Chrome/114.0.0.0 Safari/537.36" "-"
2a01:cb04:1000:: - - [03/Jun/2023:23:12:53 +0200] "GET /php/users.php HTTP/1.1" 200 2386 swapmarket.fr "https://swapmarket.fr/users.php" "Mozilla/5.0 (Windows NT 10.0; Win64; x64) AppleWebKit/537.36 (KHTML, like Gecko) Chrome/112.0.0.0 Safari/537.36 OPR/98.0.0.0" "-"
2a04:cec0:1100:: - - [03/Jun/2023:23:12:53 +0200] "GET /php/users.php HTTP/1.1" 200 2401 swapmarket.fr "https://swapmarket.fr/chat.php?user_id=1345618028" "Mozilla/5.0 (Linux; Android 10; K) AppleWebKit/537.36 (KHTML, like Gecko) Chrome/113.0.0.0 Mobile Safari/537.36" "-"
2a04:cec0:1100:: - - [03/Jun/2023:23:12:53 +0200] "POST /php/get-chat.php HTTP/1.1" 200 95 swapmarket.fr "https://swapmarket.fr/chat.php?user_id=1345618028" "Mozilla/5.0 (Linux; Android 10; K) AppleWebKit/537.36 (KHTML, like Gecko) Chrome/113.0.0.0 Mobile Safari/537.36" "-"
46.193.5.0 - - [03/Jun/2023:23:12:53 +0200] "POST /php/get-chat.php HTTP/1.1" 200 95 www.swapmarket.fr "https://www.swapmarket.fr/chat.php?user_id=881293111" "Mozilla/5.0 (Windows NT 10.0; Win64; x64) AppleWebKit/537.36 (KHTML, like Gecko) Chrome/114.0.0.0 Safari/537.36" "-"
46.193.5.0 - - [03/Jun/2023:23:12:53 +0200] "GET /php/users.php HTTP/1.1" 200 2373 www.swapmarket.fr "https://www.swapmarket.fr/chat.php?user_id=881293111" "Mozilla/5.0 (Windows NT 10.0; Win64; x64) AppleWebKit/537.36 (KHTML, like Gecko) Chrome/114.0.0.0 Safari/537.36" "-"
2a01:cb04:1000:: - - [03/Jun/2023:23:12:53 +0200] "GET /php/users.php HTTP/1.1" 200 2386 swapmarket.fr "https://swapmarket.fr/users.php" "Mozilla/5.0 (Windows NT 10.0; Win64; x64) AppleWebKit/537.36 (KHTML, like Gecko) Chrome/112.0.0.0 Safari/537.36 OPR/98.0.0.0" "-"
2a01:cb04:1000:: - - [03/Jun/2023:23:12:54 +0200] "GET /chat.php?user_id=1345618028 HTTP/1.1" 200 5999 swapmarket.fr "https://swapmarket.fr/users.php" "Mozilla/5.0 (Windows NT 10.0; Win64; x64) AppleWebKit/537.36 (KHTML, like Gecko) Chrome/112.0.0.0 Safari/537.36 OPR/98.0.0.0" "-"
2a04:cec0:1100:: - - [03/Jun/2023:23:12:54 +0200] "POST /php/get-chat.php HTTP/1.1" 200 95 swapmarket.fr "https://swapmarket.fr/chat.php?user_id=1345618028" "Mozilla/5.0 (Linux; Android 10; K) AppleWebKit/537.36 (KHTML, like Gecko) Chrome/113.0.0.0 Mobile Safari/537.36" "-"
2a04:cec0:1100:: - - [03/Jun/2023:23:12:54 +0200] "GET /php/users.php HTTP/1.1" 200 2401 swapmarket.fr "https://swapmarket.fr/chat.php?user_id=1345618028" "Mozilla/5.0 (Linux; Android 10; K) AppleWebKit/537.36 (KHTML, like Gecko) Chrome/113.0.0.0 Mobile Safari/537.36" "-"
46.193.5.0 - - [03/Jun/2023:23:12:54 +0200] "POST /php/get-chat.php HTTP/1.1" 200 95 www.swapmarket.fr "https://www.swapmarket.fr/chat.php?user_id=881293111" "Mozilla/5.0 (Windows NT 10.0; Win64; x64) AppleWebKit/537.36 (KHTML, like Gecko) Chrome/114.0.0.0 Safari/537.36" "-"
46.193.5.0 - - [03/Jun/2023:23:12:54 +0200] "GET /php/users.php HTTP/1.1" 200 2373 www.swapmarket.fr "https://www.swapmarket.fr/chat.php?user_id=881293111" "Mozilla/5.0 (Windows NT 10.0; Win64; x64) AppleWebKit/537.36 (KHTML, like Gecko) Chrome/114.0.0.0 Safari/537.36" "-"
2a01:cb04:1000:: - - [03/Jun/2023:23:12:54 +0200] "GET /php/images/profile_picture/1685826751Snapchat-1441458292.jpg HTTP/1.1" 304 - swapmarket.fr "https://swapmarket.fr/chat.php?user_id=1345618028" "Mozilla/5.0 (Windows NT 10.0; Win64; x64) AppleWebKit/537.36 (KHTML, like Gecko) Chrome/112.0.0.0 Safari/537.36 OPR/98.0.0.0" "-"
2a01:cb04:1000:: - - [03/Jun/2023:23:12:54 +0200] "GET /php/users.php HTTP/1.1" 200 2386 swapmarket.fr "https://swapmarket.fr/users.php" "Mozilla/5.0 (Windows NT 10.0; Win64; x64) AppleWebKit/537.36 (KHTML, like Gecko) Chrome/112.0.0.0 Safari/537.36 OPR/98.0.0.0" "-"
2a01:cb04:1000:: - - [03/Jun/2023:23:12:54 +0200] "GET /favicon.ico HTTP/1.1" 500 645 swapmarket.fr "https://swapmarket.fr/chat.php?user_id=1345618028" "Mozilla/5.0 (Windows NT 10.0; Win64; x64) AppleWebKit/537.36 (KHTML, like Gecko) Chrome/112.0.0.0 Safari/537.36 OPR/98.0.0.0" "-"
2a04:cec0:1100:: - - [03/Jun/2023:23:12:54 +0200] "POST /php/get-chat.php HTTP/1.1" 200 95 swapmarket.fr "https://swapmarket.fr/chat.php?user_id=1345618028" "Mozilla/5.0 (Linux; Android 10; K) AppleWebKit/537.36 (KHTML, like Gecko) Chrome/113.0.0.0 Mobile Safari/537.36" "-"
