46.193.5.0 - - [03/Jun/2023:23:15:28 +0200] "GET /php/users.php HTTP/1.1" 200 2365 www.swapmarket.fr "https://www.swapmarket.fr/users.php" "Mozilla/5.0 (Windows NT 10.0; Win64; x64) AppleWebKit/537.36 (KHTML, like Gecko) Chrome/114.0.0.0 Safari/537.36" "-"
46.193.5.0 - - [03/Jun/2023:23:15:29 +0200] "GET /php/users.php HTTP/1.1" 200 2365 www.swapmarket.fr "https://www.swapmarket.fr/users.php" "Mozilla/5.0 (Windows NT 10.0; Win64; x64) AppleWebKit/537.36 (KHTML, like Gecko) Chrome/114.0.0.0 Safari/537.36" "-"
2a04:cec0:1100:: - - [03/Jun/2023:23:15:29 +0200] "POST /php/get-chat.php HTTP/1.1" 200 1146 swapmarket.fr "http://swapmarket.fr/chat.php?user_id=1345618028" "Mozilla/5.0 (Linux; Android 10; K) AppleWebKit/537.36 (KHTML, like Gecko) Chrome/113.0.0.0 Mobile Safari/537.36" "-"
2a04:cec0:1100:: - - [03/Jun/2023:23:15:29 +0200] "GET /php/users.php HTTP/1.1" 200 2389 swapmarket.fr "http://swapmarket.fr/chat.php?user_id=1345618028" "Mozilla/5.0 (Linux; Android 10; K) AppleWebKit/537.36 (KHTML, like Gecko) Chrome/113.0.0.0 Mobile Safari/537.36" "-"
46.193.5.0 - - [03/Jun/2023:23:15:29 +0200] "GET /php/users.php HTTP/1.1" 200 2365 www.swapmarket.fr "https://www.swapmarket.fr/users.php" "Mozilla/5.0 (Windows NT 10.0; Win64; x64) AppleWebKit/537.36 (KHTML, like Gecko) Chrome/114.0.0.0 Safari/537.36" "-"
46.193.5.0 - - [03/Jun/2023:23:15:30 +0200] "GET /php/users.php HTTP/1.1" 200 2365 www.swapmarket.fr "https://www.swapmarket.fr/users.php" "Mozilla/5.0 (Windows NT 10.0; Win64; x64) AppleWebKit/537.36 (KHTML, like Gecko) Chrome/114.0.0.0 Safari/537.36" "-"
2a04:cec0:1100:: - - [03/Jun/2023:23:15:30 +0200] "POST /php/get-chat.php HTTP/1.1" 200 1146 swapmarket.fr "http://swapmarket.fr/chat.php?user_id=1345618028" "Mozilla/5.0 (Linux; Android 10; K) AppleWebKit/537.36 (KHTML, like Gecko) Chrome/113.0.0.0 Mobile Safari/537.36" "-"
2a04:cec0:1100:: - - [03/Jun/2023:23:15:30 +0200] "GET /php/users.php HTTP/1.1" 200 2389 swapmarket.fr "http://swapmarket.fr/chat.php?user_id=1345618028" "Mozilla/5.0 (Linux; Android 10; K) AppleWebKit/537.36 (KHTML, like Gecko) Chrome/113.0.0.0 Mobile Safari/537.36" "-"
46.193.5.0 - - [03/Jun/2023:23:15:30 +0200] "GET /php/users.php HTTP/1.1" 200 2365 www.swapmarket.fr "https://www.swapmarket.fr/users.php" "Mozilla/5.0 (Windows NT 10.0; Win64; x64) AppleWebKit/537.36 (KHTML, like Gecko) Chrome/114.0.0.0 Safari/537.36" "-"
46.193.5.0 - - [03/Jun/2023:23:15:31 +0200] "GET /php/users.php HTTP/1.1" 200 2365 www.swapmarket.fr "https://www.swapmarket.fr/users.php" "Mozilla/5.0 (Windows NT 10.0; Win64; x64) AppleWebKit/537.36 (KHTML, like Gecko) Chrome/114.0.0.0 Safari/537.36" "-"
2a04:cec0:1100:: - - [03/Jun/2023:23:15:31 +0200] "GET /php/users.php HTTP/1.1" 200 2389 swapmarket.fr "http://swapmarket.fr/chat.php?user_id=1345618028" "Mozilla/5.0 (Linux; Android 10; K) AppleWebKit/537.36 (KHTML, like Gecko) Chrome/113.0.0.0 Mobile Safari/537.36" "-"
2a04:cec0:1100:: - - [03/Jun/2023:23:15:31 +0200] "POST /php/get-chat.php HTTP/1.1" 200 1146 swapmarket.fr "http://swapmarket.fr/chat.php?user_id=1345618028" "Mozilla/5.0 (Linux; Android 10; K) AppleWebKit/537.36 (KHTML, like Gecko) Chrome/113.0.0.0 Mobile Safari/537.36" "-"
46.193.5.0 - - [03/Jun/2023:23:15:31 +0200] "GET /php/users.php HTTP/1.1" 200 2365 www.swapmarket.fr "https://www.swapmarket.fr/users.php" "Mozilla/5.0 (Windows NT 10.0; Win64; x64) AppleWebKit/537.36 (KHTML, like Gecko) Chrome/114.0.0.0 Safari/537.36" "-"
46.193.5.0 - - [03/Jun/2023:23:15:32 +0200] "GET /php/users.php HTTP/1.1" 200 2365 www.swapmarket.fr "https://www.swapmarket.fr/users.php" "Mozilla/5.0 (Windows NT 10.0; Win64; x64) AppleWebKit/537.36 (KHTML, like Gecko) Chrome/114.0.0.0 Safari/537.36" "-"
2a04:cec0:1100:: - - [03/Jun/2023:23:15:32 +0200] "POST /php/get-chat.php HTTP/1.1" 200 1146 swapmarket.fr "http://swapmarket.fr/chat.php?user_id=1345618028" "Mozilla/5.0 (Linux; Android 10; K) AppleWebKit/537.36 (KHTML, like Gecko) Chrome/113.0.0.0 Mobile Safari/537.36" "-"
2a04:cec0:1100:: - - [03/Jun/2023:23:15:32 +0200] "GET /php/users.php HTTP/1.1" 200 2389 swapmarket.fr "http://swapmarket.fr/chat.php?user_id=1345618028" "Mozilla/5.0 (Linux; Android 10; K) AppleWebKit/537.36 (KHTML, like Gecko) Chrome/113.0.0.0 Mobile Safari/537.36" "-"
46.193.5.0 - - [03/Jun/2023:23:15:32 +0200] "GET /php/users.php HTTP/1.1" 200 2365 www.swapmarket.fr "https://www.swapmarket.fr/users.php" "Mozilla/5.0 (Windows NT 10.0; Win64; x64) AppleWebKit/537.36 (KHTML, like Gecko) Chrome/114.0.0.0 Safari/537.36" "-"
46.193.5.0 - - [03/Jun/2023:23:15:33 +0200] "GET /php/users.php HTTP/1.1" 200 2365 www.swapmarket.fr "https://www.swapmarket.fr/users.php" "Mozilla/5.0 (Windows NT 10.0; Win64; x64) AppleWebKit/537.36 (KHTML, like Gecko) Chrome/114.0.0.0 Safari/537.36" "-"
2a01:cb04:1000:: - - [03/Jun/2023:23:15:33 +0200] "GET /posts.php HTTP/1.1" 302 44228 swapmarket.fr "https://swapmarket.fr/register.php" "Mozilla/5.0 (Windows NT 10.0; Win64; x64) AppleWebKit/537.36 (KHTML, like Gecko) Chrome/112.0.0.0 Safari/537.36 OPR/98.0.0.0" "-"
2a04:cec0:1100:: - - [03/Jun/2023:23:15:33 +0200] "GET /php/users.php HTTP/1.1" 200 2389 swapmarket.fr "http://swapmarket.fr/chat.php?user_id=1345618028" "Mozilla/5.0 (Linux; Android 10; K) AppleWebKit/537.36 (KHTML, like Gecko) Chrome/113.0.0.0 Mobile Safari/537.36" "-"
2a04:cec0:1100:: - - [03/Jun/2023:23:15:33 +0200] "POST /php/get-chat.php HTTP/1.1" 200 1146 swapmarket.fr "http://swapmarket.fr/chat.php?user_id=1345618028" "Mozilla/5.0 (Linux; Android 10; K) AppleWebKit/537.36 (KHTML, like Gecko) Chrome/113.0.0.0 Mobile Safari/537.36" "-"
2a01:cb04:1000:: - - [03/Jun/2023:23:15:33 +0200] "GET /login.php HTTP/1.1" 200 4548 swapmarket.fr "https://swapmarket.fr/register.php" "Mozilla/5.0 (Windows NT 10.0; Win64; x64) AppleWebKit/537.36 (KHTML, like Gecko) Chrome/112.0.0.0 Safari/537.36 OPR/98.0.0.0" "-"
2a01:cb04:1000:: - - [03/Jun/2023:23:15:33 +0200] "GET /favicon.ico HTTP/1.1" 500 645 swapmarket.fr "https://swapmarket.fr/login.php" "Mozilla/5.0 (Windows NT 10.0; Win64; x64) AppleWebKit/537.36 (KHTML, like Gecko) Chrome/112.0.0.0 Safari/537.36 OPR/98.0.0.0" "-"
46.193.5.0 - - [03/Jun/2023:23:15:33 +0200] "GET /php/users.php HTTP/1.1" 200 2365 www.swapmarket.fr "https://www.swapmarket.fr/users.php" "Mozilla/5.0 (Windows NT 10.0; Win64; x64) AppleWebKit/537.36 (KHTML, like Gecko) Chrome/114.0.0.0 Safari/537.36" "-"
46.193.5.0 - - [03/Jun/2023:23:15:34 +0200] "GET /php/users.php HTTP/1.1" 200 2365 www.swapmarket.fr "https://www.swapmarket.fr/users.php" "Mozilla/5.0 (Windows NT 10.0; Win64; x64) AppleWebKit/537.36 (KHTML, like Gecko) Chrome/114.0.0.0 Safari/537.36" "-"
2a04:cec0:1100:: - - [03/Jun/2023:23:15:34 +0200] "POST /php/get-chat.php HTTP/1.1" 200 1146 swapmarket.fr "http://swapmarket.fr/chat.php?user_id=1345618028" "Mozilla/5.0 (Linux; Android 10; K) AppleWebKit/537.36 (KHTML, like Gecko) Chrome/113.0.0.0 Mobile Safari/537.36" "-"
2a04:cec0:1100:: - - [03/Jun/2023:23:15:34 +0200] "GET /php/users.php HTTP/1.1" 200 2389 swapmarket.fr "http://swapmarket.fr/chat.php?user_id=1345618028" "Mozilla/5.0 (Linux; Android 10; K) AppleWebKit/537.36 (KHTML, like Gecko) Chrome/113.0.0.0 Mobile Safari/537.36" "-"
46.193.5.0 - - [03/Jun/2023:23:15:34 +0200] "GET /php/users.php HTTP/1.1" 200 2365 www.swapmarket.fr "https://www.swapmarket.fr/users.php" "Mozilla/5.0 (Windows NT 10.0; Win64; x64) AppleWebKit/537.36 (KHTML, like Gecko) Chrome/114.0.0.0 Safari/537.36" "-"
2a01:cb04:1000:: - - [03/Jun/2023:23:15:34 +0200] "GET /marketplace.php HTTP/1.1" 200 4564328 swapmarket.fr "https://swapmarket.fr/login.php" "Mozilla/5.0 (Windows NT 10.0; Win64; x64) AppleWebKit/537.36 (KHTML, like Gecko) Chrome/112.0.0.0 Safari/537.36 OPR/98.0.0.0" "-"
46.193.5.0 - - [03/Jun/2023:23:15:35 +0200] "GET /php/users.php HTTP/1.1" 200 2365 www.swapmarket.fr "https://www.swapmarket.fr/users.php" "Mozilla/5.0 (Windows NT 10.0; Win64; x64) AppleWebKit/537.36 (KHTML, like Gecko) Chrome/114.0.0.0 Safari/537.36" "-"
2a04:cec0:1100:: - - [03/Jun/2023:23:15:35 +0200] "GET /php/users.php HTTP/1.1" 200 2389 swapmarket.fr "http://swapmarket.fr/chat.php?user_id=1345618028" "Mozilla/5.0 (Linux; Android 10; K) AppleWebKit/537.36 (KHTML, like Gecko) Chrome/113.0.0.0 Mobile Safari/537.36" "-"
2a04:cec0:1100:: - - [03/Jun/2023:23:15:35 +0200] "POST /php/get-chat.php HTTP/1.1" 200 1146 swapmarket.fr "http://swapmarket.fr/chat.php?user_id=1345618028" "Mozilla/5.0 (Linux; Android 10; K) AppleWebKit/537.36 (KHTML, like Gecko) Chrome/113.0.0.0 Mobile Safari/537.36" "-"
46.193.5.0 - - [03/Jun/2023:23:15:35 +0200] "GET /php/users.php HTTP/1.1" 200 2365 www.swapmarket.fr "https://www.swapmarket.fr/users.php" "Mozilla/5.0 (Windows NT 10.0; Win64; x64) AppleWebKit/537.36 (KHTML, like Gecko) Chrome/114.0.0.0 Safari/537.36" "-"
46.193.5.0 - - [03/Jun/2023:23:15:36 +0200] "GET /php/users.php HTTP/1.1" 200 2365 www.swapmarket.fr "https://www.swapmarket.fr/users.php" "Mozilla/5.0 (Windows NT 10.0; Win64; x64) AppleWebKit/537.36 (KHTML, like Gecko) Chrome/114.0.0.0 Safari/537.36" "-"
2a04:cec0:1100:: - - [03/Jun/2023:23:15:36 +0200] "GET /php/users.php HTTP/1.1" 200 2389 swapmarket.fr "http://swapmarket.fr/chat.php?user_id=1345618028" "Mozilla/5.0 (Linux; Android 10; K) AppleWebKit/537.36 (KHTML, like Gecko) Chrome/113.0.0.0 Mobile Safari/537.36" "-"
2a04:cec0:1100:: - - [03/Jun/2023:23:15:36 +0200] "POST /php/get-chat.php HTTP/1.1" 200 1146 swapmarket.fr "http://swapmarket.fr/chat.php?user_id=1345618028" "Mozilla/5.0 (Linux; Android 10; K) AppleWebKit/537.36 (KHTML, like Gecko) Chrome/113.0.0.0 Mobile Safari/537.36" "-"
46.193.5.0 - - [03/Jun/2023:23:15:36 +0200] "GET /php/users.php HTTP/1.1" 200 2365 www.swapmarket.fr "https://www.swapmarket.fr/users.php" "Mozilla/5.0 (Windows NT 10.0; Win64; x64) AppleWebKit/537.36 (KHTML, like Gecko) Chrome/114.0.0.0 Safari/537.36" "-"
2a01:cb04:1000:: - - [03/Jun/2023:23:15:36 +0200] "GET /posts.php HTTP/1.1" 302 44228 swapmarket.fr "https://swapmarket.fr/marketplace.php" "Mozilla/5.0 (Windows NT 10.0; Win64; x64) AppleWebKit/537.36 (KHTML, like Gecko) Chrome/112.0.0.0 Safari/537.36 OPR/98.0.0.0" "-"
2a01:cb04:1000:: - - [03/Jun/2023:23:15:37 +0200] "GET /login.php HTTP/1.1" 200 4548 swapmarket.fr "https://swapmarket.fr/marketplace.php" "Mozilla/5.0 (Windows NT 10.0; Win64; x64) AppleWebKit/537.36 (KHTML, like Gecko) Chrome/112.0.0.0 Safari/537.36 OPR/98.0.0.0" "-"
2a01:cb04:1000:: - - [03/Jun/2023:23:15:37 +0200] "GET /favicon.ico HTTP/1.1" 500 645 swapmarket.fr "https://swapmarket.fr/login.php" "Mozilla/5.0 (Windows NT 10.0; Win64; x64) AppleWebKit/537.36 (KHTML, like Gecko) Chrome/112.0.0.0 Safari/537.36 OPR/98.0.0.0" "-"
46.193.5.0 - - [03/Jun/2023:23:15:37 +0200] "GET /php/users.php HTTP/1.1" 200 2365 www.swapmarket.fr "https://www.swapmarket.fr/users.php" "Mozilla/5.0 (Windows NT 10.0; Win64; x64) AppleWebKit/537.36 (KHTML, like Gecko) Chrome/114.0.0.0 Safari/537.36" "-"
2a04:cec0:1100:: - - [03/Jun/2023:23:15:37 +0200] "POST /php/get-chat.php HTTP/1.1" 200 1146 swapmarket.fr "http://swapmarket.fr/chat.php?user_id=1345618028" "Mozilla/5.0 (Linux; Android 10; K) AppleWebKit/537.36 (KHTML, like Gecko) Chrome/113.0.0.0 Mobile Safari/537.36" "-"
2a04:cec0:1100:: - - [03/Jun/2023:23:15:37 +0200] "GET /php/users.php HTTP/1.1" 200 2389 swapmarket.fr "http://swapmarket.fr/chat.php?user_id=1345618028" "Mozilla/5.0 (Linux; Android 10; K) AppleWebKit/537.36 (KHTML, like Gecko) Chrome/113.0.0.0 Mobile Safari/537.36" "-"
46.193.5.0 - - [03/Jun/2023:23:15:37 +0200] "GET /php/users.php HTTP/1.1" 200 2365 www.swapmarket.fr "https://www.swapmarket.fr/users.php" "Mozilla/5.0 (Windows NT 10.0; Win64; x64) AppleWebKit/537.36 (KHTML, like Gecko) Chrome/114.0.0.0 Safari/537.36" "-"
46.193.5.0 - - [03/Jun/2023:23:15:38 +0200] "GET /php/users.php HTTP/1.1" 200 2365 www.swapmarket.fr "https://www.swapmarket.fr/users.php" "Mozilla/5.0 (Windows NT 10.0; Win64; x64) AppleWebKit/537.36 (KHTML, like Gecko) Chrome/114.0.0.0 Safari/537.36" "-"
2a04:cec0:1100:: - - [03/Jun/2023:23:15:38 +0200] "POST /php/get-chat.php HTTP/1.1" 200 1146 swapmarket.fr "http://swapmarket.fr/chat.php?user_id=1345618028" "Mozilla/5.0 (Linux; Android 10; K) AppleWebKit/537.36 (KHTML, like Gecko) Chrome/113.0.0.0 Mobile Safari/537.36" "-"
2a04:cec0:1100:: - - [03/Jun/2023:23:15:38 +0200] "GET /php/users.php HTTP/1.1" 200 2389 swapmarket.fr "http://swapmarket.fr/chat.php?user_id=1345618028" "Mozilla/5.0 (Linux; Android 10; K) AppleWebKit/537.36 (KHTML, like Gecko) Chrome/113.0.0.0 Mobile Safari/537.36" "-"
46.193.5.0 - - [03/Jun/2023:23:15:38 +0200] "GET /php/users.php HTTP/1.1" 200 2365 www.swapmarket.fr "https://www.swapmarket.fr/users.php" "Mozilla/5.0 (Windows NT 10.0; Win64; x64) AppleWebKit/537.36 (KHTML, like Gecko) Chrome/114.0.0.0 Safari/537.36" "-"
46.193.5.0 - - [03/Jun/2023:23:15:39 +0200] "GET /php/users.php HTTP/1.1" 200 2365 www.swapmarket.fr "https://www.swapmarket.fr/users.php" "Mozilla/5.0 (Windows NT 10.0; Win64; x64) AppleWebKit/537.36 (KHTML, like Gecko) Chrome/114.0.0.0 Safari/537.36" "-"
46.193.5.0 - - [03/Jun/2023:23:15:39 +0200] "GET /users.php HTTP/1.1" 200 3113 www.swapmarket.fr "https://www.swapmarket.fr/index.php" "Mozilla/5.0 (Windows NT 10.0; Win64; x64) AppleWebKit/537.36 (KHTML, like Gecko) Chrome/114.0.0.0 Safari/537.36" "-"
2a04:cec0:1100:: - - [03/Jun/2023:23:15:39 +0200] "POST /php/get-chat.php HTTP/1.1" 200 1146 swapmarket.fr "http://swapmarket.fr/chat.php?user_id=1345618028" "Mozilla/5.0 (Linux; Android 10; K) AppleWebKit/537.36 (KHTML, like Gecko) Chrome/113.0.0.0 Mobile Safari/537.36" "-"
2a04:cec0:1100:: - - [03/Jun/2023:23:15:39 +0200] "GET /php/users.php HTTP/1.1" 200 2389 swapmarket.fr "http://swapmarket.fr/chat.php?user_id=1345618028" "Mozilla/5.0 (Linux; Android 10; K) AppleWebKit/537.36 (KHTML, like Gecko) Chrome/113.0.0.0 Mobile Safari/537.36" "-"
46.193.5.0 - - [03/Jun/2023:23:15:39 +0200] "GET /php/images/profile_picture/1685826751Snapchat-1441458292.jpg HTTP/1.1" 304 - www.swapmarket.fr "https://www.swapmarket.fr/users.php" "Mozilla/5.0 (Windows NT 10.0; Win64; x64) AppleWebKit/537.36 (KHTML, like Gecko) Chrome/114.0.0.0 Safari/537.36" "-"
46.193.5.0 - - [03/Jun/2023:23:15:39 +0200] "GET /favicon.ico HTTP/1.1" 500 645 www.swapmarket.fr "https://www.swapmarket.fr/users.php" "Mozilla/5.0 (Windows NT 10.0; Win64; x64) AppleWebKit/537.36 (KHTML, like Gecko) Chrome/114.0.0.0 Safari/537.36" "-"
46.193.5.0 - - [03/Jun/2023:23:15:40 +0200] "GET /php/users.php HTTP/1.1" 200 2365 www.swapmarket.fr "https://www.swapmarket.fr/users.php" "Mozilla/5.0 (Windows NT 10.0; Win64; x64) AppleWebKit/537.36 (KHTML, like Gecko) Chrome/114.0.0.0 Safari/537.36" "-"
2a04:cec0:1100:: - - [03/Jun/2023:23:15:40 +0200] "POST /php/get-chat.php HTTP/1.1" 200 1146 swapmarket.fr "http://swapmarket.fr/chat.php?user_id=1345618028" "Mozilla/5.0 (Linux; Android 10; K) AppleWebKit/537.36 (KHTML, like Gecko) Chrome/113.0.0.0 Mobile Safari/537.36" "-"
2a04:cec0:1100:: - - [03/Jun/2023:23:15:40 +0200] "GET /php/users.php HTTP/1.1" 200 2389 swapmarket.fr "http://swapmarket.fr/chat.php?user_id=1345618028" "Mozilla/5.0 (Linux; Android 10; K) AppleWebKit/537.36 (KHTML, like Gecko) Chrome/113.0.0.0 Mobile Safari/537.36" "-"
46.193.5.0 - - [03/Jun/2023:23:15:40 +0200] "GET /php/users.php HTTP/1.1" 200 2365 www.swapmarket.fr "https://www.swapmarket.fr/users.php" "Mozilla/5.0 (Windows NT 10.0; Win64; x64) AppleWebKit/537.36 (KHTML, like Gecko) Chrome/114.0.0.0 Safari/537.36" "-"
46.193.5.0 - - [03/Jun/2023:23:15:41 +0200] "GET /php/users.php HTTP/1.1" 200 2365 www.swapmarket.fr "https://www.swapmarket.fr/users.php" "Mozilla/5.0 (Windows NT 10.0; Win64; x64) AppleWebKit/537.36 (KHTML, like Gecko) Chrome/114.0.0.0 Safari/537.36" "-"
2a04:cec0:1100:: - - [03/Jun/2023:23:15:41 +0200] "POST /php/get-chat.php HTTP/1.1" 200 1146 swapmarket.fr "http://swapmarket.fr/chat.php?user_id=1345618028" "Mozilla/5.0 (Linux; Android 10; K) AppleWebKit/537.36 (KHTML, like Gecko) Chrome/113.0.0.0 Mobile Safari/537.36" "-"
2a04:cec0:1100:: - - [03/Jun/2023:23:15:41 +0200] "GET /php/users.php HTTP/1.1" 200 2389 swapmarket.fr "http://swapmarket.fr/chat.php?user_id=1345618028" "Mozilla/5.0 (Linux; Android 10; K) AppleWebKit/537.36 (KHTML, like Gecko) Chrome/113.0.0.0 Mobile Safari/537.36" "-"
46.193.5.0 - - [03/Jun/2023:23:15:41 +0200] "GET /php/users.php HTTP/1.1" 200 2365 www.swapmarket.fr "https://www.swapmarket.fr/users.php" "Mozilla/5.0 (Windows NT 10.0; Win64; x64) AppleWebKit/537.36 (KHTML, like Gecko) Chrome/114.0.0.0 Safari/537.36" "-"
46.193.5.0 - - [03/Jun/2023:23:15:42 +0200] "GET /chat.php?user_id=327367553 HTTP/1.1" 200 6006 www.swapmarket.fr "https://www.swapmarket.fr/users.php" "Mozilla/5.0 (Windows NT 10.0; Win64; x64) AppleWebKit/537.36 (KHTML, like Gecko) Chrome/114.0.0.0 Safari/537.36" "-"
46.193.5.0 - - [03/Jun/2023:23:15:42 +0200] "GET /php/users.php HTTP/1.1" 200 2365 www.swapmarket.fr "https://www.swapmarket.fr/users.php" "Mozilla/5.0 (Windows NT 10.0; Win64; x64) AppleWebKit/537.36 (KHTML, like Gecko) Chrome/114.0.0.0 Safari/537.36" "-"
2a01:cb04:1000:: - - [03/Jun/2023:23:15:42 +0200] "POST /php/login.php HTTP/1.1" 200 7 swapmarket.fr "https://swapmarket.fr/login.php" "Mozilla/5.0 (Windows NT 10.0; Win64; x64) AppleWebKit/537.36 (KHTML, like Gecko) Chrome/112.0.0.0 Safari/537.36 OPR/98.0.0.0" "-"
2a01:cb04:1000:: - - [03/Jun/2023:23:15:42 +0200] "GET /users.php HTTP/1.1" 200 3089 swapmarket.fr "https://swapmarket.fr/login.php" "Mozilla/5.0 (Windows NT 10.0; Win64; x64) AppleWebKit/537.36 (KHTML, like Gecko) Chrome/112.0.0.0 Safari/537.36 OPR/98.0.0.0" "-"
2a01:cb04:1000:: - - [03/Jun/2023:23:15:42 +0200] "GET /favicon.ico HTTP/1.1" 500 645 swapmarket.fr "https://swapmarket.fr/users.php" "Mozilla/5.0 (Windows NT 10.0; Win64; x64) AppleWebKit/537.36 (KHTML, like Gecko) Chrome/112.0.0.0 Safari/537.36 OPR/98.0.0.0" "-"
2a04:cec0:1100:: - - [03/Jun/2023:23:15:42 +0200] "POST /php/get-chat.php HTTP/1.1" 200 1146 swapmarket.fr "http://swapmarket.fr/chat.php?user_id=1345618028" "Mozilla/5.0 (Linux; Android 10; K) AppleWebKit/537.36 (KHTML, like Gecko) Chrome/113.0.0.0 Mobile Safari/537.36" "-"
2a04:cec0:1100:: - - [03/Jun/2023:23:15:42 +0200] "GET /php/users.php HTTP/1.1" 200 2382 swapmarket.fr "http://swapmarket.fr/chat.php?user_id=1345618028" "Mozilla/5.0 (Linux; Android 10; K) AppleWebKit/537.36 (KHTML, like Gecko) Chrome/113.0.0.0 Mobile Safari/537.36" "-"
46.193.5.0 - - [03/Jun/2023:23:15:42 +0200] "GET /favicon.ico HTTP/1.1" 500 645 www.swapmarket.fr "https://www.swapmarket.fr/chat.php?user_id=327367553" "Mozilla/5.0 (Windows NT 10.0; Win64; x64) AppleWebKit/537.36 (KHTML, like Gecko) Chrome/114.0.0.0 Safari/537.36" "-"
46.193.5.0 - - [03/Jun/2023:23:15:43 +0200] "GET /php/users.php HTTP/1.1" 200 2358 www.swapmarket.fr "https://www.swapmarket.fr/chat.php?user_id=327367553" "Mozilla/5.0 (Windows NT 10.0; Win64; x64) AppleWebKit/537.36 (KHTML, like Gecko) Chrome/114.0.0.0 Safari/537.36" "-"
46.193.5.0 - - [03/Jun/2023:23:15:43 +0200] "POST /php/get-chat.php HTTP/1.1" 200 95 www.swapmarket.fr "https://www.swapmarket.fr/chat.php?user_id=327367553" "Mozilla/5.0 (Windows NT 10.0; Win64; x64) AppleWebKit/537.36 (KHTML, like Gecko) Chrome/114.0.0.0 Safari/537.36" "-"
2a01:cb04:1000:: - - [03/Jun/2023:23:15:43 +0200] "GET /php/users.php HTTP/1.1" 200 2387 swapmarket.fr "https://swapmarket.fr/users.php" "Mozilla/5.0 (Windows NT 10.0; Win64; x64) AppleWebKit/537.36 (KHTML, like Gecko) Chrome/112.0.0.0 Safari/537.36 OPR/98.0.0.0" "-"
2a01:cb04:1000:: - - [03/Jun/2023:23:15:43 +0200] "GET /php/images/profile_picture/1685826751Snapchat-1441458292.jpg HTTP/1.1" 304 - swapmarket.fr "https://swapmarket.fr/users.php" "Mozilla/5.0 (Windows NT 10.0; Win64; x64) AppleWebKit/537.36 (KHTML, like Gecko) Chrome/112.0.0.0 Safari/537.36 OPR/98.0.0.0" "-"
2a01:cb04:1000:: - - [03/Jun/2023:23:15:43 +0200] "GET /php/users.php HTTP/1.1" 200 2387 swapmarket.fr "https://swapmarket.fr/users.php" "Mozilla/5.0 (Windows NT 10.0; Win64; x64) AppleWebKit/537.36 (KHTML, like Gecko) Chrome/112.0.0.0 Safari/537.36 OPR/98.0.0.0" "-"
46.193.5.0 - - [03/Jun/2023:23:15:43 +0200] "POST /php/get-chat.php HTTP/1.1" 200 95 www.swapmarket.fr "https://www.swapmarket.fr/chat.php?user_id=327367553" "Mozilla/5.0 (Windows NT 10.0; Win64; x64) AppleWebKit/537.36 (KHTML, like Gecko) Chrome/114.0.0.0 Safari/537.36" "-"
46.193.5.0 - - [03/Jun/2023:23:15:43 +0200] "GET /php/users.php HTTP/1.1" 200 2358 www.swapmarket.fr "https://www.swapmarket.fr/chat.php?user_id=327367553" "Mozilla/5.0 (Windows NT 10.0; Win64; x64) AppleWebKit/537.36 (KHTML, like Gecko) Chrome/114.0.0.0 Safari/537.36" "-"
2a04:cec0:1100:: - - [03/Jun/2023:23:15:43 +0200] "POST /php/get-chat.php HTTP/1.1" 200 1146 swapmarket.fr "http://swapmarket.fr/chat.php?user_id=1345618028" "Mozilla/5.0 (Linux; Android 10; K) AppleWebKit/537.36 (KHTML, like Gecko) Chrome/113.0.0.0 Mobile Safari/537.36" "-"
2a04:cec0:1100:: - - [03/Jun/2023:23:15:43 +0200] "GET /php/users.php HTTP/1.1" 200 2382 swapmarket.fr "http://swapmarket.fr/chat.php?user_id=1345618028" "Mozilla/5.0 (Linux; Android 10; K) AppleWebKit/537.36 (KHTML, like Gecko) Chrome/113.0.0.0 Mobile Safari/537.36" "-"
46.193.5.0 - - [03/Jun/2023:23:15:44 +0200] "POST /php/get-chat.php HTTP/1.1" 200 95 www.swapmarket.fr "https://www.swapmarket.fr/chat.php?user_id=327367553" "Mozilla/5.0 (Windows NT 10.0; Win64; x64) AppleWebKit/537.36 (KHTML, like Gecko) Chrome/114.0.0.0 Safari/537.36" "-"
2a01:cb04:1000:: - - [03/Jun/2023:23:15:44 +0200] "GET /php/users.php HTTP/1.1" 200 2387 swapmarket.fr "https://swapmarket.fr/users.php" "Mozilla/5.0 (Windows NT 10.0; Win64; x64) AppleWebKit/537.36 (KHTML, like Gecko) Chrome/112.0.0.0 Safari/537.36 OPR/98.0.0.0" "-"
46.193.5.0 - - [03/Jun/2023:23:15:44 +0200] "GET /php/users.php HTTP/1.1" 200 2358 www.swapmarket.fr "https://www.swapmarket.fr/chat.php?user_id=327367553" "Mozilla/5.0 (Windows NT 10.0; Win64; x64) AppleWebKit/537.36 (KHTML, like Gecko) Chrome/114.0.0.0 Safari/537.36" "-"
2a01:cb04:1000:: - - [03/Jun/2023:23:15:44 +0200] "GET /php/users.php HTTP/1.1" 200 2387 swapmarket.fr "https://swapmarket.fr/users.php" "Mozilla/5.0 (Windows NT 10.0; Win64; x64) AppleWebKit/537.36 (KHTML, like Gecko) Chrome/112.0.0.0 Safari/537.36 OPR/98.0.0.0" "-"
46.193.5.0 - - [03/Jun/2023:23:15:44 +0200] "POST /php/get-chat.php HTTP/1.1" 200 95 www.swapmarket.fr "https://www.swapmarket.fr/chat.php?user_id=327367553" "Mozilla/5.0 (Windows NT 10.0; Win64; x64) AppleWebKit/537.36 (KHTML, like Gecko) Chrome/114.0.0.0 Safari/537.36" "-"
46.193.5.0 - - [03/Jun/2023:23:15:44 +0200] "GET /php/users.php HTTP/1.1" 200 2358 www.swapmarket.fr "https://www.swapmarket.fr/chat.php?user_id=327367553" "Mozilla/5.0 (Windows NT 10.0; Win64; x64) AppleWebKit/537.36 (KHTML, like Gecko) Chrome/114.0.0.0 Safari/537.36" "-"
2a04:cec0:1100:: - - [03/Jun/2023:23:15:44 +0200] "POST /php/get-chat.php HTTP/1.1" 200 1146 swapmarket.fr "http://swapmarket.fr/chat.php?user_id=1345618028" "Mozilla/5.0 (Linux; Android 10; K) AppleWebKit/537.36 (KHTML, like Gecko) Chrome/113.0.0.0 Mobile Safari/537.36" "-"
2a04:cec0:1100:: - - [03/Jun/2023:23:15:44 +0200] "GET /php/users.php HTTP/1.1" 200 2382 swapmarket.fr "http://swapmarket.fr/chat.php?user_id=1345618028" "Mozilla/5.0 (Linux; Android 10; K) AppleWebKit/537.36 (KHTML, like Gecko) Chrome/113.0.0.0 Mobile Safari/537.36" "-"
46.193.5.0 - - [03/Jun/2023:23:15:44 +0200] "GET /chat.php?user_id=1586473058 HTTP/1.1" 200 6011 www.swapmarket.fr "https://www.swapmarket.fr/chat.php?user_id=327367553" "Mozilla/5.0 (Windows NT 10.0; Win64; x64) AppleWebKit/537.36 (KHTML, like Gecko) Chrome/114.0.0.0 Safari/537.36" "-"
2a01:cb04:1000:: - - [03/Jun/2023:23:15:45 +0200] "GET /php/users.php HTTP/1.1" 200 2387 swapmarket.fr "https://swapmarket.fr/users.php" "Mozilla/5.0 (Windows NT 10.0; Win64; x64) AppleWebKit/537.36 (KHTML, like Gecko) Chrome/112.0.0.0 Safari/537.36 OPR/98.0.0.0" "-"
46.193.5.0 - - [03/Jun/2023:23:15:45 +0200] "GET /favicon.ico HTTP/1.1" 500 645 www.swapmarket.fr "https://www.swapmarket.fr/chat.php?user_id=1586473058" "Mozilla/5.0 (Windows NT 10.0; Win64; x64) AppleWebKit/537.36 (KHTML, like Gecko) Chrome/114.0.0.0 Safari/537.36" "-"
2a01:cb04:1000:: - - [03/Jun/2023:23:15:45 +0200] "GET /php/users.php HTTP/1.1" 200 2387 swapmarket.fr "https://swapmarket.fr/users.php" "Mozilla/5.0 (Windows NT 10.0; Win64; x64) AppleWebKit/537.36 (KHTML, like Gecko) Chrome/112.0.0.0 Safari/537.36 OPR/98.0.0.0" "-"
46.193.5.0 - - [03/Jun/2023:23:15:45 +0200] "GET /php/users.php HTTP/1.1" 200 2358 www.swapmarket.fr "https://www.swapmarket.fr/chat.php?user_id=1586473058" "Mozilla/5.0 (Windows NT 10.0; Win64; x64) AppleWebKit/537.36 (KHTML, like Gecko) Chrome/114.0.0.0 Safari/537.36" "-"
46.193.5.0 - - [03/Jun/2023:23:15:45 +0200] "POST /php/get-chat.php HTTP/1.1" 200 95 www.swapmarket.fr "https://www.swapmarket.fr/chat.php?user_id=1586473058" "Mozilla/5.0 (Windows NT 10.0; Win64; x64) AppleWebKit/537.36 (KHTML, like Gecko) Chrome/114.0.0.0 Safari/537.36" "-"
2a04:cec0:1100:: - - [03/Jun/2023:23:15:45 +0200] "POST /php/get-chat.php HTTP/1.1" 200 1146 swapmarket.fr "http://swapmarket.fr/chat.php?user_id=1345618028" "Mozilla/5.0 (Linux; Android 10; K) AppleWebKit/537.36 (KHTML, like Gecko) Chrome/113.0.0.0 Mobile Safari/537.36" "-"
2a04:cec0:1100:: - - [03/Jun/2023:23:15:45 +0200] "GET /php/users.php HTTP/1.1" 200 2382 swapmarket.fr "http://swapmarket.fr/chat.php?user_id=1345618028" "Mozilla/5.0 (Linux; Android 10; K) AppleWebKit/537.36 (KHTML, like Gecko) Chrome/113.0.0.0 Mobile Safari/537.36" "-"
46.193.5.0 - - [03/Jun/2023:23:15:46 +0200] "GET /php/users.php HTTP/1.1" 200 2358 www.swapmarket.fr "https://www.swapmarket.fr/chat.php?user_id=1586473058" "Mozilla/5.0 (Windows NT 10.0; Win64; x64) AppleWebKit/537.36 (KHTML, like Gecko) Chrome/114.0.0.0 Safari/537.36" "-"
2a01:cb04:1000:: - - [03/Jun/2023:23:15:46 +0200] "GET /php/users.php HTTP/1.1" 200 2387 swapmarket.fr "https://swapmarket.fr/users.php" "Mozilla/5.0 (Windows NT 10.0; Win64; x64) AppleWebKit/537.36 (KHTML, like Gecko) Chrome/112.0.0.0 Safari/537.36 OPR/98.0.0.0" "-"
46.193.5.0 - - [03/Jun/2023:23:15:46 +0200] "POST /php/get-chat.php HTTP/1.1" 200 95 www.swapmarket.fr "https://www.swapmarket.fr/chat.php?user_id=1586473058" "Mozilla/5.0 (Windows NT 10.0; Win64; x64) AppleWebKit/537.36 (KHTML, like Gecko) Chrome/114.0.0.0 Safari/537.36" "-"
2a01:cb04:1000:: - - [03/Jun/2023:23:15:46 +0200] "GET /php/users.php HTTP/1.1" 200 2387 swapmarket.fr "https://swapmarket.fr/users.php" "Mozilla/5.0 (Windows NT 10.0; Win64; x64) AppleWebKit/537.36 (KHTML, like Gecko) Chrome/112.0.0.0 Safari/537.36 OPR/98.0.0.0" "-"
46.193.5.0 - - [03/Jun/2023:23:15:46 +0200] "GET /php/users.php HTTP/1.1" 200 2358 www.swapmarket.fr "https://www.swapmarket.fr/chat.php?user_id=1586473058" "Mozilla/5.0 (Windows NT 10.0; Win64; x64) AppleWebKit/537.36 (KHTML, like Gecko) Chrome/114.0.0.0 Safari/537.36" "-"
46.193.5.0 - - [03/Jun/2023:23:15:46 +0200] "POST /php/get-chat.php HTTP/1.1" 200 95 www.swapmarket.fr "https://www.swapmarket.fr/chat.php?user_id=1586473058" "Mozilla/5.0 (Windows NT 10.0; Win64; x64) AppleWebKit/537.36 (KHTML, like Gecko) Chrome/114.0.0.0 Safari/537.36" "-"
2a04:cec0:1100:: - - [03/Jun/2023:23:15:46 +0200] "POST /php/get-chat.php HTTP/1.1" 200 1146 swapmarket.fr "http://swapmarket.fr/chat.php?user_id=1345618028" "Mozilla/5.0 (Linux; Android 10; K) AppleWebKit/537.36 (KHTML, like Gecko) Chrome/113.0.0.0 Mobile Safari/537.36" "-"
2a04:cec0:1100:: - - [03/Jun/2023:23:15:46 +0200] "GET /php/users.php HTTP/1.1" 200 2382 swapmarket.fr "http://swapmarket.fr/chat.php?user_id=1345618028" "Mozilla/5.0 (Linux; Android 10; K) AppleWebKit/537.36 (KHTML, like Gecko) Chrome/113.0.0.0 Mobile Safari/537.36" "-"
46.193.5.0 - - [03/Jun/2023:23:15:46 +0200] "GET /chat.php?user_id=881293111 HTTP/1.1" 200 5995 www.swapmarket.fr "https://www.swapmarket.fr/chat.php?user_id=1586473058" "Mozilla/5.0 (Windows NT 10.0; Win64; x64) AppleWebKit/537.36 (KHTML, like Gecko) Chrome/114.0.0.0 Safari/537.36" "-"
2a01:cb04:1000:: - - [03/Jun/2023:23:15:46 +0200] "GET /marketplace.php HTTP/1.1" 200 2276368 swapmarket.fr "https://swapmarket.fr/users.php" "Mozilla/5.0 (Windows NT 10.0; Win64; x64) AppleWebKit/537.36 (KHTML, like Gecko) Chrome/112.0.0.0 Safari/537.36 OPR/98.0.0.0" "-"
46.193.5.0 - - [03/Jun/2023:23:15:47 +0200] "GET /favicon.ico HTTP/1.1" 500 645 www.swapmarket.fr "https://www.swapmarket.fr/chat.php?user_id=881293111" "Mozilla/5.0 (Windows NT 10.0; Win64; x64) AppleWebKit/537.36 (KHTML, like Gecko) Chrome/114.0.0.0 Safari/537.36" "-"
2a01:cb04:1000:: - - [03/Jun/2023:23:15:47 +0200] "GET /posts.php HTTP/1.1" 200 44569 swapmarket.fr "https://swapmarket.fr/marketplace.php" "Mozilla/5.0 (Windows NT 10.0; Win64; x64) AppleWebKit/537.36 (KHTML, like Gecko) Chrome/112.0.0.0 Safari/537.36 OPR/98.0.0.0" "-"
2a01:cb04:1000:: - - [03/Jun/2023:23:15:47 +0200] "GET /css/style_poster.css HTTP/1.1" 200 2032 swapmarket.fr "https://swapmarket.fr/posts.php" "Mozilla/5.0 (Windows NT 10.0; Win64; x64) AppleWebKit/537.36 (KHTML, like Gecko) Chrome/112.0.0.0 Safari/537.36 OPR/98.0.0.0" "-"
2a01:cb04:1000:: - - [03/Jun/2023:23:15:47 +0200] "GET /css/ad_post_style.css HTTP/1.1" 200 6077 swapmarket.fr "https://swapmarket.fr/posts.php" "Mozilla/5.0 (Windows NT 10.0; Win64; x64) AppleWebKit/537.36 (KHTML, like Gecko) Chrome/112.0.0.0 Safari/537.36 OPR/98.0.0.0" "-"
2a01:cb04:1000:: - - [03/Jun/2023:23:15:47 +0200] "GET /javascript/revealbox.js HTTP/1.1" 200 627 swapmarket.fr "https://swapmarket.fr/posts.php" "Mozilla/5.0 (Windows NT 10.0; Win64; x64) AppleWebKit/537.36 (KHTML, like Gecko) Chrome/112.0.0.0 Safari/537.36 OPR/98.0.0.0" "-"
2a01:cb04:1000:: - - [03/Jun/2023:23:15:47 +0200] "GET /favicon.ico HTTP/1.1" 500 645 swapmarket.fr "https://swapmarket.fr/posts.php" "Mozilla/5.0 (Windows NT 10.0; Win64; x64) AppleWebKit/537.36 (KHTML, like Gecko) Chrome/112.0.0.0 Safari/537.36 OPR/98.0.0.0" "-"
2a04:cec0:1100:: - - [03/Jun/2023:23:15:47 +0200] "POST /php/get-chat.php HTTP/1.1" 200 1146 swapmarket.fr "http://swapmarket.fr/chat.php?user_id=1345618028" "Mozilla/5.0 (Linux; Android 10; K) AppleWebKit/537.36 (KHTML, like Gecko) Chrome/113.0.0.0 Mobile Safari/537.36" "-"
46.193.5.0 - - [03/Jun/2023:23:15:47 +0200] "POST /php/get-chat.php HTTP/1.1" 200 1102 www.swapmarket.fr "https://www.swapmarket.fr/chat.php?user_id=881293111" "Mozilla/5.0 (Windows NT 10.0; Win64; x64) AppleWebKit/537.36 (KHTML, like Gecko) Chrome/114.0.0.0 Safari/537.36" "-"
2a04:cec0:1100:: - - [03/Jun/2023:23:15:47 +0200] "GET /php/users.php HTTP/1.1" 200 2382 swapmarket.fr "http://swapmarket.fr/chat.php?user_id=1345618028" "Mozilla/5.0 (Linux; Android 10; K) AppleWebKit/537.36 (KHTML, like Gecko) Chrome/113.0.0.0 Mobile Safari/537.36" "-"
46.193.5.0 - - [03/Jun/2023:23:15:47 +0200] "GET /php/users.php HTTP/1.1" 200 2358 www.swapmarket.fr "https://www.swapmarket.fr/chat.php?user_id=881293111" "Mozilla/5.0 (Windows NT 10.0; Win64; x64) AppleWebKit/537.36 (KHTML, like Gecko) Chrome/114.0.0.0 Safari/537.36" "-"
46.193.5.0 - - [03/Jun/2023:23:15:48 +0200] "POST /php/get-chat.php HTTP/1.1" 200 1102 www.swapmarket.fr "https://www.swapmarket.fr/chat.php?user_id=881293111" "Mozilla/5.0 (Windows NT 10.0; Win64; x64) AppleWebKit/537.36 (KHTML, like Gecko) Chrome/114.0.0.0 Safari/537.36" "-"
46.193.5.0 - - [03/Jun/2023:23:15:48 +0200] "GET /php/users.php HTTP/1.1" 200 2358 www.swapmarket.fr "https://www.swapmarket.fr/chat.php?user_id=881293111" "Mozilla/5.0 (Windows NT 10.0; Win64; x64) AppleWebKit/537.36 (KHTML, like Gecko) Chrome/114.0.0.0 Safari/537.36" "-"
2a04:cec0:1100:: - - [03/Jun/2023:23:15:48 +0200] "POST /php/get-chat.php HTTP/1.1" 200 1146 swapmarket.fr "http://swapmarket.fr/chat.php?user_id=1345618028" "Mozilla/5.0 (Linux; Android 10; K) AppleWebKit/537.36 (KHTML, like Gecko) Chrome/113.0.0.0 Mobile Safari/537.36" "-"
46.193.5.0 - - [03/Jun/2023:23:15:48 +0200] "GET /php/users.php HTTP/1.1" 200 2358 www.swapmarket.fr "https://www.swapmarket.fr/chat.php?user_id=881293111" "Mozilla/5.0 (Windows NT 10.0; Win64; x64) AppleWebKit/537.36 (KHTML, like Gecko) Chrome/114.0.0.0 Safari/537.36" "-"
2a04:cec0:1100:: - - [03/Jun/2023:23:15:48 +0200] "GET /php/users.php HTTP/1.1" 200 2382 swapmarket.fr "http://swapmarket.fr/chat.php?user_id=1345618028" "Mozilla/5.0 (Linux; Android 10; K) AppleWebKit/537.36 (KHTML, like Gecko) Chrome/113.0.0.0 Mobile Safari/537.36" "-"
46.193.5.0 - - [03/Jun/2023:23:15:48 +0200] "POST /php/get-chat.php HTTP/1.1" 200 1102 www.swapmarket.fr "https://www.swapmarket.fr/chat.php?user_id=881293111" "Mozilla/5.0 (Windows NT 10.0; Win64; x64) AppleWebKit/537.36 (KHTML, like Gecko) Chrome/114.0.0.0 Safari/537.36" "-"
46.193.5.0 - - [03/Jun/2023:23:15:49 +0200] "POST /php/get-chat.php HTTP/1.1" 200 1102 www.swapmarket.fr "https://www.swapmarket.fr/chat.php?user_id=881293111" "Mozilla/5.0 (Windows NT 10.0; Win64; x64) AppleWebKit/537.36 (KHTML, like Gecko) Chrome/114.0.0.0 Safari/537.36" "-"
46.193.5.0 - - [03/Jun/2023:23:15:49 +0200] "GET /php/users.php HTTP/1.1" 200 2358 www.swapmarket.fr "https://www.swapmarket.fr/chat.php?user_id=881293111" "Mozilla/5.0 (Windows NT 10.0; Win64; x64) AppleWebKit/537.36 (KHTML, like Gecko) Chrome/114.0.0.0 Safari/537.36" "-"
2a04:cec0:1100:: - - [03/Jun/2023:23:15:49 +0200] "POST /php/get-chat.php HTTP/1.1" 200 1146 swapmarket.fr "http://swapmarket.fr/chat.php?user_id=1345618028" "Mozilla/5.0 (Linux; Android 10; K) AppleWebKit/537.36 (KHTML, like Gecko) Chrome/113.0.0.0 Mobile Safari/537.36" "-"
46.193.5.0 - - [03/Jun/2023:23:15:49 +0200] "POST /php/get-chat.php HTTP/1.1" 200 1102 www.swapmarket.fr "https://www.swapmarket.fr/chat.php?user_id=881293111" "Mozilla/5.0 (Windows NT 10.0; Win64; x64) AppleWebKit/537.36 (KHTML, like Gecko) Chrome/114.0.0.0 Safari/537.36" "-"
2a04:cec0:1100:: - - [03/Jun/2023:23:15:49 +0200] "GET /php/users.php HTTP/1.1" 200 2382 swapmarket.fr "http://swapmarket.fr/chat.php?user_id=1345618028" "Mozilla/5.0 (Linux; Android 10; K) AppleWebKit/537.36 (KHTML, like Gecko) Chrome/113.0.0.0 Mobile Safari/537.36" "-"
46.193.5.0 - - [03/Jun/2023:23:15:49 +0200] "GET /php/users.php HTTP/1.1" 200 2358 www.swapmarket.fr "https://www.swapmarket.fr/chat.php?user_id=881293111" "Mozilla/5.0 (Windows NT 10.0; Win64; x64) AppleWebKit/537.36 (KHTML, like Gecko) Chrome/114.0.0.0 Safari/537.36" "-"
46.193.5.0 - - [03/Jun/2023:23:15:50 +0200] "POST /php/get-chat.php HTTP/1.1" 200 1102 www.swapmarket.fr "https://www.swapmarket.fr/chat.php?user_id=881293111" "Mozilla/5.0 (Windows NT 10.0; Win64; x64) AppleWebKit/537.36 (KHTML, like Gecko) Chrome/114.0.0.0 Safari/537.36" "-"
46.193.5.0 - - [03/Jun/2023:23:15:50 +0200] "GET /php/users.php HTTP/1.1" 200 2358 www.swapmarket.fr "https://www.swapmarket.fr/chat.php?user_id=881293111" "Mozilla/5.0 (Windows NT 10.0; Win64; x64) AppleWebKit/537.36 (KHTML, like Gecko) Chrome/114.0.0.0 Safari/537.36" "-"
46.193.5.0 - - [03/Jun/2023:23:15:50 +0200] "GET /chat.php?user_id=456453966 HTTP/1.1" 200 5999 www.swapmarket.fr "https://www.swapmarket.fr/chat.php?user_id=881293111" "Mozilla/5.0 (Windows NT 10.0; Win64; x64) AppleWebKit/537.36 (KHTML, like Gecko) Chrome/114.0.0.0 Safari/537.36" "-"
46.193.5.0 - - [03/Jun/2023:23:15:50 +0200] "GET /favicon.ico HTTP/1.1" 500 645 www.swapmarket.fr "https://www.swapmarket.fr/chat.php?user_id=456453966" "Mozilla/5.0 (Windows NT 10.0; Win64; x64) AppleWebKit/537.36 (KHTML, like Gecko) Chrome/114.0.0.0 Safari/537.36" "-"
2a04:cec0:1100:: - - [03/Jun/2023:23:15:50 +0200] "POST /php/get-chat.php HTTP/1.1" 200 1146 swapmarket.fr "http://swapmarket.fr/chat.php?user_id=1345618028" "Mozilla/5.0 (Linux; Android 10; K) AppleWebKit/537.36 (KHTML, like Gecko) Chrome/113.0.0.0 Mobile Safari/537.36" "-"
2a04:cec0:1100:: - - [03/Jun/2023:23:15:50 +0200] "GET /php/users.php HTTP/1.1" 200 2382 swapmarket.fr "http://swapmarket.fr/chat.php?user_id=1345618028" "Mozilla/5.0 (Linux; Android 10; K) AppleWebKit/537.36 (KHTML, like Gecko) Chrome/113.0.0.0 Mobile Safari/537.36" "-"
46.193.5.0 - - [03/Jun/2023:23:15:50 +0200] "POST /php/get-chat.php HTTP/1.1" 200 316 www.swapmarket.fr "https://www.swapmarket.fr/chat.php?user_id=456453966" "Mozilla/5.0 (Windows NT 10.0; Win64; x64) AppleWebKit/537.36 (KHTML, like Gecko) Chrome/114.0.0.0 Safari/537.36" "-"
46.193.5.0 - - [03/Jun/2023:23:15:50 +0200] "GET /php/users.php HTTP/1.1" 200 2358 www.swapmarket.fr "https://www.swapmarket.fr/chat.php?user_id=456453966" "Mozilla/5.0 (Windows NT 10.0; Win64; x64) AppleWebKit/537.36 (KHTML, like Gecko) Chrome/114.0.0.0 Safari/537.36" "-"
46.193.5.0 - - [03/Jun/2023:23:15:51 +0200] "GET /php/users.php HTTP/1.1" 200 2358 www.swapmarket.fr "https://www.swapmarket.fr/chat.php?user_id=456453966" "Mozilla/5.0 (Windows NT 10.0; Win64; x64) AppleWebKit/537.36 (KHTML, like Gecko) Chrome/114.0.0.0 Safari/537.36" "-"
46.193.5.0 - - [03/Jun/2023:23:15:51 +0200] "POST /php/get-chat.php HTTP/1.1" 200 316 www.swapmarket.fr "https://www.swapmarket.fr/chat.php?user_id=456453966" "Mozilla/5.0 (Windows NT 10.0; Win64; x64) AppleWebKit/537.36 (KHTML, like Gecko) Chrome/114.0.0.0 Safari/537.36" "-"
2a04:cec0:1100:: - - [03/Jun/2023:23:15:51 +0200] "POST /php/get-chat.php HTTP/1.1" 200 1146 swapmarket.fr "http://swapmarket.fr/chat.php?user_id=1345618028" "Mozilla/5.0 (Linux; Android 10; K) AppleWebKit/537.36 (KHTML, like Gecko) Chrome/113.0.0.0 Mobile Safari/537.36" "-"
2a04:cec0:1100:: - - [03/Jun/2023:23:15:51 +0200] "GET /php/users.php HTTP/1.1" 200 2382 swapmarket.fr "http://swapmarket.fr/chat.php?user_id=1345618028" "Mozilla/5.0 (Linux; Android 10; K) AppleWebKit/537.36 (KHTML, like Gecko) Chrome/113.0.0.0 Mobile Safari/537.36" "-"
46.193.5.0 - - [03/Jun/2023:23:15:51 +0200] "POST /php/get-chat.php HTTP/1.1" 200 316 www.swapmarket.fr "https://www.swapmarket.fr/chat.php?user_id=456453966" "Mozilla/5.0 (Windows NT 10.0; Win64; x64) AppleWebKit/537.36 (KHTML, like Gecko) Chrome/114.0.0.0 Safari/537.36" "-"
46.193.5.0 - - [03/Jun/2023:23:15:51 +0200] "GET /php/users.php HTTP/1.1" 200 2358 www.swapmarket.fr "https://www.swapmarket.fr/chat.php?user_id=456453966" "Mozilla/5.0 (Windows NT 10.0; Win64; x64) AppleWebKit/537.36 (KHTML, like Gecko) Chrome/114.0.0.0 Safari/537.36" "-"
46.193.5.0 - - [03/Jun/2023:23:15:52 +0200] "POST /php/get-chat.php HTTP/1.1" 200 316 www.swapmarket.fr "https://www.swapmarket.fr/chat.php?user_id=456453966" "Mozilla/5.0 (Windows NT 10.0; Win64; x64) AppleWebKit/537.36 (KHTML, like Gecko) Chrome/114.0.0.0 Safari/537.36" "-"
46.193.5.0 - - [03/Jun/2023:23:15:52 +0200] "GET /php/users.php HTTP/1.1" 200 2358 www.swapmarket.fr "https://www.swapmarket.fr/chat.php?user_id=456453966" "Mozilla/5.0 (Windows NT 10.0; Win64; x64) AppleWebKit/537.36 (KHTML, like Gecko) Chrome/114.0.0.0 Safari/537.36" "-"
2a04:cec0:1100:: - - [03/Jun/2023:23:15:52 +0200] "POST /php/get-chat.php HTTP/1.1" 200 1146 swapmarket.fr "http://swapmarket.fr/chat.php?user_id=1345618028" "Mozilla/5.0 (Linux; Android 10; K) AppleWebKit/537.36 (KHTML, like Gecko) Chrome/113.0.0.0 Mobile Safari/537.36" "-"
2a04:cec0:1100:: - - [03/Jun/2023:23:15:52 +0200] "GET /php/users.php HTTP/1.1" 200 2382 swapmarket.fr "http://swapmarket.fr/chat.php?user_id=1345618028" "Mozilla/5.0 (Linux; Android 10; K) AppleWebKit/537.36 (KHTML, like Gecko) Chrome/113.0.0.0 Mobile Safari/537.36" "-"
46.193.5.0 - - [03/Jun/2023:23:15:52 +0200] "POST /php/get-chat.php HTTP/1.1" 200 316 www.swapmarket.fr "https://www.swapmarket.fr/chat.php?user_id=456453966" "Mozilla/5.0 (Windows NT 10.0; Win64; x64) AppleWebKit/537.36 (KHTML, like Gecko) Chrome/114.0.0.0 Safari/537.36" "-"
46.193.5.0 - - [03/Jun/2023:23:15:52 +0200] "GET /php/users.php HTTP/1.1" 200 2358 www.swapmarket.fr "https://www.swapmarket.fr/chat.php?user_id=456453966" "Mozilla/5.0 (Windows NT 10.0; Win64; x64) AppleWebKit/537.36 (KHTML, like Gecko) Chrome/114.0.0.0 Safari/537.36" "-"
46.193.5.0 - - [03/Jun/2023:23:15:53 +0200] "GET /php/users.php HTTP/1.1" 200 2358 www.swapmarket.fr "https://www.swapmarket.fr/chat.php?user_id=456453966" "Mozilla/5.0 (Windows NT 10.0; Win64; x64) AppleWebKit/537.36 (KHTML, like Gecko) Chrome/114.0.0.0 Safari/537.36" "-"
46.193.5.0 - - [03/Jun/2023:23:15:53 +0200] "POST /php/get-chat.php HTTP/1.1" 200 316 www.swapmarket.fr "https://www.swapmarket.fr/chat.php?user_id=456453966" "Mozilla/5.0 (Windows NT 10.0; Win64; x64) AppleWebKit/537.36 (KHTML, like Gecko) Chrome/114.0.0.0 Safari/537.36" "-"
2a09:bac2:3400:: - - [03/Jun/2023:23:15:53 +0200] "GET / HTTP/1.1" 200 6829 swapmarket.fr "-" "Mozilla/5.0 (iPhone; CPU iPhone OS 16_3 like Mac OS X) AppleWebKit/605.1.15 (KHTML, like Gecko) Version/16.3 Mobile/15E148 Safari/604.1" "-"
2a04:cec0:1100:: - - [03/Jun/2023:23:15:53 +0200] "GET /php/users.php HTTP/1.1" 200 2382 swapmarket.fr "http://swapmarket.fr/chat.php?user_id=1345618028" "Mozilla/5.0 (Linux; Android 10; K) AppleWebKit/537.36 (KHTML, like Gecko) Chrome/113.0.0.0 Mobile Safari/537.36" "-"
2a09:bac2:3400:: - - [03/Jun/2023:23:15:53 +0200] "GET /assets/video/wtb_video_720.mp4 HTTP/1.1" 206 2 swapmarket.fr "https://swapmarket.fr/" "Mozilla/5.0 (iPhone; CPU iPhone OS 16_3 like Mac OS X) AppleWebKit/605.1.15 (KHTML, like Gecko) Version/16.3 Mobile/15E148 Safari/604.1" "-"
2a04:cec0:1100:: - - [03/Jun/2023:23:15:53 +0200] "POST /php/get-chat.php HTTP/1.1" 200 1146 swapmarket.fr "http://swapmarket.fr/chat.php?user_id=1345618028" "Mozilla/5.0 (Linux; Android 10; K) AppleWebKit/537.36 (KHTML, like Gecko) Chrome/113.0.0.0 Mobile Safari/537.36" "-"
2a09:bac2:3400:: - - [03/Jun/2023:23:15:53 +0200] "GET /assets/video/banner_video_1080.mp4 HTTP/1.1" 206 2 swapmarket.fr "https://swapmarket.fr/" "Mozilla/5.0 (iPhone; CPU iPhone OS 16_3 like Mac OS X) AppleWebKit/605.1.15 (KHTML, like Gecko) Version/16.3 Mobile/15E148 Safari/604.1" "-"
2a09:bac2:3400:: - - [03/Jun/2023:23:15:53 +0200] "GET /assets/video/wtt_video_720.mp4 HTTP/1.1" 206 2 swapmarket.fr "https://swapmarket.fr/" "Mozilla/5.0 (iPhone; CPU iPhone OS 16_3 like Mac OS X) AppleWebKit/605.1.15 (KHTML, like Gecko) Version/16.3 Mobile/15E148 Safari/604.1" "-"
2a09:bac2:3400:: - - [03/Jun/2023:23:15:53 +0200] "GET /assets/video/wts_video_720.mp4 HTTP/1.1" 206 2 swapmarket.fr "https://swapmarket.fr/" "Mozilla/5.0 (iPhone; CPU iPhone OS 16_3 like Mac OS X) AppleWebKit/605.1.15 (KHTML, like Gecko) Version/16.3 Mobile/15E148 Safari/604.1" "-"
2a09:bac2:3400:: - - [03/Jun/2023:23:15:53 +0200] "GET /assets/video/banner_video_1080.mp4 HTTP/1.1" 206 460630 swapmarket.fr "https://swapmarket.fr/" "Mozilla/5.0 (iPhone; CPU iPhone OS 16_3 like Mac OS X) AppleWebKit/605.1.15 (KHTML, like Gecko) Version/16.3 Mobile/15E148 Safari/604.1" "-"
2a09:bac2:3400:: - - [03/Jun/2023:23:15:53 +0200] "GET /assets/video/wtb_video_720.mp4 HTTP/1.1" 206 202197 swapmarket.fr "https://swapmarket.fr/" "Mozilla/5.0 (iPhone; CPU iPhone OS 16_3 like Mac OS X) AppleWebKit/605.1.15 (KHTML, like Gecko) Version/16.3 Mobile/15E148 Safari/604.1" "-"
2a09:bac2:3400:: - - [03/Jun/2023:23:15:53 +0200] "GET /assets/video/wtt_video_720.mp4 HTTP/1.1" 206 149664 swapmarket.fr "https://swapmarket.fr/" "Mozilla/5.0 (iPhone; CPU iPhone OS 16_3 like Mac OS X) AppleWebKit/605.1.15 (KHTML, like Gecko) Version/16.3 Mobile/15E148 Safari/604.1" "-"
2a09:bac2:3400:: - - [03/Jun/2023:23:15:53 +0200] "GET /assets/video/wts_video_720.mp4 HTTP/1.1" 206 164734 swapmarket.fr "https://swapmarket.fr/" "Mozilla/5.0 (iPhone; CPU iPhone OS 16_3 like Mac OS X) AppleWebKit/605.1.15 (KHTML, like Gecko) Version/16.3 Mobile/15E148 Safari/604.1" "-"
46.193.5.0 - - [03/Jun/2023:23:15:53 +0200] "POST /php/get-chat.php HTTP/1.1" 200 316 www.swapmarket.fr "https://www.swapmarket.fr/chat.php?user_id=456453966" "Mozilla/5.0 (Windows NT 10.0; Win64; x64) AppleWebKit/537.36 (KHTML, like Gecko) Chrome/114.0.0.0 Safari/537.36" "-"
46.193.5.0 - - [03/Jun/2023:23:15:53 +0200] "GET /php/users.php HTTP/1.1" 200 2358 www.swapmarket.fr "https://www.swapmarket.fr/chat.php?user_id=456453966" "Mozilla/5.0 (Windows NT 10.0; Win64; x64) AppleWebKit/537.36 (KHTML, like Gecko) Chrome/114.0.0.0 Safari/537.36" "-"
46.193.5.0 - - [03/Jun/2023:23:15:54 +0200] "POST /php/insert-chat.php HTTP/1.1" 200 45 www.swapmarket.fr "https://www.swapmarket.fr/chat.php?user_id=456453966" "Mozilla/5.0 (Windows NT 10.0; Win64; x64) AppleWebKit/537.36 (KHTML, like Gecko) Chrome/114.0.0.0 Safari/537.36" "-"
46.193.5.0 - - [03/Jun/2023:23:15:54 +0200] "POST /php/get-chat.php HTTP/1.1" 200 527 www.swapmarket.fr "https://www.swapmarket.fr/chat.php?user_id=456453966" "Mozilla/5.0 (Windows NT 10.0; Win64; x64) AppleWebKit/537.36 (KHTML, like Gecko) Chrome/114.0.0.0 Safari/537.36" "-"
46.193.5.0 - - [03/Jun/2023:23:15:54 +0200] "GET /php/users.php HTTP/1.1" 200 2347 www.swapmarket.fr "https://www.swapmarket.fr/chat.php?user_id=456453966" "Mozilla/5.0 (Windows NT 10.0; Win64; x64) AppleWebKit/537.36 (KHTML, like Gecko) Chrome/114.0.0.0 Safari/537.36" "-"
2a04:cec0:1100:: - - [03/Jun/2023:23:15:54 +0200] "POST /php/get-chat.php HTTP/1.1" 200 1146 swapmarket.fr "http://swapmarket.fr/chat.php?user_id=1345618028" "Mozilla/5.0 (Linux; Android 10; K) AppleWebKit/537.36 (KHTML, like Gecko) Chrome/113.0.0.0 Mobile Safari/537.36" "-"
2a04:cec0:1100:: - - [03/Jun/2023:23:15:54 +0200] "GET /php/users.php HTTP/1.1" 200 2382 swapmarket.fr "http://swapmarket.fr/chat.php?user_id=1345618028" "Mozilla/5.0 (Linux; Android 10; K) AppleWebKit/537.36 (KHTML, like Gecko) Chrome/113.0.0.0 Mobile Safari/537.36" "-"
46.193.5.0 - - [03/Jun/2023:23:15:54 +0200] "GET /php/users.php HTTP/1.1" 200 2347 www.swapmarket.fr "https://www.swapmarket.fr/chat.php?user_id=456453966" "Mozilla/5.0 (Windows NT 10.0; Win64; x64) AppleWebKit/537.36 (KHTML, like Gecko) Chrome/114.0.0.0 Safari/537.36" "-"
46.193.5.0 - - [03/Jun/2023:23:15:54 +0200] "POST /php/get-chat.php HTTP/1.1" 200 527 www.swapmarket.fr "https://www.swapmarket.fr/chat.php?user_id=456453966" "Mozilla/5.0 (Windows NT 10.0; Win64; x64) AppleWebKit/537.36 (KHTML, like Gecko) Chrome/114.0.0.0 Safari/537.36" "-"
46.193.5.0 - - [03/Jun/2023:23:15:55 +0200] "POST /php/get-chat.php HTTP/1.1" 200 527 www.swapmarket.fr "https://www.swapmarket.fr/chat.php?user_id=456453966" "Mozilla/5.0 (Windows NT 10.0; Win64; x64) AppleWebKit/537.36 (KHTML, like Gecko) Chrome/114.0.0.0 Safari/537.36" "-"
46.193.5.0 - - [03/Jun/2023:23:15:55 +0200] "GET /php/users.php HTTP/1.1" 200 2347 www.swapmarket.fr "https://www.swapmarket.fr/chat.php?user_id=456453966" "Mozilla/5.0 (Windows NT 10.0; Win64; x64) AppleWebKit/537.36 (KHTML, like Gecko) Chrome/114.0.0.0 Safari/537.36" "-"
2a04:cec0:1100:: - - [03/Jun/2023:23:15:55 +0200] "POST /php/get-chat.php HTTP/1.1" 200 1146 swapmarket.fr "http://swapmarket.fr/chat.php?user_id=1345618028" "Mozilla/5.0 (Linux; Android 10; K) AppleWebKit/537.36 (KHTML, like Gecko) Chrome/113.0.0.0 Mobile Safari/537.36" "-"
2a04:cec0:1100:: - - [03/Jun/2023:23:15:55 +0200] "GET /php/users.php HTTP/1.1" 200 2382 swapmarket.fr "http://swapmarket.fr/chat.php?user_id=1345618028" "Mozilla/5.0 (Linux; Android 10; K) AppleWebKit/537.36 (KHTML, like Gecko) Chrome/113.0.0.0 Mobile Safari/537.36" "-"
46.193.5.0 - - [03/Jun/2023:23:15:55 +0200] "POST /php/get-chat.php HTTP/1.1" 200 527 www.swapmarket.fr "https://www.swapmarket.fr/chat.php?user_id=456453966" "Mozilla/5.0 (Windows NT 10.0; Win64; x64) AppleWebKit/537.36 (KHTML, like Gecko) Chrome/114.0.0.0 Safari/537.36" "-"
46.193.5.0 - - [03/Jun/2023:23:15:55 +0200] "GET /php/users.php HTTP/1.1" 200 2347 www.swapmarket.fr "https://www.swapmarket.fr/chat.php?user_id=456453966" "Mozilla/5.0 (Windows NT 10.0; Win64; x64) AppleWebKit/537.36 (KHTML, like Gecko) Chrome/114.0.0.0 Safari/537.36" "-"
46.193.5.0 - - [03/Jun/2023:23:15:56 +0200] "POST /php/get-chat.php HTTP/1.1" 200 527 www.swapmarket.fr "https://www.swapmarket.fr/chat.php?user_id=456453966" "Mozilla/5.0 (Windows NT 10.0; Win64; x64) AppleWebKit/537.36 (KHTML, like Gecko) Chrome/114.0.0.0 Safari/537.36" "-"
46.193.5.0 - - [03/Jun/2023:23:15:56 +0200] "GET /php/users.php HTTP/1.1" 200 2347 www.swapmarket.fr "https://www.swapmarket.fr/chat.php?user_id=456453966" "Mozilla/5.0 (Windows NT 10.0; Win64; x64) AppleWebKit/537.36 (KHTML, like Gecko) Chrome/114.0.0.0 Safari/537.36" "-"
2a04:cec0:1100:: - - [03/Jun/2023:23:15:56 +0200] "POST /php/get-chat.php HTTP/1.1" 200 1146 swapmarket.fr "http://swapmarket.fr/chat.php?user_id=1345618028" "Mozilla/5.0 (Linux; Android 10; K) AppleWebKit/537.36 (KHTML, like Gecko) Chrome/113.0.0.0 Mobile Safari/537.36" "-"
2a04:cec0:1100:: - - [03/Jun/2023:23:15:56 +0200] "GET /php/users.php HTTP/1.1" 200 2382 swapmarket.fr "http://swapmarket.fr/chat.php?user_id=1345618028" "Mozilla/5.0 (Linux; Android 10; K) AppleWebKit/537.36 (KHTML, like Gecko) Chrome/113.0.0.0 Mobile Safari/537.36" "-"
46.193.5.0 - - [03/Jun/2023:23:15:57 +0200] "GET /php/users.php HTTP/1.1" 200 2347 www.swapmarket.fr "https://www.swapmarket.fr/chat.php?user_id=456453966" "Mozilla/5.0 (Windows NT 10.0; Win64; x64) AppleWebKit/537.36 (KHTML, like Gecko) Chrome/114.0.0.0 Safari/537.36" "-"
46.193.5.0 - - [03/Jun/2023:23:15:57 +0200] "POST /php/get-chat.php HTTP/1.1" 200 527 www.swapmarket.fr "https://www.swapmarket.fr/chat.php?user_id=456453966" "Mozilla/5.0 (Windows NT 10.0; Win64; x64) AppleWebKit/537.36 (KHTML, like Gecko) Chrome/114.0.0.0 Safari/537.36" "-"
46.193.5.0 - - [03/Jun/2023:23:15:57 +0200] "GET /php/users.php HTTP/1.1" 200 2347 www.swapmarket.fr "https://www.swapmarket.fr/chat.php?user_id=456453966" "Mozilla/5.0 (Windows NT 10.0; Win64; x64) AppleWebKit/537.36 (KHTML, like Gecko) Chrome/114.0.0.0 Safari/537.36" "-"
46.193.5.0 - - [03/Jun/2023:23:15:57 +0200] "POST /php/get-chat.php HTTP/1.1" 200 527 www.swapmarket.fr "https://www.swapmarket.fr/chat.php?user_id=456453966" "Mozilla/5.0 (Windows NT 10.0; Win64; x64) AppleWebKit/537.36 (KHTML, like Gecko) Chrome/114.0.0.0 Safari/537.36" "-"
