2a04:cec0:1100:: - - [03/Jun/2023:23:12:54 +0200] "GET /php/users.php HTTP/1.1" 200 2401 swapmarket.fr "https://swapmarket.fr/chat.php?user_id=1345618028" "Mozilla/5.0 (Linux; Android 10; K) AppleWebKit/537.36 (KHTML, like Gecko) Chrome/113.0.0.0 Mobile Safari/537.36" "-"
46.193.5.0 - - [03/Jun/2023:23:12:54 +0200] "POST /php/get-chat.php HTTP/1.1" 200 95 www.swapmarket.fr "https://www.swapmarket.fr/chat.php?user_id=881293111" "Mozilla/5.0 (Windows NT 10.0; Win64; x64) AppleWebKit/537.36 (KHTML, like Gecko) Chrome/114.0.0.0 Safari/537.36" "-"
46.193.5.0 - - [03/Jun/2023:23:12:54 +0200] "GET /php/users.php HTTP/1.1" 200 2373 www.swapmarket.fr "https://www.swapmarket.fr/chat.php?user_id=881293111" "Mozilla/5.0 (Windows NT 10.0; Win64; x64) AppleWebKit/537.36 (KHTML, like Gecko) Chrome/114.0.0.0 Safari/537.36" "-"
2a01:cb04:1000:: - - [03/Jun/2023:23:12:54 +0200] "POST /php/get-chat.php HTTP/1.1" 200 95 swapmarket.fr "https://swapmarket.fr/chat.php?user_id=1345618028" "Mozilla/5.0 (Windows NT 10.0; Win64; x64) AppleWebKit/537.36 (KHTML, like Gecko) Chrome/112.0.0.0 Safari/537.36 OPR/98.0.0.0" "-"
2a01:cb04:1000:: - - [03/Jun/2023:23:12:54 +0200] "GET /php/users.php HTTP/1.1" 200 2386 swapmarket.fr "https://swapmarket.fr/chat.php?user_id=1345618028" "Mozilla/5.0 (Windows NT 10.0; Win64; x64) AppleWebKit/537.36 (KHTML, like Gecko) Chrome/112.0.0.0 Safari/537.36 OPR/98.0.0.0" "-"
2a04:cec0:1100:: - - [03/Jun/2023:23:12:55 +0200] "POST /php/get-chat.php HTTP/1.1" 200 95 swapmarket.fr "https://swapmarket.fr/chat.php?user_id=1345618028" "Mozilla/5.0 (Linux; Android 10; K) AppleWebKit/537.36 (KHTML, like Gecko) Chrome/113.0.0.0 Mobile Safari/537.36" "-"
2a04:cec0:1100:: - - [03/Jun/2023:23:12:55 +0200] "GET /php/users.php HTTP/1.1" 200 2401 swapmarket.fr "https://swapmarket.fr/chat.php?user_id=1345618028" "Mozilla/5.0 (Linux; Android 10; K) AppleWebKit/537.36 (KHTML, like Gecko) Chrome/113.0.0.0 Mobile Safari/537.36" "-"
46.193.5.0 - - [03/Jun/2023:23:12:55 +0200] "GET /php/users.php HTTP/1.1" 200 2373 www.swapmarket.fr "https://www.swapmarket.fr/chat.php?user_id=881293111" "Mozilla/5.0 (Windows NT 10.0; Win64; x64) AppleWebKit/537.36 (KHTML, like Gecko) Chrome/114.0.0.0 Safari/537.36" "-"
46.193.5.0 - - [03/Jun/2023:23:12:55 +0200] "POST /php/get-chat.php HTTP/1.1" 200 95 www.swapmarket.fr "https://www.swapmarket.fr/chat.php?user_id=881293111" "Mozilla/5.0 (Windows NT 10.0; Win64; x64) AppleWebKit/537.36 (KHTML, like Gecko) Chrome/114.0.0.0 Safari/537.36" "-"
2a01:cb04:1000:: - - [03/Jun/2023:23:12:55 +0200] "GET /php/users.php HTTP/1.1" 200 2386 swapmarket.fr "https://swapmarket.fr/chat.php?user_id=1345618028" "Mozilla/5.0 (Windows NT 10.0; Win64; x64) AppleWebKit/537.36 (KHTML, like Gecko) Chrome/112.0.0.0 Safari/537.36 OPR/98.0.0.0" "-"
2a01:cb04:1000:: - - [03/Jun/2023:23:12:55 +0200] "POST /php/get-chat.php HTTP/1.1" 200 95 swapmarket.fr "https://swapmarket.fr/chat.php?user_id=1345618028" "Mozilla/5.0 (Windows NT 10.0; Win64; x64) AppleWebKit/537.36 (KHTML, like Gecko) Chrome/112.0.0.0 Safari/537.36 OPR/98.0.0.0" "-"
2a04:cec0:1100:: - - [03/Jun/2023:23:12:55 +0200] "POST /php/get-chat.php HTTP/1.1" 200 95 swapmarket.fr "https://swapmarket.fr/chat.php?user_id=1345618028" "Mozilla/5.0 (Linux; Android 10; K) AppleWebKit/537.36 (KHTML, like Gecko) Chrome/113.0.0.0 Mobile Safari/537.36" "-"
2a04:cec0:1100:: - - [03/Jun/2023:23:12:55 +0200] "GET /php/users.php HTTP/1.1" 200 2401 swapmarket.fr "https://swapmarket.fr/chat.php?user_id=1345618028" "Mozilla/5.0 (Linux; Android 10; K) AppleWebKit/537.36 (KHTML, like Gecko) Chrome/113.0.0.0 Mobile Safari/537.36" "-"
46.193.5.0 - - [03/Jun/2023:23:12:55 +0200] "POST /php/get-chat.php HTTP/1.1" 200 95 www.swapmarket.fr "https://www.swapmarket.fr/chat.php?user_id=881293111" "Mozilla/5.0 (Windows NT 10.0; Win64; x64) AppleWebKit/537.36 (KHTML, like Gecko) Chrome/114.0.0.0 Safari/537.36" "-"
46.193.5.0 - - [03/Jun/2023:23:12:55 +0200] "GET /php/users.php HTTP/1.1" 200 2373 www.swapmarket.fr "https://www.swapmarket.fr/chat.php?user_id=881293111" "Mozilla/5.0 (Windows NT 10.0; Win64; x64) AppleWebKit/537.36 (KHTML, like Gecko) Chrome/114.0.0.0 Safari/537.36" "-"
2a01:cb04:1000:: - - [03/Jun/2023:23:12:55 +0200] "POST /php/get-chat.php HTTP/1.1" 200 95 swapmarket.fr "https://swapmarket.fr/chat.php?user_id=1345618028" "Mozilla/5.0 (Windows NT 10.0; Win64; x64) AppleWebKit/537.36 (KHTML, like Gecko) Chrome/112.0.0.0 Safari/537.36 OPR/98.0.0.0" "-"
2a01:cb04:1000:: - - [03/Jun/2023:23:12:55 +0200] "GET /php/users.php HTTP/1.1" 200 2386 swapmarket.fr "https://swapmarket.fr/chat.php?user_id=1345618028" "Mozilla/5.0 (Windows NT 10.0; Win64; x64) AppleWebKit/537.36 (KHTML, like Gecko) Chrome/112.0.0.0 Safari/537.36 OPR/98.0.0.0" "-"
2a04:cec0:1100:: - - [03/Jun/2023:23:12:56 +0200] "GET /chat.php?user_id=456453966 HTTP/1.1" 200 5965 swapmarket.fr "https://swapmarket.fr/chat.php?user_id=1345618028" "Mozilla/5.0 (Linux; Android 10; K) AppleWebKit/537.36 (KHTML, like Gecko) Chrome/113.0.0.0 Mobile Safari/537.36" "-"
2a04:cec0:1100:: - - [03/Jun/2023:23:12:56 +0200] "GET /favicon.ico HTTP/1.1" 500 645 swapmarket.fr "https://swapmarket.fr/chat.php?user_id=456453966" "Mozilla/5.0 (Linux; Android 10; K) AppleWebKit/537.36 (KHTML, like Gecko) Chrome/113.0.0.0 Mobile Safari/537.36" "-"
46.193.5.0 - - [03/Jun/2023:23:12:56 +0200] "GET /php/users.php HTTP/1.1" 200 2373 www.swapmarket.fr "https://www.swapmarket.fr/chat.php?user_id=881293111" "Mozilla/5.0 (Windows NT 10.0; Win64; x64) AppleWebKit/537.36 (KHTML, like Gecko) Chrome/114.0.0.0 Safari/537.36" "-"
46.193.5.0 - - [03/Jun/2023:23:12:56 +0200] "POST /php/get-chat.php HTTP/1.1" 200 95 www.swapmarket.fr "https://www.swapmarket.fr/chat.php?user_id=881293111" "Mozilla/5.0 (Windows NT 10.0; Win64; x64) AppleWebKit/537.36 (KHTML, like Gecko) Chrome/114.0.0.0 Safari/537.36" "-"
2a01:cb04:1000:: - - [03/Jun/2023:23:12:56 +0200] "POST /php/get-chat.php HTTP/1.1" 200 95 swapmarket.fr "https://swapmarket.fr/chat.php?user_id=1345618028" "Mozilla/5.0 (Windows NT 10.0; Win64; x64) AppleWebKit/537.36 (KHTML, like Gecko) Chrome/112.0.0.0 Safari/537.36 OPR/98.0.0.0" "-"
2a01:cb04:1000:: - - [03/Jun/2023:23:12:56 +0200] "GET /php/users.php HTTP/1.1" 200 2386 swapmarket.fr "https://swapmarket.fr/chat.php?user_id=1345618028" "Mozilla/5.0 (Windows NT 10.0; Win64; x64) AppleWebKit/537.36 (KHTML, like Gecko) Chrome/112.0.0.0 Safari/537.36 OPR/98.0.0.0" "-"
46.193.5.0 - - [03/Jun/2023:23:12:56 +0200] "POST /php/insert-chat.php HTTP/1.1" 200 45 www.swapmarket.fr "https://www.swapmarket.fr/chat.php?user_id=881293111" "Mozilla/5.0 (Windows NT 10.0; Win64; x64) AppleWebKit/537.36 (KHTML, like Gecko) Chrome/114.0.0.0 Safari/537.36" "-"
2a04:cec0:1100:: - - [03/Jun/2023:23:12:56 +0200] "GET /php/users.php HTTP/1.1" 200 2412 swapmarket.fr "https://swapmarket.fr/chat.php?user_id=456453966" "Mozilla/5.0 (Linux; Android 10; K) AppleWebKit/537.36 (KHTML, like Gecko) Chrome/113.0.0.0 Mobile Safari/537.36" "-"
2a04:cec0:1100:: - - [03/Jun/2023:23:12:56 +0200] "POST /php/get-chat.php HTTP/1.1" 200 95 swapmarket.fr "https://swapmarket.fr/chat.php?user_id=456453966" "Mozilla/5.0 (Linux; Android 10; K) AppleWebKit/537.36 (KHTML, like Gecko) Chrome/113.0.0.0 Mobile Safari/537.36" "-"
2a04:cec0:1100:: - - [03/Jun/2023:23:12:56 +0200] "GET /php/images/profile_picture/1685826751Snapchat-1441458292.jpg HTTP/1.1" 304 - swapmarket.fr "https://swapmarket.fr/chat.php?user_id=456453966" "Mozilla/5.0 (Linux; Android 10; K) AppleWebKit/537.36 (KHTML, like Gecko) Chrome/113.0.0.0 Mobile Safari/537.36" "-"
46.193.5.0 - - [03/Jun/2023:23:12:56 +0200] "GET /php/users.php HTTP/1.1" 200 2389 www.swapmarket.fr "https://www.swapmarket.fr/chat.php?user_id=881293111" "Mozilla/5.0 (Windows NT 10.0; Win64; x64) AppleWebKit/537.36 (KHTML, like Gecko) Chrome/114.0.0.0 Safari/537.36" "-"
46.193.5.0 - - [03/Jun/2023:23:12:56 +0200] "POST /php/get-chat.php HTTP/1.1" 200 241 www.swapmarket.fr "https://www.swapmarket.fr/chat.php?user_id=881293111" "Mozilla/5.0 (Windows NT 10.0; Win64; x64) AppleWebKit/537.36 (KHTML, like Gecko) Chrome/114.0.0.0 Safari/537.36" "-"
2a01:cb04:1000:: - - [03/Jun/2023:23:12:56 +0200] "GET /php/users.php HTTP/1.1" 200 2386 swapmarket.fr "https://swapmarket.fr/chat.php?user_id=1345618028" "Mozilla/5.0 (Windows NT 10.0; Win64; x64) AppleWebKit/537.36 (KHTML, like Gecko) Chrome/112.0.0.0 Safari/537.36 OPR/98.0.0.0" "-"
2a01:cb04:1000:: - - [03/Jun/2023:23:12:56 +0200] "POST /php/get-chat.php HTTP/1.1" 200 95 swapmarket.fr "https://swapmarket.fr/chat.php?user_id=1345618028" "Mozilla/5.0 (Windows NT 10.0; Win64; x64) AppleWebKit/537.36 (KHTML, like Gecko) Chrome/112.0.0.0 Safari/537.36 OPR/98.0.0.0" "-"
2a04:cec0:1100:: - - [03/Jun/2023:23:12:57 +0200] "POST /php/get-chat.php HTTP/1.1" 200 95 swapmarket.fr "https://swapmarket.fr/chat.php?user_id=456453966" "Mozilla/5.0 (Linux; Android 10; K) AppleWebKit/537.36 (KHTML, like Gecko) Chrome/113.0.0.0 Mobile Safari/537.36" "-"
2a04:cec0:1100:: - - [03/Jun/2023:23:12:57 +0200] "GET /php/users.php HTTP/1.1" 200 2412 swapmarket.fr "https://swapmarket.fr/chat.php?user_id=456453966" "Mozilla/5.0 (Linux; Android 10; K) AppleWebKit/537.36 (KHTML, like Gecko) Chrome/113.0.0.0 Mobile Safari/537.36" "-"
46.193.5.0 - - [03/Jun/2023:23:12:57 +0200] "GET /php/users.php HTTP/1.1" 200 2389 www.swapmarket.fr "https://www.swapmarket.fr/chat.php?user_id=881293111" "Mozilla/5.0 (Windows NT 10.0; Win64; x64) AppleWebKit/537.36 (KHTML, like Gecko) Chrome/114.0.0.0 Safari/537.36" "-"
46.193.5.0 - - [03/Jun/2023:23:12:57 +0200] "POST /php/get-chat.php HTTP/1.1" 200 241 www.swapmarket.fr "https://www.swapmarket.fr/chat.php?user_id=881293111" "Mozilla/5.0 (Windows NT 10.0; Win64; x64) AppleWebKit/537.36 (KHTML, like Gecko) Chrome/114.0.0.0 Safari/537.36" "-"
2a01:cb04:1000:: - - [03/Jun/2023:23:12:57 +0200] "POST /php/get-chat.php HTTP/1.1" 200 95 swapmarket.fr "https://swapmarket.fr/chat.php?user_id=1345618028" "Mozilla/5.0 (Windows NT 10.0; Win64; x64) AppleWebKit/537.36 (KHTML, like Gecko) Chrome/112.0.0.0 Safari/537.36 OPR/98.0.0.0" "-"
2a01:cb04:1000:: - - [03/Jun/2023:23:12:57 +0200] "GET /php/users.php HTTP/1.1" 200 2386 swapmarket.fr "https://swapmarket.fr/chat.php?user_id=1345618028" "Mozilla/5.0 (Windows NT 10.0; Win64; x64) AppleWebKit/537.36 (KHTML, like Gecko) Chrome/112.0.0.0 Safari/537.36 OPR/98.0.0.0" "-"
2a04:cec0:1100:: - - [03/Jun/2023:23:12:57 +0200] "POST /php/get-chat.php HTTP/1.1" 200 95 swapmarket.fr "https://swapmarket.fr/chat.php?user_id=456453966" "Mozilla/5.0 (Linux; Android 10; K) AppleWebKit/537.36 (KHTML, like Gecko) Chrome/113.0.0.0 Mobile Safari/537.36" "-"
2a04:cec0:1100:: - - [03/Jun/2023:23:12:57 +0200] "GET /php/users.php HTTP/1.1" 200 2412 swapmarket.fr "https://swapmarket.fr/chat.php?user_id=456453966" "Mozilla/5.0 (Linux; Android 10; K) AppleWebKit/537.36 (KHTML, like Gecko) Chrome/113.0.0.0 Mobile Safari/537.36" "-"
46.193.5.0 - - [03/Jun/2023:23:12:57 +0200] "GET /php/users.php HTTP/1.1" 200 2389 www.swapmarket.fr "https://www.swapmarket.fr/chat.php?user_id=881293111" "Mozilla/5.0 (Windows NT 10.0; Win64; x64) AppleWebKit/537.36 (KHTML, like Gecko) Chrome/114.0.0.0 Safari/537.36" "-"
46.193.5.0 - - [03/Jun/2023:23:12:57 +0200] "POST /php/get-chat.php HTTP/1.1" 200 241 www.swapmarket.fr "https://www.swapmarket.fr/chat.php?user_id=881293111" "Mozilla/5.0 (Windows NT 10.0; Win64; x64) AppleWebKit/537.36 (KHTML, like Gecko) Chrome/114.0.0.0 Safari/537.36" "-"
2a01:cb04:1000:: - - [03/Jun/2023:23:12:57 +0200] "GET /php/users.php HTTP/1.1" 200 2386 swapmarket.fr "https://swapmarket.fr/chat.php?user_id=1345618028" "Mozilla/5.0 (Windows NT 10.0; Win64; x64) AppleWebKit/537.36 (KHTML, like Gecko) Chrome/112.0.0.0 Safari/537.36 OPR/98.0.0.0" "-"
2a01:cb04:1000:: - - [03/Jun/2023:23:12:57 +0200] "POST /php/get-chat.php HTTP/1.1" 200 95 swapmarket.fr "https://swapmarket.fr/chat.php?user_id=1345618028" "Mozilla/5.0 (Windows NT 10.0; Win64; x64) AppleWebKit/537.36 (KHTML, like Gecko) Chrome/112.0.0.0 Safari/537.36 OPR/98.0.0.0" "-"
2a04:cec0:1100:: - - [03/Jun/2023:23:12:58 +0200] "POST /php/get-chat.php HTTP/1.1" 200 95 swapmarket.fr "https://swapmarket.fr/chat.php?user_id=456453966" "Mozilla/5.0 (Linux; Android 10; K) AppleWebKit/537.36 (KHTML, like Gecko) Chrome/113.0.0.0 Mobile Safari/537.36" "-"
2a04:cec0:1100:: - - [03/Jun/2023:23:12:58 +0200] "GET /php/users.php HTTP/1.1" 200 2412 swapmarket.fr "https://swapmarket.fr/chat.php?user_id=456453966" "Mozilla/5.0 (Linux; Android 10; K) AppleWebKit/537.36 (KHTML, like Gecko) Chrome/113.0.0.0 Mobile Safari/537.36" "-"
46.193.5.0 - - [03/Jun/2023:23:12:58 +0200] "POST /php/get-chat.php HTTP/1.1" 200 241 www.swapmarket.fr "https://www.swapmarket.fr/chat.php?user_id=881293111" "Mozilla/5.0 (Windows NT 10.0; Win64; x64) AppleWebKit/537.36 (KHTML, like Gecko) Chrome/114.0.0.0 Safari/537.36" "-"
46.193.5.0 - - [03/Jun/2023:23:12:58 +0200] "GET /php/users.php HTTP/1.1" 200 2389 www.swapmarket.fr "https://www.swapmarket.fr/chat.php?user_id=881293111" "Mozilla/5.0 (Windows NT 10.0; Win64; x64) AppleWebKit/537.36 (KHTML, like Gecko) Chrome/114.0.0.0 Safari/537.36" "-"
2a01:cb04:1000:: - - [03/Jun/2023:23:12:58 +0200] "POST /php/get-chat.php HTTP/1.1" 200 95 swapmarket.fr "https://swapmarket.fr/chat.php?user_id=1345618028" "Mozilla/5.0 (Windows NT 10.0; Win64; x64) AppleWebKit/537.36 (KHTML, like Gecko) Chrome/112.0.0.0 Safari/537.36 OPR/98.0.0.0" "-"
2a01:cb04:1000:: - - [03/Jun/2023:23:12:58 +0200] "GET /php/users.php HTTP/1.1" 200 2386 swapmarket.fr "https://swapmarket.fr/chat.php?user_id=1345618028" "Mozilla/5.0 (Windows NT 10.0; Win64; x64) AppleWebKit/537.36 (KHTML, like Gecko) Chrome/112.0.0.0 Safari/537.36 OPR/98.0.0.0" "-"
2a04:cec0:1100:: - - [03/Jun/2023:23:12:58 +0200] "POST /php/get-chat.php HTTP/1.1" 200 95 swapmarket.fr "https://swapmarket.fr/chat.php?user_id=456453966" "Mozilla/5.0 (Linux; Android 10; K) AppleWebKit/537.36 (KHTML, like Gecko) Chrome/113.0.0.0 Mobile Safari/537.36" "-"
2a04:cec0:1100:: - - [03/Jun/2023:23:12:58 +0200] "GET /php/users.php HTTP/1.1" 200 2412 swapmarket.fr "https://swapmarket.fr/chat.php?user_id=456453966" "Mozilla/5.0 (Linux; Android 10; K) AppleWebKit/537.36 (KHTML, like Gecko) Chrome/113.0.0.0 Mobile Safari/537.36" "-"
46.193.5.0 - - [03/Jun/2023:23:12:58 +0200] "POST /php/get-chat.php HTTP/1.1" 200 241 www.swapmarket.fr "https://www.swapmarket.fr/chat.php?user_id=881293111" "Mozilla/5.0 (Windows NT 10.0; Win64; x64) AppleWebKit/537.36 (KHTML, like Gecko) Chrome/114.0.0.0 Safari/537.36" "-"
46.193.5.0 - - [03/Jun/2023:23:12:58 +0200] "GET /php/users.php HTTP/1.1" 200 2389 www.swapmarket.fr "https://www.swapmarket.fr/chat.php?user_id=881293111" "Mozilla/5.0 (Windows NT 10.0; Win64; x64) AppleWebKit/537.36 (KHTML, like Gecko) Chrome/114.0.0.0 Safari/537.36" "-"
2a01:cb04:1000:: - - [03/Jun/2023:23:12:58 +0200] "POST /php/insert-chat.php HTTP/1.1" 200 45 swapmarket.fr "https://swapmarket.fr/chat.php?user_id=1345618028" "Mozilla/5.0 (Windows NT 10.0; Win64; x64) AppleWebKit/537.36 (KHTML, like Gecko) Chrome/112.0.0.0 Safari/537.36 OPR/98.0.0.0" "-"
2a01:cb04:1000:: - - [03/Jun/2023:23:12:58 +0200] "GET /php/users.php HTTP/1.1" 200 2391 swapmarket.fr "https://swapmarket.fr/chat.php?user_id=1345618028" "Mozilla/5.0 (Windows NT 10.0; Win64; x64) AppleWebKit/537.36 (KHTML, like Gecko) Chrome/112.0.0.0 Safari/537.36 OPR/98.0.0.0" "-"
2a01:cb04:1000:: - - [03/Jun/2023:23:12:58 +0200] "POST /php/get-chat.php HTTP/1.1" 200 227 swapmarket.fr "https://swapmarket.fr/chat.php?user_id=1345618028" "Mozilla/5.0 (Windows NT 10.0; Win64; x64) AppleWebKit/537.36 (KHTML, like Gecko) Chrome/112.0.0.0 Safari/537.36 OPR/98.0.0.0" "-"
2a04:cec0:1100:: - - [03/Jun/2023:23:12:59 +0200] "POST /php/get-chat.php HTTP/1.1" 200 95 swapmarket.fr "https://swapmarket.fr/chat.php?user_id=456453966" "Mozilla/5.0 (Linux; Android 10; K) AppleWebKit/537.36 (KHTML, like Gecko) Chrome/113.0.0.0 Mobile Safari/537.36" "-"
2a04:cec0:1100:: - - [03/Jun/2023:23:12:59 +0200] "GET /php/users.php HTTP/1.1" 200 2412 swapmarket.fr "https://swapmarket.fr/chat.php?user_id=456453966" "Mozilla/5.0 (Linux; Android 10; K) AppleWebKit/537.36 (KHTML, like Gecko) Chrome/113.0.0.0 Mobile Safari/537.36" "-"
2a04:cec0:1100:: - - [03/Jun/2023:23:12:59 +0200] "POST /php/insert-chat.php HTTP/1.1" 200 45 swapmarket.fr "https://swapmarket.fr/chat.php?user_id=456453966" "Mozilla/5.0 (Linux; Android 10; K) AppleWebKit/537.36 (KHTML, like Gecko) Chrome/113.0.0.0 Mobile Safari/537.36" "-"
46.193.5.0 - - [03/Jun/2023:23:12:59 +0200] "POST /php/get-chat.php HTTP/1.1" 200 241 www.swapmarket.fr "https://www.swapmarket.fr/chat.php?user_id=881293111" "Mozilla/5.0 (Windows NT 10.0; Win64; x64) AppleWebKit/537.36 (KHTML, like Gecko) Chrome/114.0.0.0 Safari/537.36" "-"
46.193.5.0 - - [03/Jun/2023:23:12:59 +0200] "GET /php/users.php HTTP/1.1" 200 2389 www.swapmarket.fr "https://www.swapmarket.fr/chat.php?user_id=881293111" "Mozilla/5.0 (Windows NT 10.0; Win64; x64) AppleWebKit/537.36 (KHTML, like Gecko) Chrome/114.0.0.0 Safari/537.36" "-"
2a01:cb04:1000:: - - [03/Jun/2023:23:12:59 +0200] "POST /php/get-chat.php HTTP/1.1" 200 227 swapmarket.fr "https://swapmarket.fr/chat.php?user_id=1345618028" "Mozilla/5.0 (Windows NT 10.0; Win64; x64) AppleWebKit/537.36 (KHTML, like Gecko) Chrome/112.0.0.0 Safari/537.36 OPR/98.0.0.0" "-"
2a01:cb04:1000:: - - [03/Jun/2023:23:12:59 +0200] "GET /php/users.php HTTP/1.1" 200 2375 swapmarket.fr "https://swapmarket.fr/chat.php?user_id=1345618028" "Mozilla/5.0 (Windows NT 10.0; Win64; x64) AppleWebKit/537.36 (KHTML, like Gecko) Chrome/112.0.0.0 Safari/537.36 OPR/98.0.0.0" "-"
2a04:cec0:1100:: - - [03/Jun/2023:23:12:59 +0200] "POST /php/get-chat.php HTTP/1.1" 200 211 swapmarket.fr "https://swapmarket.fr/chat.php?user_id=456453966" "Mozilla/5.0 (Linux; Android 10; K) AppleWebKit/537.36 (KHTML, like Gecko) Chrome/113.0.0.0 Mobile Safari/537.36" "-"
2a04:cec0:1100:: - - [03/Jun/2023:23:12:59 +0200] "GET /php/users.php HTTP/1.1" 200 2401 swapmarket.fr "https://swapmarket.fr/chat.php?user_id=456453966" "Mozilla/5.0 (Linux; Android 10; K) AppleWebKit/537.36 (KHTML, like Gecko) Chrome/113.0.0.0 Mobile Safari/537.36" "-"
46.193.5.0 - - [03/Jun/2023:23:12:59 +0200] "POST /php/get-chat.php HTTP/1.1" 200 241 www.swapmarket.fr "https://www.swapmarket.fr/chat.php?user_id=881293111" "Mozilla/5.0 (Windows NT 10.0; Win64; x64) AppleWebKit/537.36 (KHTML, like Gecko) Chrome/114.0.0.0 Safari/537.36" "-"
46.193.5.0 - - [03/Jun/2023:23:12:59 +0200] "GET /php/users.php HTTP/1.1" 200 2389 www.swapmarket.fr "https://www.swapmarket.fr/chat.php?user_id=881293111" "Mozilla/5.0 (Windows NT 10.0; Win64; x64) AppleWebKit/537.36 (KHTML, like Gecko) Chrome/114.0.0.0 Safari/537.36" "-"
2a01:cb04:1000:: - - [03/Jun/2023:23:12:59 +0200] "GET /php/users.php HTTP/1.1" 200 2375 swapmarket.fr "https://swapmarket.fr/chat.php?user_id=1345618028" "Mozilla/5.0 (Windows NT 10.0; Win64; x64) AppleWebKit/537.36 (KHTML, like Gecko) Chrome/112.0.0.0 Safari/537.36 OPR/98.0.0.0" "-"
2a01:cb04:1000:: - - [03/Jun/2023:23:12:59 +0200] "POST /php/get-chat.php HTTP/1.1" 200 227 swapmarket.fr "https://swapmarket.fr/chat.php?user_id=1345618028" "Mozilla/5.0 (Windows NT 10.0; Win64; x64) AppleWebKit/537.36 (KHTML, like Gecko) Chrome/112.0.0.0 Safari/537.36 OPR/98.0.0.0" "-"
46.193.5.0 - - [03/Jun/2023:23:13:00 +0200] "GET /index.php HTTP/1.1" 200 6829 www.swapmarket.fr "https://www.swapmarket.fr/chat.php?user_id=881293111" "Mozilla/5.0 (Windows NT 10.0; Win64; x64) AppleWebKit/537.36 (KHTML, like Gecko) Chrome/114.0.0.0 Safari/537.36" "-"
2a04:cec0:1100:: - - [03/Jun/2023:23:13:00 +0200] "POST /php/get-chat.php HTTP/1.1" 200 211 swapmarket.fr "https://swapmarket.fr/chat.php?user_id=456453966" "Mozilla/5.0 (Linux; Android 10; K) AppleWebKit/537.36 (KHTML, like Gecko) Chrome/113.0.0.0 Mobile Safari/537.36" "-"
2a04:cec0:1100:: - - [03/Jun/2023:23:13:00 +0200] "GET /php/users.php HTTP/1.1" 200 2401 swapmarket.fr "https://swapmarket.fr/chat.php?user_id=456453966" "Mozilla/5.0 (Linux; Android 10; K) AppleWebKit/537.36 (KHTML, like Gecko) Chrome/113.0.0.0 Mobile Safari/537.36" "-"
2a01:cb04:1000:: - - [03/Jun/2023:23:13:00 +0200] "GET /users.php HTTP/1.1" 200 3089 swapmarket.fr "https://swapmarket.fr/chat.php?user_id=1345618028" "Mozilla/5.0 (Windows NT 10.0; Win64; x64) AppleWebKit/537.36 (KHTML, like Gecko) Chrome/112.0.0.0 Safari/537.36 OPR/98.0.0.0" "-"
2a01:cb04:1000:: - - [03/Jun/2023:23:13:00 +0200] "POST /php/get-chat.php HTTP/1.1" 200 227 swapmarket.fr "https://swapmarket.fr/chat.php?user_id=1345618028" "Mozilla/5.0 (Windows NT 10.0; Win64; x64) AppleWebKit/537.36 (KHTML, like Gecko) Chrome/112.0.0.0 Safari/537.36 OPR/98.0.0.0" "-"
2a01:cb04:1000:: - - [03/Jun/2023:23:13:00 +0200] "GET /php/users.php HTTP/1.1" 200 2375 swapmarket.fr "https://swapmarket.fr/chat.php?user_id=1345618028" "Mozilla/5.0 (Windows NT 10.0; Win64; x64) AppleWebKit/537.36 (KHTML, like Gecko) Chrome/112.0.0.0 Safari/537.36 OPR/98.0.0.0" "-"
2a01:cb04:1000:: - - [03/Jun/2023:23:13:00 +0200] "GET /favicon.ico HTTP/1.1" 500 645 swapmarket.fr "https://swapmarket.fr/users.php" "Mozilla/5.0 (Windows NT 10.0; Win64; x64) AppleWebKit/537.36 (KHTML, like Gecko) Chrome/112.0.0.0 Safari/537.36 OPR/98.0.0.0" "-"
2a04:cec0:1100:: - - [03/Jun/2023:23:13:00 +0200] "GET /chat.php?user_id=1345618028 HTTP/1.1" 200 5989 swapmarket.fr "https://swapmarket.fr/chat.php?user_id=456453966" "Mozilla/5.0 (Linux; Android 10; K) AppleWebKit/537.36 (KHTML, like Gecko) Chrome/113.0.0.0 Mobile Safari/537.36" "-"
46.193.5.0 - - [03/Jun/2023:23:13:00 +0200] "GET /favicon.ico HTTP/1.1" 500 645 www.swapmarket.fr "https://www.swapmarket.fr/index.php" "Mozilla/5.0 (Windows NT 10.0; Win64; x64) AppleWebKit/537.36 (KHTML, like Gecko) Chrome/114.0.0.0 Safari/537.36" "-"
2a04:cec0:1100:: - - [03/Jun/2023:23:13:00 +0200] "GET /php/images/profile_picture/1685826751Snapchat-1441458292.jpg HTTP/1.1" 304 - swapmarket.fr "https://swapmarket.fr/chat.php?user_id=1345618028" "Mozilla/5.0 (Linux; Android 10; K) AppleWebKit/537.36 (KHTML, like Gecko) Chrome/113.0.0.0 Mobile Safari/537.36" "-"
2a04:cec0:1100:: - - [03/Jun/2023:23:13:00 +0200] "POST /php/get-chat.php HTTP/1.1" 200 211 swapmarket.fr "https://swapmarket.fr/chat.php?user_id=456453966" "Mozilla/5.0 (Linux; Android 10; K) AppleWebKit/537.36 (KHTML, like Gecko) Chrome/113.0.0.0 Mobile Safari/537.36" "-"
2a04:cec0:1100:: - - [03/Jun/2023:23:13:00 +0200] "GET /php/users.php HTTP/1.1" 200 2401 swapmarket.fr "https://swapmarket.fr/chat.php?user_id=456453966" "Mozilla/5.0 (Linux; Android 10; K) AppleWebKit/537.36 (KHTML, like Gecko) Chrome/113.0.0.0 Mobile Safari/537.36" "-"
2a04:cec0:1100:: - - [03/Jun/2023:23:13:00 +0200] "GET /favicon.ico HTTP/1.1" 500 645 swapmarket.fr "https://swapmarket.fr/chat.php?user_id=1345618028" "Mozilla/5.0 (Linux; Android 10; K) AppleWebKit/537.36 (KHTML, like Gecko) Chrome/113.0.0.0 Mobile Safari/537.36" "-"
2a01:cb04:1000:: - - [03/Jun/2023:23:13:00 +0200] "GET /php/users.php HTTP/1.1" 200 2375 swapmarket.fr "https://swapmarket.fr/users.php" "Mozilla/5.0 (Windows NT 10.0; Win64; x64) AppleWebKit/537.36 (KHTML, like Gecko) Chrome/112.0.0.0 Safari/537.36 OPR/98.0.0.0" "-"
2a01:cb04:1000:: - - [03/Jun/2023:23:13:01 +0200] "GET /php/images/profile_picture/1685826751Snapchat-1441458292.jpg HTTP/1.1" 304 - swapmarket.fr "https://swapmarket.fr/users.php" "Mozilla/5.0 (Windows NT 10.0; Win64; x64) AppleWebKit/537.36 (KHTML, like Gecko) Chrome/112.0.0.0 Safari/537.36 OPR/98.0.0.0" "-"
2a04:cec0:1100:: - - [03/Jun/2023:23:13:01 +0200] "POST /php/get-chat.php HTTP/1.1" 200 354 swapmarket.fr "https://swapmarket.fr/chat.php?user_id=1345618028" "Mozilla/5.0 (Linux; Android 10; K) AppleWebKit/537.36 (KHTML, like Gecko) Chrome/113.0.0.0 Mobile Safari/537.36" "-"
2a04:cec0:1100:: - - [03/Jun/2023:23:13:01 +0200] "GET /php/users.php HTTP/1.1" 200 2401 swapmarket.fr "https://swapmarket.fr/chat.php?user_id=1345618028" "Mozilla/5.0 (Linux; Android 10; K) AppleWebKit/537.36 (KHTML, like Gecko) Chrome/113.0.0.0 Mobile Safari/537.36" "-"
2a01:cb04:1000:: - - [03/Jun/2023:23:13:01 +0200] "GET /php/users.php HTTP/1.1" 200 2375 swapmarket.fr "https://swapmarket.fr/users.php" "Mozilla/5.0 (Windows NT 10.0; Win64; x64) AppleWebKit/537.36 (KHTML, like Gecko) Chrome/112.0.0.0 Safari/537.36 OPR/98.0.0.0" "-"
2a01:cb04:1000:: - - [03/Jun/2023:23:13:01 +0200] "GET /chat.php?user_id=881293111 HTTP/1.1" 200 5971 swapmarket.fr "https://swapmarket.fr/users.php" "Mozilla/5.0 (Windows NT 10.0; Win64; x64) AppleWebKit/537.36 (KHTML, like Gecko) Chrome/112.0.0.0 Safari/537.36 OPR/98.0.0.0" "-"
2a04:cec0:1100:: - - [03/Jun/2023:23:13:01 +0200] "POST /php/get-chat.php HTTP/1.1" 200 354 swapmarket.fr "https://swapmarket.fr/chat.php?user_id=1345618028" "Mozilla/5.0 (Linux; Android 10; K) AppleWebKit/537.36 (KHTML, like Gecko) Chrome/113.0.0.0 Mobile Safari/537.36" "-"
2a04:cec0:1100:: - - [03/Jun/2023:23:13:01 +0200] "GET /php/users.php HTTP/1.1" 200 2401 swapmarket.fr "https://swapmarket.fr/chat.php?user_id=1345618028" "Mozilla/5.0 (Linux; Android 10; K) AppleWebKit/537.36 (KHTML, like Gecko) Chrome/113.0.0.0 Mobile Safari/537.36" "-"
2a01:cb04:1000:: - - [03/Jun/2023:23:13:01 +0200] "GET /favicon.ico HTTP/1.1" 500 645 swapmarket.fr "https://swapmarket.fr/chat.php?user_id=881293111" "Mozilla/5.0 (Windows NT 10.0; Win64; x64) AppleWebKit/537.36 (KHTML, like Gecko) Chrome/112.0.0.0 Safari/537.36 OPR/98.0.0.0" "-"
2a04:cec0:1100:: - - [03/Jun/2023:23:13:02 +0200] "POST /php/get-chat.php HTTP/1.1" 200 354 swapmarket.fr "https://swapmarket.fr/chat.php?user_id=1345618028" "Mozilla/5.0 (Linux; Android 10; K) AppleWebKit/537.36 (KHTML, like Gecko) Chrome/113.0.0.0 Mobile Safari/537.36" "-"
2a04:cec0:1100:: - - [03/Jun/2023:23:13:02 +0200] "GET /php/users.php HTTP/1.1" 200 2401 swapmarket.fr "https://swapmarket.fr/chat.php?user_id=1345618028" "Mozilla/5.0 (Linux; Android 10; K) AppleWebKit/537.36 (KHTML, like Gecko) Chrome/113.0.0.0 Mobile Safari/537.36" "-"
2a01:cb04:1000:: - - [03/Jun/2023:23:13:02 +0200] "POST /php/get-chat.php HTTP/1.1" 200 302 swapmarket.fr "https://swapmarket.fr/chat.php?user_id=881293111" "Mozilla/5.0 (Windows NT 10.0; Win64; x64) AppleWebKit/537.36 (KHTML, like Gecko) Chrome/112.0.0.0 Safari/537.36 OPR/98.0.0.0" "-"
2a01:cb04:1000:: - - [03/Jun/2023:23:13:02 +0200] "GET /php/users.php HTTP/1.1" 200 2375 swapmarket.fr "https://swapmarket.fr/chat.php?user_id=881293111" "Mozilla/5.0 (Windows NT 10.0; Win64; x64) AppleWebKit/537.36 (KHTML, like Gecko) Chrome/112.0.0.0 Safari/537.36 OPR/98.0.0.0" "-"
46.193.5.0 - - [03/Jun/2023:23:13:02 +0200] "GET /users.php HTTP/1.1" 200 3113 www.swapmarket.fr "https://www.swapmarket.fr/index.php" "Mozilla/5.0 (Windows NT 10.0; Win64; x64) AppleWebKit/537.36 (KHTML, like Gecko) Chrome/114.0.0.0 Safari/537.36" "-"
46.193.5.0 - - [03/Jun/2023:23:13:02 +0200] "GET /php/images/profile_picture/1685826751Snapchat-1441458292.jpg HTTP/1.1" 304 - www.swapmarket.fr "https://www.swapmarket.fr/users.php" "Mozilla/5.0 (Windows NT 10.0; Win64; x64) AppleWebKit/537.36 (KHTML, like Gecko) Chrome/114.0.0.0 Safari/537.36" "-"
2a04:cec0:1100:: - - [03/Jun/2023:23:13:02 +0200] "POST /php/get-chat.php HTTP/1.1" 200 354 swapmarket.fr "https://swapmarket.fr/chat.php?user_id=1345618028" "Mozilla/5.0 (Linux; Android 10; K) AppleWebKit/537.36 (KHTML, like Gecko) Chrome/113.0.0.0 Mobile Safari/537.36" "-"
2a04:cec0:1100:: - - [03/Jun/2023:23:13:02 +0200] "GET /php/users.php HTTP/1.1" 200 2401 swapmarket.fr "https://swapmarket.fr/chat.php?user_id=1345618028" "Mozilla/5.0 (Linux; Android 10; K) AppleWebKit/537.36 (KHTML, like Gecko) Chrome/113.0.0.0 Mobile Safari/537.36" "-"
2a01:cb04:1000:: - - [03/Jun/2023:23:13:02 +0200] "POST /php/get-chat.php HTTP/1.1" 200 302 swapmarket.fr "https://swapmarket.fr/chat.php?user_id=881293111" "Mozilla/5.0 (Windows NT 10.0; Win64; x64) AppleWebKit/537.36 (KHTML, like Gecko) Chrome/112.0.0.0 Safari/537.36 OPR/98.0.0.0" "-"
2a01:cb04:1000:: - - [03/Jun/2023:23:13:02 +0200] "GET /php/users.php HTTP/1.1" 200 2375 swapmarket.fr "https://swapmarket.fr/chat.php?user_id=881293111" "Mozilla/5.0 (Windows NT 10.0; Win64; x64) AppleWebKit/537.36 (KHTML, like Gecko) Chrome/112.0.0.0 Safari/537.36 OPR/98.0.0.0" "-"
46.193.5.0 - - [03/Jun/2023:23:13:02 +0200] "GET /favicon.ico HTTP/1.1" 500 645 www.swapmarket.fr "https://www.swapmarket.fr/users.php" "Mozilla/5.0 (Windows NT 10.0; Win64; x64) AppleWebKit/537.36 (KHTML, like Gecko) Chrome/114.0.0.0 Safari/537.36" "-"
2a04:cec0:1100:: - - [03/Jun/2023:23:13:03 +0200] "POST /php/get-chat.php HTTP/1.1" 200 354 swapmarket.fr "https://swapmarket.fr/chat.php?user_id=1345618028" "Mozilla/5.0 (Linux; Android 10; K) AppleWebKit/537.36 (KHTML, like Gecko) Chrome/113.0.0.0 Mobile Safari/537.36" "-"
46.193.5.0 - - [03/Jun/2023:23:13:03 +0200] "GET /php/users.php HTTP/1.1" 200 2389 www.swapmarket.fr "https://www.swapmarket.fr/users.php" "Mozilla/5.0 (Windows NT 10.0; Win64; x64) AppleWebKit/537.36 (KHTML, like Gecko) Chrome/114.0.0.0 Safari/537.36" "-"
2a04:cec0:1100:: - - [03/Jun/2023:23:13:03 +0200] "GET /php/users.php HTTP/1.1" 200 2401 swapmarket.fr "https://swapmarket.fr/chat.php?user_id=1345618028" "Mozilla/5.0 (Linux; Android 10; K) AppleWebKit/537.36 (KHTML, like Gecko) Chrome/113.0.0.0 Mobile Safari/537.36" "-"
2a01:cb04:1000:: - - [03/Jun/2023:23:13:03 +0200] "GET /php/users.php HTTP/1.1" 200 2375 swapmarket.fr "https://swapmarket.fr/chat.php?user_id=881293111" "Mozilla/5.0 (Windows NT 10.0; Win64; x64) AppleWebKit/537.36 (KHTML, like Gecko) Chrome/112.0.0.0 Safari/537.36 OPR/98.0.0.0" "-"
2a01:cb04:1000:: - - [03/Jun/2023:23:13:03 +0200] "POST /php/get-chat.php HTTP/1.1" 200 302 swapmarket.fr "https://swapmarket.fr/chat.php?user_id=881293111" "Mozilla/5.0 (Windows NT 10.0; Win64; x64) AppleWebKit/537.36 (KHTML, like Gecko) Chrome/112.0.0.0 Safari/537.36 OPR/98.0.0.0" "-"
2a01:cb04:1000:: - - [03/Jun/2023:23:13:03 +0200] "POST /php/insert-chat.php HTTP/1.1" 200 45 swapmarket.fr "https://swapmarket.fr/chat.php?user_id=881293111" "Mozilla/5.0 (Windows NT 10.0; Win64; x64) AppleWebKit/537.36 (KHTML, like Gecko) Chrome/112.0.0.0 Safari/537.36 OPR/98.0.0.0" "-"
2a04:cec0:1100:: - - [03/Jun/2023:23:13:03 +0200] "GET /php/users.php HTTP/1.1" 200 2399 swapmarket.fr "https://swapmarket.fr/chat.php?user_id=1345618028" "Mozilla/5.0 (Linux; Android 10; K) AppleWebKit/537.36 (KHTML, like Gecko) Chrome/113.0.0.0 Mobile Safari/537.36" "-"
2a04:cec0:1100:: - - [03/Jun/2023:23:13:03 +0200] "POST /php/get-chat.php HTTP/1.1" 200 354 swapmarket.fr "https://swapmarket.fr/chat.php?user_id=1345618028" "Mozilla/5.0 (Linux; Android 10; K) AppleWebKit/537.36 (KHTML, like Gecko) Chrome/113.0.0.0 Mobile Safari/537.36" "-"
46.193.5.0 - - [03/Jun/2023:23:13:03 +0200] "GET /php/users.php HTTP/1.1" 200 2389 www.swapmarket.fr "https://www.swapmarket.fr/users.php" "Mozilla/5.0 (Windows NT 10.0; Win64; x64) AppleWebKit/537.36 (KHTML, like Gecko) Chrome/114.0.0.0 Safari/537.36" "-"
2a01:cb04:1000:: - - [03/Jun/2023:23:13:03 +0200] "GET /php/users.php HTTP/1.1" 200 2383 swapmarket.fr "https://swapmarket.fr/chat.php?user_id=881293111" "Mozilla/5.0 (Windows NT 10.0; Win64; x64) AppleWebKit/537.36 (KHTML, like Gecko) Chrome/112.0.0.0 Safari/537.36 OPR/98.0.0.0" "-"
2a01:cb04:1000:: - - [03/Jun/2023:23:13:03 +0200] "POST /php/get-chat.php HTTP/1.1" 200 516 swapmarket.fr "https://swapmarket.fr/chat.php?user_id=881293111" "Mozilla/5.0 (Windows NT 10.0; Win64; x64) AppleWebKit/537.36 (KHTML, like Gecko) Chrome/112.0.0.0 Safari/537.36 OPR/98.0.0.0" "-"
2a04:cec0:1100:: - - [03/Jun/2023:23:13:04 +0200] "POST /php/get-chat.php HTTP/1.1" 200 354 swapmarket.fr "https://swapmarket.fr/chat.php?user_id=1345618028" "Mozilla/5.0 (Linux; Android 10; K) AppleWebKit/537.36 (KHTML, like Gecko) Chrome/113.0.0.0 Mobile Safari/537.36" "-"
46.193.5.0 - - [03/Jun/2023:23:13:04 +0200] "GET /php/users.php HTTP/1.1" 200 2389 www.swapmarket.fr "https://www.swapmarket.fr/users.php" "Mozilla/5.0 (Windows NT 10.0; Win64; x64) AppleWebKit/537.36 (KHTML, like Gecko) Chrome/114.0.0.0 Safari/537.36" "-"
2a04:cec0:1100:: - - [03/Jun/2023:23:13:04 +0200] "GET /php/users.php HTTP/1.1" 200 2399 swapmarket.fr "https://swapmarket.fr/chat.php?user_id=1345618028" "Mozilla/5.0 (Linux; Android 10; K) AppleWebKit/537.36 (KHTML, like Gecko) Chrome/113.0.0.0 Mobile Safari/537.36" "-"
2a01:cb04:1000:: - - [03/Jun/2023:23:13:04 +0200] "POST /php/get-chat.php HTTP/1.1" 200 516 swapmarket.fr "https://swapmarket.fr/chat.php?user_id=881293111" "Mozilla/5.0 (Windows NT 10.0; Win64; x64) AppleWebKit/537.36 (KHTML, like Gecko) Chrome/112.0.0.0 Safari/537.36 OPR/98.0.0.0" "-"
2a01:cb04:1000:: - - [03/Jun/2023:23:13:04 +0200] "GET /php/users.php HTTP/1.1" 200 2383 swapmarket.fr "https://swapmarket.fr/chat.php?user_id=881293111" "Mozilla/5.0 (Windows NT 10.0; Win64; x64) AppleWebKit/537.36 (KHTML, like Gecko) Chrome/112.0.0.0 Safari/537.36 OPR/98.0.0.0" "-"
2a04:cec0:1100:: - - [03/Jun/2023:23:13:04 +0200] "POST /php/get-chat.php HTTP/1.1" 200 354 swapmarket.fr "https://swapmarket.fr/chat.php?user_id=1345618028" "Mozilla/5.0 (Linux; Android 10; K) AppleWebKit/537.36 (KHTML, like Gecko) Chrome/113.0.0.0 Mobile Safari/537.36" "-"
2a04:cec0:1100:: - - [03/Jun/2023:23:13:04 +0200] "GET /php/users.php HTTP/1.1" 200 2399 swapmarket.fr "https://swapmarket.fr/chat.php?user_id=1345618028" "Mozilla/5.0 (Linux; Android 10; K) AppleWebKit/537.36 (KHTML, like Gecko) Chrome/113.0.0.0 Mobile Safari/537.36" "-"
46.193.5.0 - - [03/Jun/2023:23:13:04 +0200] "GET /php/users.php HTTP/1.1" 200 2389 www.swapmarket.fr "https://www.swapmarket.fr/users.php" "Mozilla/5.0 (Windows NT 10.0; Win64; x64) AppleWebKit/537.36 (KHTML, like Gecko) Chrome/114.0.0.0 Safari/537.36" "-"
2a01:cb04:1000:: - - [03/Jun/2023:23:13:04 +0200] "POST /php/get-chat.php HTTP/1.1" 200 516 swapmarket.fr "https://swapmarket.fr/chat.php?user_id=881293111" "Mozilla/5.0 (Windows NT 10.0; Win64; x64) AppleWebKit/537.36 (KHTML, like Gecko) Chrome/112.0.0.0 Safari/537.36 OPR/98.0.0.0" "-"
2a01:cb04:1000:: - - [03/Jun/2023:23:13:04 +0200] "GET /php/users.php HTTP/1.1" 200 2383 swapmarket.fr "https://swapmarket.fr/chat.php?user_id=881293111" "Mozilla/5.0 (Windows NT 10.0; Win64; x64) AppleWebKit/537.36 (KHTML, like Gecko) Chrome/112.0.0.0 Safari/537.36 OPR/98.0.0.0" "-"
46.193.5.0 - - [03/Jun/2023:23:13:05 +0200] "GET /php/users.php HTTP/1.1" 200 2389 www.swapmarket.fr "https://www.swapmarket.fr/users.php" "Mozilla/5.0 (Windows NT 10.0; Win64; x64) AppleWebKit/537.36 (KHTML, like Gecko) Chrome/114.0.0.0 Safari/537.36" "-"
2a04:cec0:1100:: - - [03/Jun/2023:23:13:05 +0200] "POST /php/get-chat.php HTTP/1.1" 200 354 swapmarket.fr "https://swapmarket.fr/chat.php?user_id=1345618028" "Mozilla/5.0 (Linux; Android 10; K) AppleWebKit/537.36 (KHTML, like Gecko) Chrome/113.0.0.0 Mobile Safari/537.36" "-"
2a04:cec0:1100:: - - [03/Jun/2023:23:13:05 +0200] "GET /php/users.php HTTP/1.1" 200 2399 swapmarket.fr "https://swapmarket.fr/chat.php?user_id=1345618028" "Mozilla/5.0 (Linux; Android 10; K) AppleWebKit/537.36 (KHTML, like Gecko) Chrome/113.0.0.0 Mobile Safari/537.36" "-"
2a01:cb04:1000:: - - [03/Jun/2023:23:13:05 +0200] "POST /php/get-chat.php HTTP/1.1" 200 516 swapmarket.fr "https://swapmarket.fr/chat.php?user_id=881293111" "Mozilla/5.0 (Windows NT 10.0; Win64; x64) AppleWebKit/537.36 (KHTML, like Gecko) Chrome/112.0.0.0 Safari/537.36 OPR/98.0.0.0" "-"
2a01:cb04:1000:: - - [03/Jun/2023:23:13:05 +0200] "GET /php/users.php HTTP/1.1" 200 2383 swapmarket.fr "https://swapmarket.fr/chat.php?user_id=881293111" "Mozilla/5.0 (Windows NT 10.0; Win64; x64) AppleWebKit/537.36 (KHTML, like Gecko) Chrome/112.0.0.0 Safari/537.36 OPR/98.0.0.0" "-"
2a04:cec0:1100:: - - [03/Jun/2023:23:13:05 +0200] "POST /php/get-chat.php HTTP/1.1" 200 354 swapmarket.fr "https://swapmarket.fr/chat.php?user_id=1345618028" "Mozilla/5.0 (Linux; Android 10; K) AppleWebKit/537.36 (KHTML, like Gecko) Chrome/113.0.0.0 Mobile Safari/537.36" "-"
2a04:cec0:1100:: - - [03/Jun/2023:23:13:05 +0200] "GET /php/users.php HTTP/1.1" 200 2399 swapmarket.fr "https://swapmarket.fr/chat.php?user_id=1345618028" "Mozilla/5.0 (Linux; Android 10; K) AppleWebKit/537.36 (KHTML, like Gecko) Chrome/113.0.0.0 Mobile Safari/537.36" "-"
46.193.5.0 - - [03/Jun/2023:23:13:05 +0200] "GET /php/users.php HTTP/1.1" 200 2389 www.swapmarket.fr "https://www.swapmarket.fr/users.php" "Mozilla/5.0 (Windows NT 10.0; Win64; x64) AppleWebKit/537.36 (KHTML, like Gecko) Chrome/114.0.0.0 Safari/537.36" "-"
2a01:cb04:1000:: - - [03/Jun/2023:23:13:05 +0200] "GET /php/users.php HTTP/1.1" 200 2383 swapmarket.fr "https://swapmarket.fr/chat.php?user_id=881293111" "Mozilla/5.0 (Windows NT 10.0; Win64; x64) AppleWebKit/537.36 (KHTML, like Gecko) Chrome/112.0.0.0 Safari/537.36 OPR/98.0.0.0" "-"
2a01:cb04:1000:: - - [03/Jun/2023:23:13:05 +0200] "POST /php/get-chat.php HTTP/1.1" 200 516 swapmarket.fr "https://swapmarket.fr/chat.php?user_id=881293111" "Mozilla/5.0 (Windows NT 10.0; Win64; x64) AppleWebKit/537.36 (KHTML, like Gecko) Chrome/112.0.0.0 Safari/537.36 OPR/98.0.0.0" "-"
2a04:cec0:1100:: - - [03/Jun/2023:23:13:06 +0200] "POST /php/get-chat.php HTTP/1.1" 200 354 swapmarket.fr "https://swapmarket.fr/chat.php?user_id=1345618028" "Mozilla/5.0 (Linux; Android 10; K) AppleWebKit/537.36 (KHTML, like Gecko) Chrome/113.0.0.0 Mobile Safari/537.36" "-"
2a04:cec0:1100:: - - [03/Jun/2023:23:13:06 +0200] "GET /php/users.php HTTP/1.1" 200 2399 swapmarket.fr "https://swapmarket.fr/chat.php?user_id=1345618028" "Mozilla/5.0 (Linux; Android 10; K) AppleWebKit/537.36 (KHTML, like Gecko) Chrome/113.0.0.0 Mobile Safari/537.36" "-"
46.193.5.0 - - [03/Jun/2023:23:13:06 +0200] "GET /php/users.php HTTP/1.1" 200 2389 www.swapmarket.fr "https://www.swapmarket.fr/users.php" "Mozilla/5.0 (Windows NT 10.0; Win64; x64) AppleWebKit/537.36 (KHTML, like Gecko) Chrome/114.0.0.0 Safari/537.36" "-"
2a01:cb04:1000:: - - [03/Jun/2023:23:13:06 +0200] "POST /php/get-chat.php HTTP/1.1" 200 516 swapmarket.fr "https://swapmarket.fr/chat.php?user_id=881293111" "Mozilla/5.0 (Windows NT 10.0; Win64; x64) AppleWebKit/537.36 (KHTML, like Gecko) Chrome/112.0.0.0 Safari/537.36 OPR/98.0.0.0" "-"
2a01:cb04:1000:: - - [03/Jun/2023:23:13:06 +0200] "GET /php/users.php HTTP/1.1" 200 2383 swapmarket.fr "https://swapmarket.fr/chat.php?user_id=881293111" "Mozilla/5.0 (Windows NT 10.0; Win64; x64) AppleWebKit/537.36 (KHTML, like Gecko) Chrome/112.0.0.0 Safari/537.36 OPR/98.0.0.0" "-"
2a04:cec0:1100:: - - [03/Jun/2023:23:13:06 +0200] "POST /php/insert-chat.php HTTP/1.1" 200 45 swapmarket.fr "https://swapmarket.fr/chat.php?user_id=1345618028" "Mozilla/5.0 (Linux; Android 10; K) AppleWebKit/537.36 (KHTML, like Gecko) Chrome/113.0.0.0 Mobile Safari/537.36" "-"
2a04:cec0:1100:: - - [03/Jun/2023:23:13:06 +0200] "POST /php/get-chat.php HTTP/1.1" 200 586 swapmarket.fr "https://swapmarket.fr/chat.php?user_id=1345618028" "Mozilla/5.0 (Linux; Android 10; K) AppleWebKit/537.36 (KHTML, like Gecko) Chrome/113.0.0.0 Mobile Safari/537.36" "-"
2a04:cec0:1100:: - - [03/Jun/2023:23:13:06 +0200] "GET /php/users.php HTTP/1.1" 200 2398 swapmarket.fr "https://swapmarket.fr/chat.php?user_id=1345618028" "Mozilla/5.0 (Linux; Android 10; K) AppleWebKit/537.36 (KHTML, like Gecko) Chrome/113.0.0.0 Mobile Safari/537.36" "-"
46.193.5.0 - - [03/Jun/2023:23:13:06 +0200] "GET /php/users.php HTTP/1.1" 200 2378 www.swapmarket.fr "https://www.swapmarket.fr/users.php" "Mozilla/5.0 (Windows NT 10.0; Win64; x64) AppleWebKit/537.36 (KHTML, like Gecko) Chrome/114.0.0.0 Safari/537.36" "-"
2a01:cb04:1000:: - - [03/Jun/2023:23:13:06 +0200] "POST /php/get-chat.php HTTP/1.1" 200 516 swapmarket.fr "https://swapmarket.fr/chat.php?user_id=881293111" "Mozilla/5.0 (Windows NT 10.0; Win64; x64) AppleWebKit/537.36 (KHTML, like Gecko) Chrome/112.0.0.0 Safari/537.36 OPR/98.0.0.0" "-"
2a01:cb04:1000:: - - [03/Jun/2023:23:13:06 +0200] "GET /php/users.php HTTP/1.1" 200 2383 swapmarket.fr "https://swapmarket.fr/chat.php?user_id=881293111" "Mozilla/5.0 (Windows NT 10.0; Win64; x64) AppleWebKit/537.36 (KHTML, like Gecko) Chrome/112.0.0.0 Safari/537.36 OPR/98.0.0.0" "-"
2a04:cec0:1100:: - - [03/Jun/2023:23:13:06 +0200] "POST /php/insert-chat.php HTTP/1.1" 200 11 swapmarket.fr "https://swapmarket.fr/chat.php?user_id=1345618028" "Mozilla/5.0 (Linux; Android 10; K) AppleWebKit/537.36 (KHTML, like Gecko) Chrome/113.0.0.0 Mobile Safari/537.36" "-"
2a04:cec0:1100:: - - [03/Jun/2023:23:13:07 +0200] "GET /php/users.php HTTP/1.1" 200 2398 swapmarket.fr "https://swapmarket.fr/chat.php?user_id=1345618028" "Mozilla/5.0 (Linux; Android 10; K) AppleWebKit/537.36 (KHTML, like Gecko) Chrome/113.0.0.0 Mobile Safari/537.36" "-"
2a04:cec0:1100:: - - [03/Jun/2023:23:13:07 +0200] "POST /php/get-chat.php HTTP/1.1" 200 586 swapmarket.fr "https://swapmarket.fr/chat.php?user_id=1345618028" "Mozilla/5.0 (Linux; Android 10; K) AppleWebKit/537.36 (KHTML, like Gecko) Chrome/113.0.0.0 Mobile Safari/537.36" "-"
46.193.5.0 - - [03/Jun/2023:23:13:07 +0200] "GET /php/users.php HTTP/1.1" 200 2378 www.swapmarket.fr "https://www.swapmarket.fr/users.php" "Mozilla/5.0 (Windows NT 10.0; Win64; x64) AppleWebKit/537.36 (KHTML, like Gecko) Chrome/114.0.0.0 Safari/537.36" "-"
2a01:cb04:1000:: - - [03/Jun/2023:23:13:07 +0200] "GET /php/users.php HTTP/1.1" 200 2383 swapmarket.fr "https://swapmarket.fr/chat.php?user_id=881293111" "Mozilla/5.0 (Windows NT 10.0; Win64; x64) AppleWebKit/537.36 (KHTML, like Gecko) Chrome/112.0.0.0 Safari/537.36 OPR/98.0.0.0" "-"
2a01:cb04:1000:: - - [03/Jun/2023:23:13:07 +0200] "POST /php/get-chat.php HTTP/1.1" 200 516 swapmarket.fr "https://swapmarket.fr/chat.php?user_id=881293111" "Mozilla/5.0 (Windows NT 10.0; Win64; x64) AppleWebKit/537.36 (KHTML, like Gecko) Chrome/112.0.0.0 Safari/537.36 OPR/98.0.0.0" "-"
2a04:cec0:1100:: - - [03/Jun/2023:23:13:07 +0200] "POST /php/get-chat.php HTTP/1.1" 200 586 swapmarket.fr "https://swapmarket.fr/chat.php?user_id=1345618028" "Mozilla/5.0 (Linux; Android 10; K) AppleWebKit/537.36 (KHTML, like Gecko) Chrome/113.0.0.0 Mobile Safari/537.36" "-"
2a04:cec0:1100:: - - [03/Jun/2023:23:13:07 +0200] "GET /php/users.php HTTP/1.1" 200 2398 swapmarket.fr "https://swapmarket.fr/chat.php?user_id=1345618028" "Mozilla/5.0 (Linux; Android 10; K) AppleWebKit/537.36 (KHTML, like Gecko) Chrome/113.0.0.0 Mobile Safari/537.36" "-"
46.193.5.0 - - [03/Jun/2023:23:13:07 +0200] "GET /php/users.php HTTP/1.1" 200 2378 www.swapmarket.fr "https://www.swapmarket.fr/users.php" "Mozilla/5.0 (Windows NT 10.0; Win64; x64) AppleWebKit/537.36 (KHTML, like Gecko) Chrome/114.0.0.0 Safari/537.36" "-"
2a01:cb04:1000:: - - [03/Jun/2023:23:13:07 +0200] "GET /php/users.php HTTP/1.1" 200 2383 swapmarket.fr "https://swapmarket.fr/chat.php?user_id=881293111" "Mozilla/5.0 (Windows NT 10.0; Win64; x64) AppleWebKit/537.36 (KHTML, like Gecko) Chrome/112.0.0.0 Safari/537.36 OPR/98.0.0.0" "-"
2a01:cb04:1000:: - - [03/Jun/2023:23:13:07 +0200] "POST /php/get-chat.php HTTP/1.1" 200 516 swapmarket.fr "https://swapmarket.fr/chat.php?user_id=881293111" "Mozilla/5.0 (Windows NT 10.0; Win64; x64) AppleWebKit/537.36 (KHTML, like Gecko) Chrome/112.0.0.0 Safari/537.36 OPR/98.0.0.0" "-"
46.193.5.0 - - [03/Jun/2023:23:13:08 +0200] "GET /php/users.php HTTP/1.1" 200 2378 www.swapmarket.fr "https://www.swapmarket.fr/users.php" "Mozilla/5.0 (Windows NT 10.0; Win64; x64) AppleWebKit/537.36 (KHTML, like Gecko) Chrome/114.0.0.0 Safari/537.36" "-"
2a01:cb04:1000:: - - [03/Jun/2023:23:13:08 +0200] "POST /php/get-chat.php HTTP/1.1" 200 516 swapmarket.fr "https://swapmarket.fr/chat.php?user_id=881293111" "Mozilla/5.0 (Windows NT 10.0; Win64; x64) AppleWebKit/537.36 (KHTML, like Gecko) Chrome/112.0.0.0 Safari/537.36 OPR/98.0.0.0" "-"
2a01:cb04:1000:: - - [03/Jun/2023:23:13:08 +0200] "GET /php/users.php HTTP/1.1" 200 2383 swapmarket.fr "https://swapmarket.fr/chat.php?user_id=881293111" "Mozilla/5.0 (Windows NT 10.0; Win64; x64) AppleWebKit/537.36 (KHTML, like Gecko) Chrome/112.0.0.0 Safari/537.36 OPR/98.0.0.0" "-"
2a04:cec0:1100:: - - [03/Jun/2023:23:13:08 +0200] "GET /php/users.php HTTP/1.1" 200 2398 swapmarket.fr "https://swapmarket.fr/chat.php?user_id=1345618028" "Mozilla/5.0 (Linux; Android 10; K) AppleWebKit/537.36 (KHTML, like Gecko) Chrome/113.0.0.0 Mobile Safari/537.36" "-"
2a04:cec0:1100:: - - [03/Jun/2023:23:13:08 +0200] "POST /php/get-chat.php HTTP/1.1" 200 586 swapmarket.fr "https://swapmarket.fr/chat.php?user_id=1345618028" "Mozilla/5.0 (Linux; Android 10; K) AppleWebKit/537.36 (KHTML, like Gecko) Chrome/113.0.0.0 Mobile Safari/537.36" "-"
2a04:cec0:1100:: - - [03/Jun/2023:23:13:08 +0200] "POST /php/get-chat.php HTTP/1.1" 200 586 swapmarket.fr "https://swapmarket.fr/chat.php?user_id=1345618028" "Mozilla/5.0 (Linux; Android 10; K) AppleWebKit/537.36 (KHTML, like Gecko) Chrome/113.0.0.0 Mobile Safari/537.36" "-"
2a04:cec0:1100:: - - [03/Jun/2023:23:13:08 +0200] "GET /php/users.php HTTP/1.1" 200 2398 swapmarket.fr "https://swapmarket.fr/chat.php?user_id=1345618028" "Mozilla/5.0 (Linux; Android 10; K) AppleWebKit/537.36 (KHTML, like Gecko) Chrome/113.0.0.0 Mobile Safari/537.36" "-"
46.193.5.0 - - [03/Jun/2023:23:13:08 +0200] "GET /php/users.php HTTP/1.1" 200 2378 www.swapmarket.fr "https://www.swapmarket.fr/users.php" "Mozilla/5.0 (Windows NT 10.0; Win64; x64) AppleWebKit/537.36 (KHTML, like Gecko) Chrome/114.0.0.0 Safari/537.36" "-"
2a01:cb04:1000:: - - [03/Jun/2023:23:13:08 +0200] "GET /php/users.php HTTP/1.1" 200 2383 swapmarket.fr "https://swapmarket.fr/chat.php?user_id=881293111" "Mozilla/5.0 (Windows NT 10.0; Win64; x64) AppleWebKit/537.36 (KHTML, like Gecko) Chrome/112.0.0.0 Safari/537.36 OPR/98.0.0.0" "-"
2a01:cb04:1000:: - - [03/Jun/2023:23:13:08 +0200] "POST /php/get-chat.php HTTP/1.1" 200 516 swapmarket.fr "https://swapmarket.fr/chat.php?user_id=881293111" "Mozilla/5.0 (Windows NT 10.0; Win64; x64) AppleWebKit/537.36 (KHTML, like Gecko) Chrome/112.0.0.0 Safari/537.36 OPR/98.0.0.0" "-"
2a04:cec0:1100:: - - [03/Jun/2023:23:13:09 +0200] "POST /php/get-chat.php HTTP/1.1" 200 586 swapmarket.fr "https://swapmarket.fr/chat.php?user_id=1345618028" "Mozilla/5.0 (Linux; Android 10; K) AppleWebKit/537.36 (KHTML, like Gecko) Chrome/113.0.0.0 Mobile Safari/537.36" "-"
46.193.5.0 - - [03/Jun/2023:23:13:09 +0200] "GET /php/users.php HTTP/1.1" 200 2378 www.swapmarket.fr "https://www.swapmarket.fr/users.php" "Mozilla/5.0 (Windows NT 10.0; Win64; x64) AppleWebKit/537.36 (KHTML, like Gecko) Chrome/114.0.0.0 Safari/537.36" "-"
2a04:cec0:1100:: - - [03/Jun/2023:23:13:09 +0200] "GET /php/users.php HTTP/1.1" 200 2398 swapmarket.fr "https://swapmarket.fr/chat.php?user_id=1345618028" "Mozilla/5.0 (Linux; Android 10; K) AppleWebKit/537.36 (KHTML, like Gecko) Chrome/113.0.0.0 Mobile Safari/537.36" "-"
2a01:cb04:1000:: - - [03/Jun/2023:23:13:09 +0200] "GET /php/users.php HTTP/1.1" 200 2383 swapmarket.fr "https://swapmarket.fr/chat.php?user_id=881293111" "Mozilla/5.0 (Windows NT 10.0; Win64; x64) AppleWebKit/537.36 (KHTML, like Gecko) Chrome/112.0.0.0 Safari/537.36 OPR/98.0.0.0" "-"
2a01:cb04:1000:: - - [03/Jun/2023:23:13:09 +0200] "POST /php/get-chat.php HTTP/1.1" 200 516 swapmarket.fr "https://swapmarket.fr/chat.php?user_id=881293111" "Mozilla/5.0 (Windows NT 10.0; Win64; x64) AppleWebKit/537.36 (KHTML, like Gecko) Chrome/112.0.0.0 Safari/537.36 OPR/98.0.0.0" "-"
2a04:cec0:1100:: - - [03/Jun/2023:23:13:09 +0200] "POST /php/get-chat.php HTTP/1.1" 200 586 swapmarket.fr "https://swapmarket.fr/chat.php?user_id=1345618028" "Mozilla/5.0 (Linux; Android 10; K) AppleWebKit/537.36 (KHTML, like Gecko) Chrome/113.0.0.0 Mobile Safari/537.36" "-"
2a04:cec0:1100:: - - [03/Jun/2023:23:13:09 +0200] "GET /php/users.php HTTP/1.1" 200 2398 swapmarket.fr "https://swapmarket.fr/chat.php?user_id=1345618028" "Mozilla/5.0 (Linux; Android 10; K) AppleWebKit/537.36 (KHTML, like Gecko) Chrome/113.0.0.0 Mobile Safari/537.36" "-"
46.193.5.0 - - [03/Jun/2023:23:13:09 +0200] "GET /php/users.php HTTP/1.1" 200 2378 www.swapmarket.fr "https://www.swapmarket.fr/users.php" "Mozilla/5.0 (Windows NT 10.0; Win64; x64) AppleWebKit/537.36 (KHTML, like Gecko) Chrome/114.0.0.0 Safari/537.36" "-"
2a01:cb04:1000:: - - [03/Jun/2023:23:13:09 +0200] "GET /php/users.php HTTP/1.1" 200 2383 swapmarket.fr "https://swapmarket.fr/chat.php?user_id=881293111" "Mozilla/5.0 (Windows NT 10.0; Win64; x64) AppleWebKit/537.36 (KHTML, like Gecko) Chrome/112.0.0.0 Safari/537.36 OPR/98.0.0.0" "-"
2a01:cb04:1000:: - - [03/Jun/2023:23:13:09 +0200] "POST /php/get-chat.php HTTP/1.1" 200 516 swapmarket.fr "https://swapmarket.fr/chat.php?user_id=881293111" "Mozilla/5.0 (Windows NT 10.0; Win64; x64) AppleWebKit/537.36 (KHTML, like Gecko) Chrome/112.0.0.0 Safari/537.36 OPR/98.0.0.0" "-"
2a04:cec0:1100:: - - [03/Jun/2023:23:13:10 +0200] "GET /php/users.php HTTP/1.1" 200 2398 swapmarket.fr "https://swapmarket.fr/chat.php?user_id=1345618028" "Mozilla/5.0 (Linux; Android 10; K) AppleWebKit/537.36 (KHTML, like Gecko) Chrome/113.0.0.0 Mobile Safari/537.36" "-"
2a04:cec0:1100:: - - [03/Jun/2023:23:13:10 +0200] "POST /php/get-chat.php HTTP/1.1" 200 586 swapmarket.fr "https://swapmarket.fr/chat.php?user_id=1345618028" "Mozilla/5.0 (Linux; Android 10; K) AppleWebKit/537.36 (KHTML, like Gecko) Chrome/113.0.0.0 Mobile Safari/537.36" "-"
46.193.5.0 - - [03/Jun/2023:23:13:10 +0200] "GET /php/users.php HTTP/1.1" 200 2378 www.swapmarket.fr "https://www.swapmarket.fr/users.php" "Mozilla/5.0 (Windows NT 10.0; Win64; x64) AppleWebKit/537.36 (KHTML, like Gecko) Chrome/114.0.0.0 Safari/537.36" "-"
2a01:cb04:1000:: - - [03/Jun/2023:23:13:10 +0200] "GET /php/users.php HTTP/1.1" 200 2383 swapmarket.fr "https://swapmarket.fr/chat.php?user_id=881293111" "Mozilla/5.0 (Windows NT 10.0; Win64; x64) AppleWebKit/537.36 (KHTML, like Gecko) Chrome/112.0.0.0 Safari/537.36 OPR/98.0.0.0" "-"
2a01:cb04:1000:: - - [03/Jun/2023:23:13:10 +0200] "POST /php/get-chat.php HTTP/1.1" 200 516 swapmarket.fr "https://swapmarket.fr/chat.php?user_id=881293111" "Mozilla/5.0 (Windows NT 10.0; Win64; x64) AppleWebKit/537.36 (KHTML, like Gecko) Chrome/112.0.0.0 Safari/537.36 OPR/98.0.0.0" "-"
